 zlibwapi

 Timestamp is 63fed8a8 (Tue Feb 28 20:46:32 2023)

 Preferred load address is 0000000180000000

 Start         Length     Name                   Class
 0001:00000000 0002d570H .text$mn                CODE
 0001:0002d570 00001040H .text$mn$00             CODE
 0001:0002e5b0 0000110fH .text$x                 CODE
 0002:00000000 00000110H .CRT$XCA                DATA
 0002:00000110 00000110H .CRT$XCZ                DATA
 0002:00000220 00000110H .CRT$XIA                DATA
 0002:00000330 00000110H .CRT$XIZ                DATA
 0002:00000440 00000110H .CRT$XPA                DATA
 0002:00000550 00000110H .CRT$XPZ                DATA
 0002:00000660 00000110H .CRT$XTA                DATA
 0002:00000770 00000110H .CRT$XTZ                DATA
 0002:00000880 00005980H .rdata                  DATA
 0002:00006200 00000200H .rdata$CastGuardVftablesA DATA
 0002:00006400 0000019cH .rdata$CastGuardVftablesC DATA
 0002:0000659c 000001dcH .rdata$zzzdbg           DATA
 0002:00006778 00000110H .rtc$IAA                DATA
 0002:00006888 00000110H .rtc$IZZ                DATA
 0002:00006998 00000110H .rtc$TAA                DATA
 0002:00006aa8 00000110H .rtc$TZZ                DATA
 0002:00006bb8 00000e58H .xdata                  DATA
 0002:00007a10 000010f7H .edata                  DATA
 0003:00000000 000009d0H .data                   DATA
 0003:000009d0 00000761H .bss                    DATA
 0004:00000000 0000123cH .pdata                  DATA
 0005:00000000 00000398H .idata$5                DATA
 0005:00000398 0000003cH .idata$2                DATA
 0005:000003d4 00000014H .idata$3                DATA
 0005:000003e8 00000398H .idata$4                DATA
 0005:00000780 00000628H .idata$6                DATA
 0006:00000000 00000175H .00cfg                  DATA
 0007:00000000 00000170H .rsrc$01                DATA
 0007:00000170 000004dcH .rsrc$02                DATA

  Address         Publics by Value              Rva+Base               Lib:Object

 0000:00000000       __AbsoluteZero             0000000000000000     <absolute>
 0000:00000000       ___safe_se_handler_count   0000000000000000     <absolute>
 0000:00000000       ___safe_se_handler_table   0000000000000000     <absolute>
 0000:00000000       __arm64x_extra_rfe_table   0000000000000000     <absolute>
 0000:00000000       __arm64x_extra_rfe_table_size 0000000000000000     <absolute>
 0000:00000000       __arm64x_native_entrypoint 0000000000000000     <absolute>
 0000:00000000       __arm64x_redirection_metadata 0000000000000000     <absolute>
 0000:00000000       __arm64x_redirection_metadata_count 0000000000000000     <absolute>
 0000:00000000       __dynamic_value_reloc_table 0000000000000000     <absolute>
 0000:00000000       __enclave_config           0000000000000000     <absolute>
 0000:00000000       __guard_check_icall_a64n_fptr 0000000000000000     <absolute>
 0000:00000000       __guard_eh_cont_count      0000000000000000     <absolute>
 0000:00000000       __guard_eh_cont_table      0000000000000000     <absolute>
 0000:00000000       __guard_fids_count         0000000000000000     <absolute>
 0000:00000000       __guard_fids_table         0000000000000000     <absolute>
 0000:00000000       __guard_iat_count          0000000000000000     <absolute>
 0000:00000000       __guard_iat_table          0000000000000000     <absolute>
 0000:00000000       __guard_longjmp_count      0000000000000000     <absolute>
 0000:00000000       __guard_longjmp_table      0000000000000000     <absolute>
 0000:00000000       __hybrid_auxiliary_iat     0000000000000000     <absolute>
 0000:00000000       __hybrid_auxiliary_iat_copy 0000000000000000     <absolute>
 0000:00000000       __hybrid_code_map          0000000000000000     <absolute>
 0000:00000000       __hybrid_code_map_count    0000000000000000     <absolute>
 0000:00000000       __volatile_metadata        0000000000000000     <absolute>
 0000:00000000       __x64_code_ranges_to_entry_points 0000000000000000     <absolute>
 0000:00000000       __x64_code_ranges_to_entry_points_count 0000000000000000     <absolute>
 0000:00000100       __guard_flags              0000000000000100     <absolute>
 0000:00000000       __ImageBase                0000000180000000     <linker-defined>
 0001:00000a50       adler32                    0000000180001a50 f   adler32.obj
 0001:00000a90       adler32_z                  0000000180001a90 f   adler32.obj
 0001:000012a0       adler32_combine            00000001800022a0 f   adler32.obj
 0001:00001410       adler32_combine64          0000000180002410 f   adler32.obj
 0001:000016c0       compress                   00000001800026c0 f   compress.obj
 0001:00001710       compress2                  0000000180002710 f   compress.obj
 0001:000018d0       compressBound              00000001800028d0 f   compress.obj
 0001:00001990       crc32                      0000000180002990 f   crc32.obj
 0001:000019d0       crc32_z                    00000001800029d0 f   crc32.obj
 0001:00002630       crc32_combine_op           0000000180003630 f   crc32.obj
 0001:00002660       crc32_combine              0000000180003660 f   crc32.obj
 0001:000026a0       crc32_combine_gen          00000001800036a0 f   crc32.obj
 0001:000026c0       get_crc_table              00000001800036c0 f   crc32.obj
 0001:00002900       crc32_combine64            0000000180003900 f   crc32.obj
 0001:00002940       crc32_combine_gen64        0000000180003940 f   crc32.obj
 0001:00002d50       deflate                    0000000180003d50 f   deflate.obj
 0001:00004280       deflateEnd                 0000000180005280 f   deflate.obj
 0001:000043c0       deflateSetDictionary       00000001800053c0 f   deflate.obj
 0001:00004740       deflateGetDictionary       0000000180005740 f   deflate.obj
 0001:00004820       deflateCopy                0000000180005820 f   deflate.obj
 0001:00004af0       deflateReset               0000000180005af0 f   deflate.obj
 0001:00004b30       deflateParams              0000000180005b30 f   deflate.obj
 0001:00004da0       deflateTune                0000000180005da0 f   deflate.obj
 0001:00004e30       deflateBound               0000000180005e30 f   deflate.obj
 0001:000050a0       deflatePending             00000001800060a0 f   deflate.obj
 0001:00005110       deflatePrime               0000000180006110 f   deflate.obj
 0001:00005250       deflateSetHeader           0000000180006250 f   deflate.obj
 0001:000052b0       deflateInit_               00000001800062b0 f   deflate.obj
 0001:00005310       deflateInit2_              0000000180006310 f   deflate.obj
 0001:00005790       deflateResetKeep           0000000180006790 f   deflate.obj
 0001:0000b4b0       gzclose                    000000018000c4b0 f   gzclose.obj
 0001:0000b520       gzdopen                    000000018000c520 f   gzlib.obj
 0001:0000b5a0       gzbuffer                   000000018000c5a0 f   gzlib.obj
 0001:0000b640       gzrewind                   000000018000c640 f   gzlib.obj
 0001:0000b6d0       gzeof                      000000018000c6d0 f   gzlib.obj
 0001:0000b740       gzerror                    000000018000c740 f   gzlib.obj
 0001:0000b800       gzclearerr                 000000018000c800 f   gzlib.obj
 0001:0000b880       gzopen                     000000018000c880 f   gzlib.obj
 0001:0000b8b0       gzseek                     000000018000c8b0 f   gzlib.obj
 0001:0000b910       gztell                     000000018000c910 f   gzlib.obj
 0001:0000b960       gzoffset                   000000018000c960 f   gzlib.obj
 0001:0000b9b0       gzopen_w                   000000018000c9b0 f   gzlib.obj
 0001:0000b9e0       gzopen64                   000000018000c9e0 f   gzlib.obj
 0001:0000ba10       gzseek64                   000000018000ca10 f   gzlib.obj
 0001:0000bd20       gztell64                   000000018000cd20 f   gzlib.obj
 0001:0000bda0       gzoffset64                 000000018000cda0 f   gzlib.obj
 0001:0000be60       gz_error                   000000018000ce60 f   gzlib.obj
 0001:0000c960       __local_stdio_printf_options 000000018000d960 f i gzlib.obj
 0001:0000c970       snprintf                   000000018000d970 f i gzlib.obj
 0001:0000c9e0       vsnprintf                  000000018000d9e0 f i gzlib.obj
 0001:0000ca80       gzread                     000000018000da80 f   gzread.obj
 0001:0000cb50       gzfread                    000000018000db50 f   gzread.obj
 0001:0000cc40       gzgets                     000000018000dc40 f   gzread.obj
 0001:0000ce70       gzgetc                     000000018000de70 f   gzread.obj
 0001:0000cf70       gzungetc                   000000018000df70 f   gzread.obj
 0001:0000d1c0       gzdirect                   000000018000e1c0 f   gzread.obj
 0001:0000d220       gzclose_r                  000000018000e220 f   gzread.obj
 0001:0000d330       gzgetc_                    000000018000e330 f   gzread.obj
 0001:0000e350       gzsetparams                000000018000f350 f   gzwrite.obj
 0001:0000e480       gzwrite                    000000018000f480 f   gzwrite.obj
 0001:0000e510       gzfwrite                   000000018000f510 f   gzwrite.obj
 0001:0000e5f0       gzprintf                   000000018000f5f0 f   gzwrite.obj
 0001:0000e650       gzputs                     000000018000f650 f   gzwrite.obj
 0001:0000e720       gzputc                     000000018000f720 f   gzwrite.obj
 0001:0000e8a0       gzflush                    000000018000f8a0 f   gzwrite.obj
 0001:0000e960       gzclose_w                  000000018000f960 f   gzwrite.obj
 0001:0000eaa0       gzvprintf                  000000018000faa0 f   gzwrite.obj
 0001:0000fa10       inflateBack                0000000180010a10 f   infback.obj
 0001:00011690       inflateBackEnd             0000000180012690 f   infback.obj
 0001:00011700       inflateBackInit_           0000000180012700 f   infback.obj
 0001:00012080       inflate_fast               0000000180013080 f   inffast.obj
 0001:00012f10       inflate                    0000000180013f10 f   inflate.obj
 0001:00015db0       inflateEnd                 0000000180016db0 f   inflate.obj
 0001:00015e40       inflateSetDictionary       0000000180016e40 f   inflate.obj
 0001:00015f40       inflateGetDictionary       0000000180016f40 f   inflate.obj
 0001:00016020       inflateSync                0000000180017020 f   inflate.obj
 0001:00016270       inflateCopy                0000000180017270 f   inflate.obj
 0001:000164d0       inflateReset               00000001800174d0 f   inflate.obj
 0001:00016540       inflateReset2              0000000180017540 f   inflate.obj
 0001:00016650       inflatePrime               0000000180017650 f   inflate.obj
 0001:00016730       inflateMark                0000000180017730 f   inflate.obj
 0001:000167d0       inflateGetHeader           00000001800177d0 f   inflate.obj
 0001:00016840       inflateInit_               0000000180017840 f   inflate.obj
 0001:00016880       inflateInit2_              0000000180017880 f   inflate.obj
 0001:000169f0       inflateSyncPoint           00000001800179f0 f   inflate.obj
 0001:00016a60       inflateUndermine           0000000180017a60 f   inflate.obj
 0001:00016ab0       inflateValidate            0000000180017ab0 f   inflate.obj
 0001:00016b30       inflateCodesUsed           0000000180017b30 f   inflate.obj
 0001:00016b90       inflateResetKeep           0000000180017b90 f   inflate.obj
 0001:00018120       inflate_table              0000000180019120 f   inftrees.obj
 0001:00018b00       fill_fopen64_filefunc      0000000180019b00 f   ioapi.obj
 0001:00018b90       fill_fopen_filefunc        0000000180019b90 f   ioapi.obj
 0001:00018c20       call_zopen64               0000000180019c20 f   ioapi.obj
 0001:00018c90       call_zseek64               0000000180019c90 f   ioapi.obj
 0001:00018d20       call_ztell64               0000000180019d20 f   ioapi.obj
 0001:00018d90       fill_zlib_filefunc64_32_def_from_filefunc32 0000000180019d90 f   ioapi.obj
 0001:00019440       fill_win32_filefunc        000000018001a440 f   iowin32.obj
 0001:000194d0       fill_win32_filefunc64      000000018001a4d0 f   iowin32.obj
 0001:00019560       fill_win32_filefunc64A     000000018001a560 f   iowin32.obj
 0001:000195f0       fill_win32_filefunc64W     000000018001a5f0 f   iowin32.obj
 0001:00019680       win32_open_file_func       000000018001a680 f   iowin32.obj
 0001:00019730       win32_read_file_func       000000018001a730 f   iowin32.obj
 0001:000197e0       win32_write_file_func      000000018001a7e0 f   iowin32.obj
 0001:00019890       win32_tell64_file_func     000000018001a890 f   iowin32.obj
 0001:00019930       win32_seek64_file_func     000000018001a930 f   iowin32.obj
 0001:00019a20       win32_close_file_func      000000018001aa20 f   iowin32.obj
 0001:00019a80       win32_error_file_func      000000018001aa80 f   iowin32.obj
 0001:00019c10       win32_open64_file_func     000000018001ac10 f   iowin32.obj
 0001:00019cc0       win32_open64_file_funcA    000000018001acc0 f   iowin32.obj
 0001:00019d70       win32_open64_file_funcW    000000018001ad70 f   iowin32.obj
 0001:00019ec0       win32_tell_file_func       000000018001aec0 f   iowin32.obj
 0001:00019f60       win32_seek_file_func       000000018001af60 f   iowin32.obj
 0001:0001a350       _tr_init                   000000018001b350 f   trees.obj
 0001:0001a410       _tr_tally                  000000018001b410 f   trees.obj
 0001:0001a600       _tr_flush_block            000000018001b600 f   trees.obj
 0001:0001aa80       _tr_flush_bits             000000018001ba80 f   trees.obj
 0001:0001aaa0       _tr_align                  000000018001baa0 f   trees.obj
 0001:0001adb0       _tr_stored_block           000000018001bdb0 f   trees.obj
 0001:0001f0c0       uncompress                 00000001800200c0 f   uncompr.obj
 0001:0001f100       uncompress2                0000000180020100 f   uncompr.obj
 0001:0001f3f0       unzStringFileNameCompare   00000001800203f0 f   unzip.obj
 0001:0001f450       unzOpen                    0000000180020450 f   unzip.obj
 0001:0001f480       unzOpen64                  0000000180020480 f   unzip.obj
 0001:0001f4b0       unzOpen2                   00000001800204b0 f   unzip.obj
 0001:0001f520       unzOpen2_64                0000000180020520 f   unzip.obj
 0001:0001f5b0       unzClose                   00000001800205b0 f   unzip.obj
 0001:0001f620       unzGetGlobalInfo           0000000180020620 f   unzip.obj
 0001:0001f670       unzGetGlobalInfo64         0000000180020670 f   unzip.obj
 0001:0001f6c0       unzGetGlobalComment        00000001800206c0 f   unzip.obj
 0001:0001f7c0       unzGoToFirstFile           00000001800207c0 f   unzip.obj
 0001:0001f8b0       unzGoToNextFile            00000001800208b0 f   unzip.obj
 0001:0001fa10       unzLocateFile              0000000180020a10 f   unzip.obj
 0001:0001fbe0       unzGetFilePos              0000000180020be0 f   unzip.obj
 0001:0001fc30       unzGoToFilePos             0000000180020c30 f   unzip.obj
 0001:0001fc80       unzGetFilePos64            0000000180020c80 f   unzip.obj
 0001:0001fd00       unzGoToFilePos64           0000000180020d00 f   unzip.obj
 0001:0001fdf0       unzGetCurrentFileInfo64    0000000180020df0 f   unzip.obj
 0001:0001fe70       unzGetCurrentFileInfo      0000000180020e70 f   unzip.obj
 0001:00020020       unzGetCurrentFileZStreamPos64 0000000180021020 f   unzip.obj
 0001:00020080       unzOpenCurrentFile         0000000180021080 f   unzip.obj
 0001:000200b0       unzOpenCurrentFilePassword 00000001800210b0 f   unzip.obj
 0001:000200f0       unzOpenCurrentFile2        00000001800210f0 f   unzip.obj
 0001:00020140       unzOpenCurrentFile3        0000000180021140 f   unzip.obj
 0001:00020550       unzCloseCurrentFile        0000000180021550 f   unzip.obj
 0001:00020650       unzReadCurrentFile         0000000180021650 f   unzip.obj
 0001:00020c00       unztell                    0000000180021c00 f   unzip.obj
 0001:00020c60       unztell64                  0000000180021c60 f   unzip.obj
 0001:00020cc0       unzeof                     0000000180021cc0 f   unzip.obj
 0001:00020d30       unzGetLocalExtrafield      0000000180021d30 f   unzip.obj
 0001:00020e70       unzGetOffset64             0000000180021e70 f   unzip.obj
 0001:00020ef0       unzGetOffset               0000000180021ef0 f   unzip.obj
 0001:00020f30       unzSetOffset64             0000000180021f30 f   unzip.obj
 0001:00021020       unzSetOffset               0000000180022020 f   unzip.obj
 0001:00023c10       zipOpen                    0000000180024c10 f   zip.obj
 0001:00023c40       zipOpen64                  0000000180024c40 f   zip.obj
 0001:00023c70       zipOpen2                   0000000180024c70 f   zip.obj
 0001:00023d00       zipOpen2_64                0000000180024d00 f   zip.obj
 0001:00023db0       zipOpen3                   0000000180024db0 f   zip.obj
 0001:00023fc0       zipOpenNewFileInZip        0000000180024fc0 f   zip.obj
 0001:000240b0       zipOpenNewFileInZip64      00000001800250b0 f   zip.obj
 0001:000241a0       zipOpenNewFileInZip2       00000001800251a0 f   zip.obj
 0001:00024290       zipOpenNewFileInZip2_64    0000000180025290 f   zip.obj
 0001:00024380       zipOpenNewFileInZip3       0000000180025380 f   zip.obj
 0001:00024480       zipOpenNewFileInZip3_64    0000000180025480 f   zip.obj
 0001:00024580       zipOpenNewFileInZip4       0000000180025580 f   zip.obj
 0001:00024680       zipOpenNewFileInZip4_64    0000000180025680 f   zip.obj
 0001:00024ff0       zipWriteInFileInZip        0000000180025ff0 f   zip.obj
 0001:000252b0       zipCloseFileInZip          00000001800262b0 f   zip.obj
 0001:000252e0       zipCloseFileInZipRaw       00000001800262e0 f   zip.obj
 0001:00025320       zipCloseFileInZipRaw64     0000000180026320 f   zip.obj
 0001:00025b10       zipClose                   0000000180026b10 f   zip.obj
 0001:00025d60       zipRemoveExtraInfoBlock    0000000180026d60 f   zip.obj
 0001:00029700       zlibVersion                000000018002a700 f   zutil.obj
 0001:00029710       zlibCompileFlags           000000018002a710 f   zutil.obj
 0001:00029840       zError                     000000018002a840 f   zutil.obj
 0001:00029870       zcalloc                    000000018002a870 f   zutil.obj
 0001:000298a0       zcfree                     000000018002a8a0 f   zutil.obj
 0001:0002992d       CreateFileA                000000018002a92d f   kernel32:KERNEL32.dll
 0001:00029933       CreateFileW                000000018002a933 f   kernel32:KERNEL32.dll
 0001:00029939       ReadFile                   000000018002a939 f   kernel32:KERNEL32.dll
 0001:0002993f       SetFilePointer             000000018002a93f f   kernel32:KERNEL32.dll
 0001:00029945       WriteFile                  000000018002a945 f   kernel32:KERNEL32.dll
 0001:0002994b       CloseHandle                000000018002a94b f   kernel32:KERNEL32.dll
 0001:00029951       GetLastError               000000018002a951 f   kernel32:KERNEL32.dll
 0001:00029970       __chkstk                   000000018002a970 f   MSVCRTD:chkstk.obj
 0001:00029970       _alloca_probe              000000018002a970 f   MSVCRTD:chkstk.obj
 0001:00029ee0       _CRT_INIT                  000000018002aee0 f   MSVCRTD:dll_dllmain.obj
 0001:00029f20       _DllMainCRTStartup         000000018002af20 f   MSVCRTD:dll_dllmain.obj
 0001:0002a060       __security_init_cookie     000000018002b060 f   MSVCRTD:gs_support.obj
 0001:0002a100       DllMain                    000000018002b100 f   MSVCRTD:dll_dllmain_stub.obj
 0001:0002a150       ?__scrt_initialize_type_info@@YAXXZ 000000018002b150 f   MSVCRTD:tncleanup.obj
 0001:0002a170       ?__scrt_uninitialize_type_info@@YAXXZ 000000018002b170 f   MSVCRTD:tncleanup.obj
 0001:0002a190       __local_stdio_scanf_options 000000018002b190 f i MSVCRTD:default_local_stdio_options.obj
 0001:0002a1a0       __scrt_initialize_default_local_stdio_options 000000018002b1a0 f   MSVCRTD:default_local_stdio_options.obj
 0001:0002a200       ?configure_argv@__scrt_narrow_argv_policy@@SAHXZ 000000018002b200 f i MSVCRTD:utility.obj
 0001:0002a320       ?initialize_environment@__scrt_narrow_environment_policy@@SAHXZ 000000018002b320 f i MSVCRTD:utility.obj
 0001:0002a3f0       NtCurrentTeb               000000018002b3f0 f i MSVCRTD:utility.obj
 0001:0002a400       __scrt_acquire_startup_lock 000000018002b400 f   MSVCRTD:utility.obj
 0001:0002a480       __scrt_dllmain_after_initialize_c 000000018002b480 f   MSVCRTD:utility.obj
 0001:0002a4c0       __scrt_dllmain_before_initialize_c 000000018002b4c0 f   MSVCRTD:utility.obj
 0001:0002a4f0       __scrt_dllmain_crt_thread_attach 000000018002b4f0 f   MSVCRTD:utility.obj
 0001:0002a530       __scrt_dllmain_crt_thread_detach 000000018002b530 f   MSVCRTD:utility.obj
 0001:0002a550       __scrt_dllmain_exception_filter 000000018002b550 f   MSVCRTD:utility.obj
 0001:0002a5d0       __scrt_dllmain_uninitialize_c 000000018002b5d0 f   MSVCRTD:utility.obj
 0001:0002a610       __scrt_dllmain_uninitialize_critical 000000018002b610 f   MSVCRTD:utility.obj
 0001:0002a630       __scrt_initialize_crt      000000018002b630 f   MSVCRTD:utility.obj
 0001:0002a690       __scrt_initialize_onexit_tables 000000018002b690 f   MSVCRTD:utility.obj
 0001:0002a7e0       __scrt_is_nonwritable_in_current_image 000000018002b7e0 f   MSVCRTD:utility.obj
 0001:0002a890       __scrt_release_startup_lock 000000018002b890 f   MSVCRTD:utility.obj
 0001:0002a8d0       __scrt_uninitialize_crt    000000018002b8d0 f   MSVCRTD:utility.obj
 0001:0002a920       _onexit                    000000018002b920 f   MSVCRTD:utility.obj
 0001:0002a9c0       at_quick_exit              000000018002b9c0 f   MSVCRTD:utility.obj
 0001:0002aa20       atexit                     000000018002ba20 f   MSVCRTD:utility.obj
 0001:0002aa60       __scrt_get_dyn_tls_init_callback 000000018002ba60 f   MSVCRTD:dyn_tls_init.obj
 0001:0002aa70       __crt_debugger_hook        000000018002ba70 f   MSVCRTD:utility_desktop.obj
 0001:0002aa90       __scrt_fastfail            000000018002ba90 f   MSVCRTD:utility_desktop.obj
 0001:0002ac90       __scrt_get_show_window_mode 000000018002bc90 f   MSVCRTD:utility_desktop.obj
 0001:0002ad00       __scrt_initialize_mta      000000018002bd00 f   MSVCRTD:utility_desktop.obj
 0001:0002ad20       __scrt_initialize_winrt    000000018002bd20 f   MSVCRTD:utility_desktop.obj
 0001:0002ad30       __scrt_is_managed_app      000000018002bd30 f   MSVCRTD:utility_desktop.obj
 0001:0002ae00       __scrt_set_unhandled_exception_filter 000000018002be00 f   MSVCRTD:utility_desktop.obj
 0001:0002ae20       __scrt_exe_initialize_mta  000000018002be20 f   MSVCRTD:utility_desktop.obj
 0001:0002ae20       __scrt_stub_for_initialize_mta 000000018002be20 f   MSVCRTD:utility_desktop.obj
 0001:0002ae30       __scrt_unhandled_exception_filter 000000018002be30 f   MSVCRTD:utility_desktop.obj
 0001:0002aef0       _RTC_Initialize            000000018002bef0 f   MSVCRTD:initsect.obj
 0001:0002af50       _RTC_Terminate             000000018002bf50 f   MSVCRTD:initsect.obj
 0001:0002afb0       _guard_check_icall_nop     000000018002bfb0 f i MSVCRTD:guard_support.obj
 0001:0002afc0       ReadNoFence64              000000018002bfc0 f i MSVCRTD:guard_support.obj
 0001:0002aff0       ReadPointerNoFence         000000018002bff0 f i MSVCRTD:guard_support.obj
 0001:0002b010       __castguard_check_failure_debugbreak 000000018002c010 f i MSVCRTD:guard_support.obj
 0001:0002b040       __castguard_check_failure_fastfail 000000018002c040 f i MSVCRTD:guard_support.obj
 0001:0002b070       __castguard_check_failure_nop 000000018002c070 f i MSVCRTD:guard_support.obj
 0001:0002b080       __castguard_check_failure_os_handled 000000018002c080 f i MSVCRTD:guard_support.obj
 0001:0002b180       __castguard_slow_path_check_debugbreak 000000018002c180 f i MSVCRTD:guard_support.obj
 0001:0002b1d0       __castguard_slow_path_check_fastfail 000000018002c1d0 f i MSVCRTD:guard_support.obj
 0001:0002b230       __castguard_slow_path_check_nop 000000018002c230 f i MSVCRTD:guard_support.obj
 0001:0002b250       __castguard_slow_path_check_os_handled 000000018002c250 f i MSVCRTD:guard_support.obj
 0001:0002b340       _guard_icall_checks_enforced 000000018002c340 f i MSVCRTD:guard_support.obj
 0001:0002b390       _guard_rf_checks_enforced  000000018002c390 f i MSVCRTD:guard_support.obj
 0001:0002b3a0       __isa_available_init       000000018002c3a0 f   MSVCRTD:cpu_disp.obj
 0001:0002b830       _get_startup_argv_mode     000000018002c830 f   MSVCRTD:argv_mode.obj
 0001:0002b840       __scrt_is_ucrt_dll_in_use  000000018002c840 f   MSVCRTD:ucrt_detection.obj
 0001:0002b870       __GSHandlerCheck           000000018002c870 f   MSVCRTD:gshandler.obj
 0001:0002b8c0       __GSHandlerCheckCommon     000000018002c8c0 f   MSVCRTD:gshandler.obj
 0001:0002ba10       __security_check_cookie    000000018002ca10 f   MSVCRTD:amdsecgs.obj
 0001:0002ba40       __raise_securityfailure    000000018002ca40 f   MSVCRTD:gs_report.obj
 0001:0002ba90       __report_gsfailure         000000018002ca90 f   MSVCRTD:gs_report.obj
 0001:0002bba0       __report_rangecheckfailure 000000018002cba0 f   MSVCRTD:gs_report.obj
 0001:0002bbc0       __report_securityfailure   000000018002cbc0 f   MSVCRTD:gs_report.obj
 0001:0002bc90       __report_securityfailureEx 000000018002cc90 f   MSVCRTD:gs_report.obj
 0001:0002bf8e       memcpy                     000000018002cf8e f   vcruntimed:VCRUNTIME140D.dll
 0001:0002bf94       memset                     000000018002cf94 f   vcruntimed:VCRUNTIME140D.dll
 0001:0002bf9a       memchr                     000000018002cf9a f   vcruntimed:VCRUNTIME140D.dll
 0001:0002bfa0       memmove                    000000018002cfa0 f   vcruntimed:VCRUNTIME140D.dll
 0001:0002bfa6       __C_specific_handler       000000018002cfa6 f   vcruntimed:VCRUNTIME140D.dll
 0001:0002bfac       __std_type_info_destroy_list 000000018002cfac f   vcruntimed:VCRUNTIME140D.dll
 0001:0002bfb2       __current_exception        000000018002cfb2 f   vcruntimed:VCRUNTIME140D.dll
 0001:0002bfb8       __current_exception_context 000000018002cfb8 f   vcruntimed:VCRUNTIME140D.dll
 0001:0002bfbe       __stdio_common_vsprintf    000000018002cfbe f   ucrtd:ucrtbased.dll
 0001:0002bfc4       strlen                     000000018002cfc4 f   ucrtd:ucrtbased.dll
 0001:0002bfca       free                       000000018002cfca f   ucrtd:ucrtbased.dll
 0001:0002bfd0       malloc                     000000018002cfd0 f   ucrtd:ucrtbased.dll
 0001:0002bfd6       wcstombs                   000000018002cfd6 f   ucrtd:ucrtbased.dll
 0001:0002bfdc       _wopen                     000000018002cfdc f   ucrtd:ucrtbased.dll
 0001:0002bfe2       _lseeki64                  000000018002cfe2 f   ucrtd:ucrtbased.dll
 0001:0002bfe8       _open                      000000018002cfe8 f   ucrtd:ucrtbased.dll
 0001:0002bfee       _errno                     000000018002cfee f   ucrtd:ucrtbased.dll
 0001:0002bff4       strerror                   000000018002cff4 f   ucrtd:ucrtbased.dll
 0001:0002bffa       _close                     000000018002cffa f   ucrtd:ucrtbased.dll
 0001:0002c000       _read                      000000018002d000 f   ucrtd:ucrtbased.dll
 0001:0002c006       _write                     000000018002d006 f   ucrtd:ucrtbased.dll
 0001:0002c00c       fclose                     000000018002d00c f   ucrtd:ucrtbased.dll
 0001:0002c012       ferror                     000000018002d012 f   ucrtd:ucrtbased.dll
 0001:0002c018       fopen                      000000018002d018 f   ucrtd:ucrtbased.dll
 0001:0002c01e       fread                      000000018002d01e f   ucrtd:ucrtbased.dll
 0001:0002c024       fseek                      000000018002d024 f   ucrtd:ucrtbased.dll
 0001:0002c02a       _fseeki64                  000000018002d02a f   ucrtd:ucrtbased.dll
 0001:0002c030       ftell                      000000018002d030 f   ucrtd:ucrtbased.dll
 0001:0002c036       _ftelli64                  000000018002d036 f   ucrtd:ucrtbased.dll
 0001:0002c03c       fwrite                     000000018002d03c f   ucrtd:ucrtbased.dll
 0001:0002c042       strcmp                     000000018002d042 f   ucrtd:ucrtbased.dll
 0001:0002c048       srand                      000000018002d048 f   ucrtd:ucrtbased.dll
 0001:0002c04e       rand                       000000018002d04e f   ucrtd:ucrtbased.dll
 0001:0002c054       _time64                    000000018002d054 f   ucrtd:ucrtbased.dll
 0001:0002c05a       _initterm                  000000018002d05a f   ucrtd:ucrtbased.dll
 0001:0002c060       _initterm_e                000000018002d060 f   ucrtd:ucrtbased.dll
 0001:0002c066       _seh_filter_dll            000000018002d066 f   ucrtd:ucrtbased.dll
 0001:0002c06c       _configure_narrow_argv     000000018002d06c f   ucrtd:ucrtbased.dll
 0001:0002c072       _initialize_narrow_environment 000000018002d072 f   ucrtd:ucrtbased.dll
 0001:0002c078       _initialize_onexit_table   000000018002d078 f   ucrtd:ucrtbased.dll
 0001:0002c07e       _register_onexit_function  000000018002d07e f   ucrtd:ucrtbased.dll
 0001:0002c084       _execute_onexit_table      000000018002d084 f   ucrtd:ucrtbased.dll
 0001:0002c08a       _crt_atexit                000000018002d08a f   ucrtd:ucrtbased.dll
 0001:0002c090       _crt_at_quick_exit         000000018002d090 f   ucrtd:ucrtbased.dll
 0001:0002c096       _cexit                     000000018002d096 f   ucrtd:ucrtbased.dll
 0001:0002c09c       terminate                  000000018002d09c f   ucrtd:ucrtbased.dll
 0001:0002c0a2       QueryPerformanceCounter    000000018002d0a2 f   kernel32:KERNEL32.dll
 0001:0002c0a8       GetCurrentProcessId        000000018002d0a8 f   kernel32:KERNEL32.dll
 0001:0002c0ae       GetCurrentThreadId         000000018002d0ae f   kernel32:KERNEL32.dll
 0001:0002c0b4       GetSystemTimeAsFileTime    000000018002d0b4 f   kernel32:KERNEL32.dll
 0001:0002c0ba       DisableThreadLibraryCalls  000000018002d0ba f   kernel32:KERNEL32.dll
 0001:0002c0c0       InitializeSListHead        000000018002d0c0 f   kernel32:KERNEL32.dll
 0001:0002c0c6       RtlCaptureContext          000000018002d0c6 f   kernel32:KERNEL32.dll
 0001:0002c0cc       RtlLookupFunctionEntry     000000018002d0cc f   kernel32:KERNEL32.dll
 0001:0002c0d2       RtlVirtualUnwind           000000018002d0d2 f   kernel32:KERNEL32.dll
 0001:0002c0d8       IsDebuggerPresent          000000018002d0d8 f   kernel32:KERNEL32.dll
 0001:0002c0de       UnhandledExceptionFilter   000000018002d0de f   kernel32:KERNEL32.dll
 0001:0002c0e4       SetUnhandledExceptionFilter 000000018002d0e4 f   kernel32:KERNEL32.dll
 0001:0002c0ea       GetStartupInfoW            000000018002d0ea f   kernel32:KERNEL32.dll
 0001:0002c0f0       IsProcessorFeaturePresent  000000018002d0f0 f   kernel32:KERNEL32.dll
 0001:0002c0f6       GetModuleHandleW           000000018002d0f6 f   kernel32:KERNEL32.dll
 0001:0002c0fc       GetCurrentProcess          000000018002d0fc f   kernel32:KERNEL32.dll
 0001:0002c102       TerminateProcess           000000018002d102 f   kernel32:KERNEL32.dll
 0001:0002c110       __acrt_initialize          000000018002d110 f   MSVCRTD:ucrt_stubs.obj
 0001:0002c110       __scrt_stub_for_acrt_initialize 000000018002d110 f   MSVCRTD:ucrt_stubs.obj
 0001:0002c110       __vcrt_initialize          000000018002d110 f   MSVCRTD:ucrt_stubs.obj
 0001:0002c120       __acrt_thread_attach       000000018002d120 f   MSVCRTD:ucrt_stubs.obj
 0001:0002c120       __scrt_stub_for_acrt_thread_attach 000000018002d120 f   MSVCRTD:ucrt_stubs.obj
 0001:0002c120       __vcrt_thread_attach       000000018002d120 f   MSVCRTD:ucrt_stubs.obj
 0001:0002c130       __acrt_thread_detach       000000018002d130 f   MSVCRTD:ucrt_stubs.obj
 0001:0002c130       __scrt_stub_for_acrt_thread_detach 000000018002d130 f   MSVCRTD:ucrt_stubs.obj
 0001:0002c130       __vcrt_thread_detach       000000018002d130 f   MSVCRTD:ucrt_stubs.obj
 0001:0002c140       __acrt_uninitialize        000000018002d140 f   MSVCRTD:ucrt_stubs.obj
 0001:0002c140       __scrt_stub_for_acrt_uninitialize 000000018002d140 f   MSVCRTD:ucrt_stubs.obj
 0001:0002c140       __vcrt_uninitialize        000000018002d140 f   MSVCRTD:ucrt_stubs.obj
 0001:0002c150       __acrt_uninitialize_critical 000000018002d150 f   MSVCRTD:ucrt_stubs.obj
 0001:0002c150       __scrt_stub_for_acrt_uninitialize_critical 000000018002d150 f   MSVCRTD:ucrt_stubs.obj
 0001:0002c150       __vcrt_uninitialize_critical 000000018002d150 f   MSVCRTD:ucrt_stubs.obj
 0001:0002c160       __scrt_stub_for_is_c_termination_complete 000000018002d160 f   MSVCRTD:ucrt_stubs.obj
 0001:0002c160       _is_c_termination_complete 000000018002d160 f   MSVCRTD:ucrt_stubs.obj
 0001:0002d580       _guard_dispatch_icall_nop  000000018002e580 f   MSVCRTD:guard_dispatch.obj
 0001:0002d5a0       _guard_xfg_dispatch_icall_nop 000000018002e5a0 f   MSVCRTD:guard_xfg_dispatch.obj
 0002:00000000       __xc_a                     0000000180031000     MSVCRTD:initializers.obj
 0002:00000110       __xc_z                     0000000180031110     MSVCRTD:initializers.obj
 0002:00000220       __xi_a                     0000000180031220     MSVCRTD:initializers.obj
 0002:00000330       __xi_z                     0000000180031330     MSVCRTD:initializers.obj
 0002:00000440       __xp_a                     0000000180031440     MSVCRTD:initializers.obj
 0002:00000550       __xp_z                     0000000180031550     MSVCRTD:initializers.obj
 0002:00000660       __xt_a                     0000000180031660     MSVCRTD:initializers.obj
 0002:00000770       __xt_z                     0000000180031770     MSVCRTD:initializers.obj
 0002:00003920       deflate_copyright          0000000180034920     deflate.obj
 0002:00004f10       inflate_copyright          0000000180035f10     inftrees.obj
 0002:00005080       _length_code               0000000180036080     trees.obj
 0002:00005180       _dist_code                 0000000180036180     trees.obj
 0002:00005d70       unz_copyright              0000000180036d70     unzip.obj
 0002:00005de0       zip_copyright              0000000180036de0     zip.obj
 0002:00005e40       z_errmsg                   0000000180036e40     zutil.obj
 0002:00005ea0       _pDefaultRawDllMain        0000000180036ea0     MSVCRTD:dll_dllmain.obj
 0002:00005ea0       _pRawDllMain               0000000180036ea0     MSVCRTD:dll_dllmain.obj
 0002:00005ed0       _load_config_used          0000000180036ed0     MSVCRTD:loadcfg.obj
 0002:00006200       __CastGuardVftablesStart   0000000180037200     MSVCRTD:guard_support.obj
 0002:00006400       __CastGuardVftablesEnd     0000000180037400     MSVCRTD:guard_support.obj
 0002:00006778       __rtc_iaa                  0000000180037778     MSVCRTD:initsect.obj
 0002:00006888       __rtc_izz                  0000000180037888     MSVCRTD:initsect.obj
 0002:00006998       __rtc_taa                  0000000180037998     MSVCRTD:initsect.obj
 0002:00006aa8       __rtc_tzz                  0000000180037aa8     MSVCRTD:initsect.obj
 0003:00000870       __scrt_native_dllmain_reason 000000018003a870     MSVCRTD:utility.obj
 0003:00000878       __security_cookie_complement 000000018003a878     MSVCRTD:gs_cookie.obj
 0003:00000880       __security_cookie          000000018003a880     MSVCRTD:gs_cookie.obj
 0003:00000890       __isa_available            000000018003a890     MSVCRTD:cpu_disp.obj
 0003:00000894       __isa_enabled              000000018003a894     MSVCRTD:cpu_disp.obj
 0003:00000898       __memset_fast_string_threshold 000000018003a898     MSVCRTD:cpu_disp.obj
 0003:000008a0       __memset_nt_threshold      000000018003a8a0     MSVCRTD:cpu_disp.obj
 0003:000008b0       __scrt_ucrt_dll_is_in_use  000000018003a8b0     MSVCRTD:ucrt_stubs.obj
 0003:000009e0       ?__type_info_root_node@@3U__type_info_node@@A 000000018003a9e0     MSVCRTD:tncleanup.obj
 0003:000009f8       ?_OptionsStorage@?1??__local_stdio_printf_options@@9@4_KA 000000018003a9f8     MSVCRTD:default_local_stdio_options.obj
 0003:00000a08       ?_OptionsStorage@?1??__local_stdio_scanf_options@@9@4_KA 000000018003aa08     MSVCRTD:default_local_stdio_options.obj
 0003:00000a18       __scrt_current_native_startup_state 000000018003aa18     MSVCRTD:utility.obj
 0003:00000a20       __scrt_native_startup_lock 000000018003aa20     MSVCRTD:utility.obj
 0003:00000a70       __scrt_debugger_hook_flag  000000018003aa70     MSVCRTD:utility_desktop.obj
 0003:00000a74       __favor                    000000018003aa74     MSVCRTD:cpu_disp.obj
 0003:00001108       ?_OptionsStorage@?1??__local_stdio_printf_options@@9@9 000000018003b108     <common>
 0003:00001120       __dyn_tls_init_callback    000000018003b120     <common>
 0005:00000000       __imp_CreateFileA          000000018003e000     kernel32:KERNEL32.dll
 0005:00000008       __imp_CreateFileW          000000018003e008     kernel32:KERNEL32.dll
 0005:00000010       __imp_ReadFile             000000018003e010     kernel32:KERNEL32.dll
 0005:00000018       __imp_SetFilePointer       000000018003e018     kernel32:KERNEL32.dll
 0005:00000020       __imp_WriteFile            000000018003e020     kernel32:KERNEL32.dll
 0005:00000028       __imp_CloseHandle          000000018003e028     kernel32:KERNEL32.dll
 0005:00000030       __imp_GetLastError         000000018003e030     kernel32:KERNEL32.dll
 0005:00000038       __imp_GetCurrentProcess    000000018003e038     kernel32:KERNEL32.dll
 0005:00000040       __imp_GetModuleHandleW     000000018003e040     kernel32:KERNEL32.dll
 0005:00000048       __imp_IsProcessorFeaturePresent 000000018003e048     kernel32:KERNEL32.dll
 0005:00000050       __imp_GetStartupInfoW      000000018003e050     kernel32:KERNEL32.dll
 0005:00000058       __imp_SetUnhandledExceptionFilter 000000018003e058     kernel32:KERNEL32.dll
 0005:00000060       __imp_UnhandledExceptionFilter 000000018003e060     kernel32:KERNEL32.dll
 0005:00000068       __imp_IsDebuggerPresent    000000018003e068     kernel32:KERNEL32.dll
 0005:00000070       __imp_RtlVirtualUnwind     000000018003e070     kernel32:KERNEL32.dll
 0005:00000078       __imp_RtlLookupFunctionEntry 000000018003e078     kernel32:KERNEL32.dll
 0005:00000080       __imp_RtlCaptureContext    000000018003e080     kernel32:KERNEL32.dll
 0005:00000088       __imp_InitializeSListHead  000000018003e088     kernel32:KERNEL32.dll
 0005:00000090       __imp_DisableThreadLibraryCalls 000000018003e090     kernel32:KERNEL32.dll
 0005:00000098       __imp_GetSystemTimeAsFileTime 000000018003e098     kernel32:KERNEL32.dll
 0005:000000a0       __imp_GetCurrentThreadId   000000018003e0a0     kernel32:KERNEL32.dll
 0005:000000a8       __imp_GetCurrentProcessId  000000018003e0a8     kernel32:KERNEL32.dll
 0005:000000b0       __imp_QueryPerformanceCounter 000000018003e0b0     kernel32:KERNEL32.dll
 0005:000000b8       __imp_TerminateProcess     000000018003e0b8     kernel32:KERNEL32.dll
 0005:000000c0       \177KERNEL32_NULL_THUNK_DATA 000000018003e0c0     kernel32:KERNEL32.dll
 0005:00000138       __imp_memmove              000000018003e138     vcruntimed:VCRUNTIME140D.dll
 0005:00000140       __imp___C_specific_handler 000000018003e140     vcruntimed:VCRUNTIME140D.dll
 0005:00000148       __imp___std_type_info_destroy_list 000000018003e148     vcruntimed:VCRUNTIME140D.dll
 0005:00000150       __imp___current_exception  000000018003e150     vcruntimed:VCRUNTIME140D.dll
 0005:00000158       __imp___current_exception_context 000000018003e158     vcruntimed:VCRUNTIME140D.dll
 0005:00000160       __imp_memchr               000000018003e160     vcruntimed:VCRUNTIME140D.dll
 0005:00000168       __imp_memcpy               000000018003e168     vcruntimed:VCRUNTIME140D.dll
 0005:00000170       __imp_memset               000000018003e170     vcruntimed:VCRUNTIME140D.dll
 0005:00000178       \177VCRUNTIME140D_NULL_THUNK_DATA 000000018003e178     vcruntimed:VCRUNTIME140D.dll
 0005:000001d8       __imp_fseek                000000018003e1d8     ucrtd:ucrtbased.dll
 0005:000001e0       __imp__fseeki64            000000018003e1e0     ucrtd:ucrtbased.dll
 0005:000001e8       __imp__lseeki64            000000018003e1e8     ucrtd:ucrtbased.dll
 0005:000001f0       __imp__ftelli64            000000018003e1f0     ucrtd:ucrtbased.dll
 0005:000001f8       __imp_fwrite               000000018003e1f8     ucrtd:ucrtbased.dll
 0005:00000200       __imp_strcmp               000000018003e200     ucrtd:ucrtbased.dll
 0005:00000208       __imp_srand                000000018003e208     ucrtd:ucrtbased.dll
 0005:00000210       __imp_rand                 000000018003e210     ucrtd:ucrtbased.dll
 0005:00000218       __imp__time64              000000018003e218     ucrtd:ucrtbased.dll
 0005:00000220       __imp__initterm            000000018003e220     ucrtd:ucrtbased.dll
 0005:00000228       __imp__initterm_e          000000018003e228     ucrtd:ucrtbased.dll
 0005:00000230       __imp__seh_filter_dll      000000018003e230     ucrtd:ucrtbased.dll
 0005:00000238       __imp__configure_narrow_argv 000000018003e238     ucrtd:ucrtbased.dll
 0005:00000240       __imp_fopen                000000018003e240     ucrtd:ucrtbased.dll
 0005:00000248       __imp__initialize_onexit_table 000000018003e248     ucrtd:ucrtbased.dll
 0005:00000250       __imp__register_onexit_function 000000018003e250     ucrtd:ucrtbased.dll
 0005:00000258       __imp__execute_onexit_table 000000018003e258     ucrtd:ucrtbased.dll
 0005:00000260       __imp__crt_atexit          000000018003e260     ucrtd:ucrtbased.dll
 0005:00000268       __imp__crt_at_quick_exit   000000018003e268     ucrtd:ucrtbased.dll
 0005:00000270       __imp__cexit               000000018003e270     ucrtd:ucrtbased.dll
 0005:00000278       __imp_terminate            000000018003e278     ucrtd:ucrtbased.dll
 0005:00000280       __imp_ferror               000000018003e280     ucrtd:ucrtbased.dll
 0005:00000288       __imp__wopen               000000018003e288     ucrtd:ucrtbased.dll
 0005:00000290       __imp_wcstombs             000000018003e290     ucrtd:ucrtbased.dll
 0005:00000298       __imp_malloc               000000018003e298     ucrtd:ucrtbased.dll
 0005:000002a0       __imp_free                 000000018003e2a0     ucrtd:ucrtbased.dll
 0005:000002a8       __imp_strlen               000000018003e2a8     ucrtd:ucrtbased.dll
 0005:000002b0       __imp___stdio_common_vsprintf 000000018003e2b0     ucrtd:ucrtbased.dll
 0005:000002b8       __imp_fread                000000018003e2b8     ucrtd:ucrtbased.dll
 0005:000002c0       __imp_fclose               000000018003e2c0     ucrtd:ucrtbased.dll
 0005:000002c8       __imp__write               000000018003e2c8     ucrtd:ucrtbased.dll
 0005:000002d0       __imp__read                000000018003e2d0     ucrtd:ucrtbased.dll
 0005:000002d8       __imp__close               000000018003e2d8     ucrtd:ucrtbased.dll
 0005:000002e0       __imp_strerror             000000018003e2e0     ucrtd:ucrtbased.dll
 0005:000002e8       __imp__errno               000000018003e2e8     ucrtd:ucrtbased.dll
 0005:000002f0       __imp__initialize_narrow_environment 000000018003e2f0     ucrtd:ucrtbased.dll
 0005:000002f8       __imp__open                000000018003e2f8     ucrtd:ucrtbased.dll
 0005:00000300       __imp_ftell                000000018003e300     ucrtd:ucrtbased.dll
 0005:00000308       \177ucrtbased_NULL_THUNK_DATA 000000018003e308     ucrtd:ucrtbased.dll
 0005:00000398       __IMPORT_DESCRIPTOR_KERNEL32 000000018003e398     kernel32:KERNEL32.dll
 0005:000003ac       __IMPORT_DESCRIPTOR_VCRUNTIME140D 000000018003e3ac     vcruntimed:VCRUNTIME140D.dll
 0005:000003c0       __IMPORT_DESCRIPTOR_ucrtbased 000000018003e3c0     ucrtd:ucrtbased.dll
 0005:000003d4       __NULL_IMPORT_DESCRIPTOR   000000018003e3d4     kernel32:KERNEL32.dll
 0006:00000000       __guard_check_icall_fptr   000000018003f000     MSVCRTD:guard_support.obj
 0006:00000010       __guard_xfg_check_icall_fptr 000000018003f010     MSVCRTD:guard_support.obj
 0006:00000020       __guard_dispatch_icall_fptr 000000018003f020     MSVCRTD:guard_support.obj
 0006:00000030       __guard_xfg_dispatch_icall_fptr 000000018003f030     MSVCRTD:guard_support.obj
 0006:00000040       __guard_xfg_table_dispatch_icall_fptr 000000018003f040     MSVCRTD:guard_support.obj
 0006:00000050       __castguard_check_failure_os_handled_fptr 000000018003f050     MSVCRTD:guard_support.obj
 0006:00000060       __guard_memcpy_fptr        000000018003f060     vcruntimed:softmemtag.obj

 entry point at        0001:00000014

 Static symbols

 0002:fffcf000       $unwind$vsnprintf          0000000180000000     gzwrite.obj
 0000:fffbe000       .debug$S                   0000000180000000     zlibwapi.exp
 0000:fffbe000       .debug$S                   0000000180000000     ucrtd:ucrtbased.dll
 0000:fffbe000       .debug$S                   0000000180000000     ucrtd:ucrtbased.dll
 0000:fffbe000       .debug$S                   0000000180000000     ucrtd:ucrtbased.dll
 0000:fffbe000       .debug$S                   0000000180000000     ucrtd:ucrtbased.dll
 0000:fffbe000       .debug$S                   0000000180000000     ucrtd:ucrtbased.dll
 0000:fffbe000       .debug$S                   0000000180000000     ucrtd:ucrtbased.dll
 0000:fffbe000       .debug$S                   0000000180000000     ucrtd:ucrtbased.dll
 0000:fffbe000       .debug$S                   0000000180000000     ucrtd:ucrtbased.dll
 0000:fffbe000       .debug$S                   0000000180000000     ucrtd:ucrtbased.dll
 0000:fffbe000       .debug$S                   0000000180000000     ucrtd:ucrtbased.dll
 0000:fffbe000       .debug$S                   0000000180000000     ucrtd:ucrtbased.dll
 0000:fffbe000       .debug$S                   0000000180000000     ucrtd:ucrtbased.dll
 0000:fffbe000       .debug$S                   0000000180000000     ucrtd:ucrtbased.dll
 0000:fffbe000       .debug$S                   0000000180000000     ucrtd:ucrtbased.dll
 0000:fffbe000       .debug$S                   0000000180000000     ucrtd:ucrtbased.dll
 0000:fffbe000       .debug$S                   0000000180000000     ucrtd:ucrtbased.dll
 0000:fffbe000       .debug$S                   0000000180000000     ucrtd:ucrtbased.dll
 0000:fffbe000       .debug$S                   0000000180000000     ucrtd:ucrtbased.dll
 0000:fffbe000       .debug$S                   0000000180000000     ucrtd:ucrtbased.dll
 0000:fffbe000       .debug$S                   0000000180000000     ucrtd:ucrtbased.dll
 0000:fffbe000       .debug$S                   0000000180000000     ucrtd:ucrtbased.dll
 0000:fffbe000       .debug$S                   0000000180000000     ucrtd:ucrtbased.dll
 0000:fffbe000       .debug$S                   0000000180000000     ucrtd:ucrtbased.dll
 0000:fffbe000       .debug$S                   0000000180000000     ucrtd:ucrtbased.dll
 0000:fffbe000       .debug$S                   0000000180000000     ucrtd:ucrtbased.dll
 0000:fffbe000       .debug$S                   0000000180000000     ucrtd:ucrtbased.dll
 0000:fffbe000       .debug$S                   0000000180000000     ucrtd:ucrtbased.dll
 0000:fffbe000       .debug$S                   0000000180000000     ucrtd:ucrtbased.dll
 0000:fffbe000       .debug$S                   0000000180000000     ucrtd:ucrtbased.dll
 0000:fffbe000       .debug$S                   0000000180000000     ucrtd:ucrtbased.dll
 0000:fffbe000       .debug$S                   0000000180000000     ucrtd:ucrtbased.dll
 0000:fffbe000       .debug$S                   0000000180000000     ucrtd:ucrtbased.dll
 0000:fffbe000       .debug$S                   0000000180000000     ucrtd:ucrtbased.dll
 0000:fffbe000       .debug$S                   0000000180000000     ucrtd:ucrtbased.dll
 0000:fffbe000       .debug$S                   0000000180000000     ucrtd:ucrtbased.dll
 0000:fffbe000       .debug$S                   0000000180000000     ucrtd:ucrtbased.dll
 0000:fffbe000       .debug$S                   0000000180000000     ucrtd:ucrtbased.dll
 0000:fffbe000       .debug$S                   0000000180000000     ucrtd:ucrtbased.dll
 0000:fffbe000       .debug$S                   0000000180000000     kernel32:KERNEL32.dll
 0000:fffbe000       .debug$S                   0000000180000000     kernel32:KERNEL32.dll
 0000:fffbe000       .debug$S                   0000000180000000     kernel32:KERNEL32.dll
 0000:fffbe000       .debug$S                   0000000180000000     kernel32:KERNEL32.dll
 0000:fffbe000       .debug$S                   0000000180000000     kernel32:KERNEL32.dll
 0000:fffbe000       .debug$S                   0000000180000000     kernel32:KERNEL32.dll
 0000:fffbe000       .debug$S                   0000000180000000     kernel32:KERNEL32.dll
 0000:fffbe000       .debug$S                   0000000180000000     kernel32:KERNEL32.dll
 0000:fffbe000       .debug$S                   0000000180000000     kernel32:KERNEL32.dll
 0000:fffbe000       .debug$S                   0000000180000000     kernel32:KERNEL32.dll
 0000:fffbe000       .debug$S                   0000000180000000     kernel32:KERNEL32.dll
 0000:fffbe000       .debug$S                   0000000180000000     kernel32:KERNEL32.dll
 0000:fffbe000       .debug$S                   0000000180000000     kernel32:KERNEL32.dll
 0000:fffbe000       .debug$S                   0000000180000000     kernel32:KERNEL32.dll
 0000:fffbe000       .debug$S                   0000000180000000     kernel32:KERNEL32.dll
 0000:fffbe000       .debug$S                   0000000180000000     kernel32:KERNEL32.dll
 0000:fffbe000       .debug$S                   0000000180000000     kernel32:KERNEL32.dll
 0000:fffbe000       .debug$S                   0000000180000000     kernel32:KERNEL32.dll
 0000:fffbe000       .debug$S                   0000000180000000     kernel32:KERNEL32.dll
 0000:fffbe000       .debug$S                   0000000180000000     kernel32:KERNEL32.dll
 0000:fffbe000       .debug$S                   0000000180000000     kernel32:KERNEL32.dll
 0000:fffbe000       .debug$S                   0000000180000000     kernel32:KERNEL32.dll
 0000:fffbe000       .debug$S                   0000000180000000     kernel32:KERNEL32.dll
 0000:fffbe000       .debug$S                   0000000180000000     kernel32:KERNEL32.dll
 0000:00000000       _volmd                     0000000180000000     MSVCRTD:cpu_disp.obj
 0000:fffc1000       __guard_ehcont_?dllmain_dispatch@@YAHQEAUHINSTANCE__@@KQEAX@Z 0000000180000000     MSVCRTD:dll_dllmain.obj
 0000:fffc1000       __guard_fids_?dllmain_dispatch@@YAHQEAUHINSTANCE__@@KQEAX@Z 0000000180000000     MSVCRTD:dll_dllmain.obj
 0000:00000000       _volmd                     0000000180000000     MSVCRTD:gs_report.obj
 0000:00000000       _volmd                     0000000180000000     MSVCRTD:gs_report.obj
 0000:00000000       _volmd                     0000000180000000     MSVCRTD:gs_report.obj
 0000:fffc1000       __guard_fids__             0000000180000000     MSVCRTD:guard_support.obj
 0000:fffc1000       __guard_fids__             0000000180000000     MSVCRTD:guard_support.obj
 0000:fffc1000       __guard_fids__guard_icall_checks_enforced 0000000180000000     MSVCRTD:guard_support.obj
 0000:00000000       _volmd                     0000000180000000     MSVCRTD:guard_support.obj
 0000:00000000       _volmd                     0000000180000000     MSVCRTD:guard_support.obj
 0000:fffc1000       __guard_ehcont___scrt_is_nonwritable_in_current_image 0000000180000000     MSVCRTD:utility.obj
 0000:00000000       _volmd                     0000000180000000     MSVCRTD:utility.obj
 0000:00000000       _volmd                     0000000180000000     MSVCRTD:utility.obj
 0000:00000000       _volmd                     0000000180000000     MSVCRTD:utility.obj
 0000:fffc1000       __guard_fids___scrt_set_unhandled_exception_filter 0000000180000000     MSVCRTD:utility_desktop.obj
 0000:00000000       _volmd                     0000000180000000     MSVCRTD:utility_desktop.obj
 0000:fffc1000       __guard_fids__             0000000180000000     vcruntimed:softmemtag.obj
 0000:fffbe000       .debug$S                   0000000180000000     vcruntimed:VCRUNTIME140D.dll
 0000:fffbe000       .debug$S                   0000000180000000     vcruntimed:VCRUNTIME140D.dll
 0000:fffbe000       .debug$S                   0000000180000000     vcruntimed:VCRUNTIME140D.dll
 0000:fffbe000       .debug$S                   0000000180000000     vcruntimed:VCRUNTIME140D.dll
 0000:fffbe000       .debug$S                   0000000180000000     vcruntimed:VCRUNTIME140D.dll
 0000:fffbe000       .debug$S                   0000000180000000     vcruntimed:VCRUNTIME140D.dll
 0000:fffbe000       .debug$S                   0000000180000000     vcruntimed:VCRUNTIME140D.dll
 0000:fffbe000       .debug$S                   0000000180000000     vcruntimed:VCRUNTIME140D.dll
 0001:000012e0       adler32_combine_           00000001800022e0 f   adler32.obj
 0001:000026d0       multmodp                   00000001800036d0 f   crc32.obj
 0001:00002770       x2nmodp                    0000000180003770 f   crc32.obj
 0001:000027f0       byte_swap                  00000001800037f0 f   crc32.obj
 0001:00002840       crc_word                   0000000180003840 f   crc32.obj
 0001:000028a0       crc_word_big               00000001800038a0 f   crc32.obj
 0001:000058b0       deflateStateCheck          00000001800068b0 f   deflate.obj
 0001:00005970       slide_hash                 0000000180006970 f   deflate.obj
 0001:00005a80       fill_window                0000000180006a80 f   deflate.obj
 0001:00005f60       deflate_stored             0000000180006f60 f   deflate.obj
 0001:00006b20       deflate_fast               0000000180007b20 f   deflate.obj
 0001:00007630       deflate_slow               0000000180008630 f   deflate.obj
 0001:00008440       deflate_rle                0000000180009440 f   deflate.obj
 0001:00008d80       deflate_huff               0000000180009d80 f   deflate.obj
 0001:00009150       lm_init                    000000018000a150 f   deflate.obj
 0001:000092d0       putShortMSB                000000018000a2d0 f   deflate.obj
 0001:00009340       flush_pending              000000018000a340 f   deflate.obj
 0001:00009450       read_buf                   000000018000a450 f   deflate.obj
 0001:00009560       longest_match              000000018000a560 f   deflate.obj
 0001:0000bfb0       gz_reset                   000000018000cfb0 f   gzlib.obj
 0001:0000c050       gz_open                    000000018000d050 f   gzlib.obj
 0001:0000c4d4       $LN49                      000000018000d4d4     gzlib.obj
 0001:0000c500       $LN48                      000000018000d500     gzlib.obj
 0001:0000d350       gz_load                    000000018000e350 f   gzread.obj
 0001:0000d450       gz_avail                   000000018000e450 f   gzread.obj
 0001:0000d580       gz_look                    000000018000e580 f   gzread.obj
 0001:0000d850       gz_decomp                  000000018000e850 f   gzread.obj
 0001:0000d9f0       gz_fetch                   000000018000e9f0 f   gzread.obj
 0001:0000db20       gz_skip                    000000018000eb20 f   gzread.obj
 0001:0000dc20       gz_read                    000000018000ec20 f   gzread.obj
 0001:0000ed00       gz_init                    000000018000fd00 f   gzwrite.obj
 0001:0000eee0       gz_comp                    000000018000fee0 f   gzwrite.obj
 0001:0000f1f0       gz_zero                    00000001800101f0 f   gzwrite.obj
 0001:0000f320       gz_write                   0000000180010320 f   gzwrite.obj
 0001:00011634       $LN347                     0000000180012634     infback.obj
 0001:00011890       fixedtables                0000000180012890 f   infback.obj
 0001:00015d24       $LN526                     0000000180016d24     inflate.obj
 0001:00016ce0       inflateStateCheck          0000000180017ce0 f   inflate.obj
 0001:00016d60       fixedtables                0000000180017d60 f   inflate.obj
 0001:00016db0       updatewindow               0000000180017db0 f   inflate.obj
 0001:00017000       syncsearch                 0000000180018000 f   inflate.obj
 0001:00018e70       fopen_file_func            0000000180019e70 f   ioapi.obj
 0001:00018f20       fread_file_func            0000000180019f20 f   ioapi.obj
 0001:00018f70       fwrite_file_func           0000000180019f70 f   ioapi.obj
 0001:00018fc0       ftell64_file_func          0000000180019fc0 f   ioapi.obj
 0001:00018ff0       fseek64_file_func          0000000180019ff0 f   ioapi.obj
 0001:00019090       fclose_file_func           000000018001a090 f   ioapi.obj
 0001:000190c0       ferror_file_func           000000018001a0c0 f   ioapi.obj
 0001:000190f0       fopen64_file_func          000000018001a0f0 f   ioapi.obj
 0001:000191a0       ftell_file_func            000000018001a1a0 f   ioapi.obj
 0001:000191d0       fseek_file_func            000000018001a1d0 f   ioapi.obj
 0001:00019ac0       win32_translate_open_mode  000000018001aac0 f   iowin32.obj
 0001:00019b80       win32_build_iowin          000000018001ab80 f   iowin32.obj
 0001:00019e20       MySetFilePointerEx         000000018001ae20 f   iowin32.obj
 0001:0001b030       tr_static_init             000000018001c030 f   trees.obj
 0001:0001b040       init_block                 000000018001c040 f   trees.obj
 0001:0001b140       pqdownheap                 000000018001c140 f   trees.obj
 0001:0001b340       gen_bitlen                 000000018001c340 f   trees.obj
 0001:0001b720       gen_codes                  000000018001c720 f   trees.obj
 0001:0001b810       build_tree                 000000018001c810 f   trees.obj
 0001:0001bd60       scan_tree                  000000018001cd60 f   trees.obj
 0001:0001bfa0       send_tree                  000000018001cfa0 f   trees.obj
 0001:0001ccb0       build_bl_tree              000000018001dcb0 f   trees.obj
 0001:0001cd90       send_all_trees             000000018001dd90 f   trees.obj
 0001:0001d3b0       compress_block             000000018001e3b0 f   trees.obj
 0001:0001ddd0       detect_data_type           000000018001edd0 f   trees.obj
 0001:0001ded0       bi_reverse                 000000018001eed0 f   trees.obj
 0001:0001df30       bi_windup                  000000018001ef30 f   trees.obj
 0001:0001e020       bi_flush                   000000018001f020 f   trees.obj
 0001:00021050       unz64local_getByte         0000000180022050 f   unzip.obj
 0001:000210e0       unz64local_getShort        00000001800220e0 f   unzip.obj
 0001:00021180       unz64local_getLong         0000000180022180 f   unzip.obj
 0001:00021280       unz64local_getLong64       0000000180022280 f   unzip.obj
 0001:00021480       strcmpcasenosensitive_internal 0000000180022480 f   unzip.obj
 0001:00021570       unz64local_SearchCentralDir 0000000180022570 f   unzip.obj
 0001:000217c0       unz64local_SearchCentralDir64 00000001800227c0 f   unzip.obj
 0001:00021b40       unzOpenInternal            0000000180022b40 f   unzip.obj
 0001:000220b0       unz64local_DosDateToTmuDate 00000001800230b0 f   unzip.obj
 0001:00022180       unz64local_GetCurrentFileInfoInternal 0000000180023180 f   unzip.obj
 0001:00022a00       unz64local_CheckCurrentFileCoherencyHeader 0000000180023a00 f   unzip.obj
 0001:00023bf0       time                       0000000180024bf0 f   zip.obj
 0001:00025f00       decrypt_byte               0000000180026f00 f   zip.obj
 0001:00025f50       update_keys                0000000180026f50 f   zip.obj
 0001:00026020       init_keys                  0000000180027020 f   zip.obj
 0001:000260a0       crypthead                  00000001800270a0 f   zip.obj
 0001:000262b0       allocate_new_datablock     00000001800272b0 f   zip.obj
 0001:00026300       free_datablock             0000000180027300 f   zip.obj
 0001:00026350       init_linkedlist            0000000180027350 f   zip.obj
 0001:00026380       free_linkedlist            0000000180027380 f   zip.obj
 0001:000263c0       add_data_in_datablock      00000001800273c0 f   zip.obj
 0001:00026570       zip64local_putValue        0000000180027570 f   zip.obj
 0001:00026640       zip64local_putValue_inmemory 0000000180027640 f   zip.obj
 0001:000266e0       zip64local_TmzDateToDosDate 00000001800276e0 f   zip.obj
 0001:00026780       zip64local_getByte         0000000180027780 f   zip.obj
 0001:00026810       zip64local_getShort        0000000180027810 f   zip.obj
 0001:000268b0       zip64local_getLong         00000001800278b0 f   zip.obj
 0001:000269b0       zip64local_getLong64       00000001800279b0 f   zip.obj
 0001:00026bb0       zip64local_SearchCentralDir 0000000180027bb0 f   zip.obj
 0001:00026e00       zip64local_SearchCentralDir64 0000000180027e00 f   zip.obj
 0001:00027190       LoadCentralDirectoryRecord 0000000180028190 f   zip.obj
 0001:00027920       Write_LocalFileHeader      0000000180028920 f   zip.obj
 0001:00027d50       zip64FlushWriteBuffer      0000000180028d50 f   zip.obj
 0001:00027ee0       Write_Zip64EndOfCentralDirectoryLocator 0000000180028ee0 f   zip.obj
 0001:00027fd0       Write_Zip64EndOfCentralDirectoryRecord 0000000180028fd0 f   zip.obj
 0001:000281e0       Write_EndOfCentralDirectoryRecord 00000001800291e0 f   zip.obj
 0001:00028420       Write_GlobalComment        0000000180029420 f   zip.obj
 0001:00029960       $$000000                   000000018002a960     MSVCRTD:chkstk.obj
 0001:000299e0       ?dllmain_crt_dispatch@@YAHQEAUHINSTANCE__@@KQEAX@Z 000000018002a9e0 f   MSVCRTD:dll_dllmain.obj
 0001:00029a90       ?dllmain_crt_process_attach@@YAHQEAUHINSTANCE__@@QEAX@Z 000000018002aa90 f   MSVCRTD:dll_dllmain.obj
 0001:00029c20       ?dllmain_crt_process_detach@@YAH_N@Z 000000018002ac20 f   MSVCRTD:dll_dllmain.obj
 0001:00029ce0       ?dllmain_dispatch@@YAHQEAUHINSTANCE__@@KQEAX@Z 000000018002ace0 f   MSVCRTD:dll_dllmain.obj
 0001:00029e70       ?dllmain_raw@@YAHQEAUHINSTANCE__@@KQEAX@Z 000000018002ae70 f   MSVCRTD:dll_dllmain.obj
 0001:00029f70       __get_entropy              000000018002af70 f   MSVCRTD:gs_support.obj
 0001:0002a220       ?find_pe_section@@YAPEAU_IMAGE_SECTION_HEADER@@QEAE_K@Z 000000018002b220 f   MSVCRTD:utility.obj
 0001:0002a340       ?is_potentially_valid_image_base@@YA_NQEAX@Z 000000018002b340 f   MSVCRTD:utility.obj
 0001:0002b0b0       __castguard_check_failure_os_handled_wrapper 000000018002c0b0 f   MSVCRTD:guard_support.obj
 0001:0002b0f0       __castguard_compat_check   000000018002c0f0 f   MSVCRTD:guard_support.obj
 0001:0002b2b0       __castguard_slow_path_compat_check 000000018002c2b0 f   MSVCRTD:guard_support.obj
 0001:0002ba00       $$000000                   000000018002ca00     MSVCRTD:amdsecgs.obj
 0001:0002bdf0       capture_current_context    000000018002cdf0 f   MSVCRTD:gs_report.obj
 0001:0002beb0       capture_previous_context   000000018002ceb0 f   MSVCRTD:gs_report.obj
 0001:0002d570       $$000000                   000000018002e570     MSVCRTD:guard_dispatch.obj
 0001:0002d590       $$000000                   000000018002e590     MSVCRTD:guard_xfg_dispatch.obj
 0001:0002e5b0       ?fin$0@?0??dllmain_crt_process_attach@@YAHQEAUHINSTANCE__@@QEAX@Z@4HA 000000018002f5b0 f   MSVCRTD:dll_dllmain.obj
 0001:0002e5d0       ?fin$0@?0??dllmain_crt_process_detach@@YAH_N@Z@4HA 000000018002f5d0 f   MSVCRTD:dll_dllmain.obj
 0001:0002e5ea       ?fin$1@?0??dllmain_crt_process_detach@@YAH_N@Z@4HA 000000018002f5ea f   MSVCRTD:dll_dllmain.obj
 0001:0002e610       ?filt$0@?0??dllmain_dispatch@@YAHQEAUHINSTANCE__@@KQEAX@Z@4HA 000000018002f610 f   MSVCRTD:dll_dllmain.obj
 0001:0002e670       __scrt_is_nonwritable_in_current_image$filt$0 000000018002f670 f   MSVCRTD:utility.obj
 0002:00000880       crc_table                  0000000180031880     crc32.obj
 0002:00000c80       crc_big_table              0000000180031c80     crc32.obj
 0002:00001080       crc_braid_table            0000000180032080     crc32.obj
 0002:00002080       crc_braid_big_table        0000000180033080     crc32.obj
 0002:00003080       x2n_table                  0000000180034080     crc32.obj
 0002:00003970       configuration_table        0000000180034970     deflate.obj
 0002:00003a10       ?my_version@?1??deflateInit2_@@9@9 0000000180034a10     deflate.obj
 0002:00003a50       ?lenfix@?1??fixedtables@@9@9 0000000180034a50     infback.obj
 0002:00004250       ?distfix@?1??fixedtables@@9@9 0000000180035250     infback.obj
 0002:000042d0       ?order@?1??inflateBack@@9@9 00000001800352d0     infback.obj
 0002:000044b0       ?lenfix@?1??fixedtables@@9@9 00000001800354b0     inflate.obj
 0002:00004cb0       ?distfix@?1??fixedtables@@9@9 0000000180035cb0     inflate.obj
 0002:00004d30       ?order@?1??inflate@@9@9    0000000180035d30     inflate.obj
 0002:00004f40       ?lbase@?1??inflate_table@@9@9 0000000180035f40     inftrees.obj
 0002:00004f80       ?lext@?1??inflate_table@@9@9 0000000180035f80     inftrees.obj
 0002:00004fc0       ?dbase@?1??inflate_table@@9@9 0000000180035fc0     inftrees.obj
 0002:00005000       ?dext@?1??inflate_table@@9@9 0000000180036000     inftrees.obj
 0002:00005380       extra_lbits                0000000180036380     trees.obj
 0002:00005400       extra_dbits                0000000180036400     trees.obj
 0002:00005480       extra_blbits               0000000180036480     trees.obj
 0002:000054d0       bl_order                   00000001800364d0     trees.obj
 0002:000054f0       static_ltree               00000001800364f0     trees.obj
 0002:00005970       static_dtree               0000000180036970     trees.obj
 0002:000059f0       base_length                00000001800369f0     trees.obj
 0002:00005a70       base_dist                  0000000180036a70     trees.obj
 0002:00005ae8       static_l_desc              0000000180036ae8     trees.obj
 0002:00005b08       static_d_desc              0000000180036b08     trees.obj
 0002:00005b28       static_bl_desc             0000000180036b28     trees.obj
 0002:00005eb0       GS_ExceptionPointers       0000000180036eb0     MSVCRTD:gs_report.obj
 0002:00006bb8       $unwind$adler32            0000000180037bb8     adler32.obj
 0002:00006bc0       $unwind$adler32_z          0000000180037bc0     adler32.obj
 0002:00006bc8       $unwind$adler32_combine    0000000180037bc8     adler32.obj
 0002:00006bd0       $unwind$adler32_combine_   0000000180037bd0     adler32.obj
 0002:00006bd8       $unwind$adler32_combine64  0000000180037bd8     adler32.obj
 0002:00006be4       $unwind$compress           0000000180037be4     compress.obj
 0002:00006bec       $unwind$compress2          0000000180037bec     compress.obj
 0002:00006bf8       $unwind$crc32              0000000180037bf8     crc32.obj
 0002:00006c00       $unwind$crc32_z            0000000180037c00     crc32.obj
 0002:00006c08       $unwind$crc32_combine_op   0000000180037c08     crc32.obj
 0002:00006c10       $unwind$crc32_combine      0000000180037c10     crc32.obj
 0002:00006c18       $unwind$crc32_combine_gen  0000000180037c18     crc32.obj
 0002:00006c20       $unwind$multmodp           0000000180037c20     crc32.obj
 0002:00006c28       $unwind$x2nmodp            0000000180037c28     crc32.obj
 0002:00006c30       $unwind$crc_word           0000000180037c30     crc32.obj
 0002:00006c38       $unwind$crc_word_big       0000000180037c38     crc32.obj
 0002:00006c40       $unwind$crc32_combine64    0000000180037c40     crc32.obj
 0002:00006c48       $unwind$crc32_combine_gen64 0000000180037c48     crc32.obj
 0002:00006c58       $unwind$deflate            0000000180037c58     deflate.obj
 0002:00006c60       $unwind$deflateEnd         0000000180037c60     deflate.obj
 0002:00006c68       $unwind$deflateSetDictionary 0000000180037c68     deflate.obj
 0002:00006c70       $unwind$deflateGetDictionary 0000000180037c70     deflate.obj
 0002:00006c78       $unwind$deflateCopy        0000000180037c78     deflate.obj
 0002:00006c80       $unwind$deflateReset       0000000180037c80     deflate.obj
 0002:00006c88       $unwind$deflateParams      0000000180037c88     deflate.obj
 0002:00006c90       $unwind$deflateTune        0000000180037c90     deflate.obj
 0002:00006c98       $unwind$deflateBound       0000000180037c98     deflate.obj
 0002:00006ca0       $unwind$deflatePending     0000000180037ca0     deflate.obj
 0002:00006ca8       $unwind$deflatePrime       0000000180037ca8     deflate.obj
 0002:00006cb0       $unwind$deflateSetHeader   0000000180037cb0     deflate.obj
 0002:00006cb8       $unwind$deflateInit_       0000000180037cb8     deflate.obj
 0002:00006cc0       $unwind$deflateInit2_      0000000180037cc0     deflate.obj
 0002:00006cc8       $unwind$deflateResetKeep   0000000180037cc8     deflate.obj
 0002:00006cd0       $unwind$deflateStateCheck  0000000180037cd0     deflate.obj
 0002:00006cd8       $unwind$slide_hash         0000000180037cd8     deflate.obj
 0002:00006ce0       $unwind$fill_window        0000000180037ce0     deflate.obj
 0002:00006ce8       $unwind$deflate_stored     0000000180037ce8     deflate.obj
 0002:00006cf0       $unwind$deflate_fast       0000000180037cf0     deflate.obj
 0002:00006cf8       $unwind$deflate_slow       0000000180037cf8     deflate.obj
 0002:00006d00       $unwind$deflate_rle        0000000180037d00     deflate.obj
 0002:00006d08       $unwind$deflate_huff       0000000180037d08     deflate.obj
 0002:00006d10       $unwind$lm_init            0000000180037d10     deflate.obj
 0002:00006d18       $unwind$flush_pending      0000000180037d18     deflate.obj
 0002:00006d20       $unwind$read_buf           0000000180037d20     deflate.obj
 0002:00006d28       $unwind$longest_match      0000000180037d28     deflate.obj
 0002:00006d48       $unwind$gzclose            0000000180037d48     gzclose.obj
 0002:00006d50       $unwind$vsnprintf          0000000180037d50     gzlib.obj
 0002:00006d58       $unwind$snprintf           0000000180037d58     gzlib.obj
 0002:00006d60       $unwind$gzdopen            0000000180037d60     gzlib.obj
 0002:00006d68       $unwind$gzbuffer           0000000180037d68     gzlib.obj
 0002:00006d70       $unwind$gzrewind           0000000180037d70     gzlib.obj
 0002:00006d78       $unwind$gzeof              0000000180037d78     gzlib.obj
 0002:00006d80       $unwind$gzerror            0000000180037d80     gzlib.obj
 0002:00006d88       $unwind$gzclearerr         0000000180037d88     gzlib.obj
 0002:00006d90       $unwind$gzopen             0000000180037d90     gzlib.obj
 0002:00006d98       $unwind$gzseek             0000000180037d98     gzlib.obj
 0002:00006da0       $unwind$gztell             0000000180037da0     gzlib.obj
 0002:00006da8       $unwind$gzoffset           0000000180037da8     gzlib.obj
 0002:00006db0       $unwind$gzopen_w           0000000180037db0     gzlib.obj
 0002:00006db8       $unwind$gzopen64           0000000180037db8     gzlib.obj
 0002:00006dc0       $unwind$gzseek64           0000000180037dc0     gzlib.obj
 0002:00006dc8       $unwind$gztell64           0000000180037dc8     gzlib.obj
 0002:00006dd0       $unwind$gzoffset64         0000000180037dd0     gzlib.obj
 0002:00006dd8       $unwind$gz_error           0000000180037dd8     gzlib.obj
 0002:00006de0       $unwind$gz_reset           0000000180037de0     gzlib.obj
 0002:00006de8       $unwind$gz_open            0000000180037de8     gzlib.obj
 0002:00006e00       $unwind$gzread             0000000180037e00     gzread.obj
 0002:00006e08       $unwind$gzfread            0000000180037e08     gzread.obj
 0002:00006e10       $unwind$gzgets             0000000180037e10     gzread.obj
 0002:00006e18       $unwind$gzgetc             0000000180037e18     gzread.obj
 0002:00006e20       $unwind$gzungetc           0000000180037e20     gzread.obj
 0002:00006e28       $unwind$gzdirect           0000000180037e28     gzread.obj
 0002:00006e30       $unwind$gzclose_r          0000000180037e30     gzread.obj
 0002:00006e38       $unwind$gzgetc_            0000000180037e38     gzread.obj
 0002:00006e40       $unwind$gz_load            0000000180037e40     gzread.obj
 0002:00006e48       $unwind$gz_avail           0000000180037e48     gzread.obj
 0002:00006e50       $unwind$gz_look            0000000180037e50     gzread.obj
 0002:00006e58       $unwind$gz_decomp          0000000180037e58     gzread.obj
 0002:00006e60       $unwind$gz_fetch           0000000180037e60     gzread.obj
 0002:00006e68       $unwind$gz_skip            0000000180037e68     gzread.obj
 0002:00006e70       $unwind$gz_read            0000000180037e70     gzread.obj
 0002:00006e84       $unwind$gzsetparams        0000000180037e84     gzwrite.obj
 0002:00006e8c       $unwind$gzwrite            0000000180037e8c     gzwrite.obj
 0002:00006e94       $unwind$gzfwrite           0000000180037e94     gzwrite.obj
 0002:00006e9c       $unwind$gzprintf           0000000180037e9c     gzwrite.obj
 0002:00006ea4       $unwind$gzputs             0000000180037ea4     gzwrite.obj
 0002:00006eac       $unwind$gzputc             0000000180037eac     gzwrite.obj
 0002:00006eb4       $unwind$gzflush            0000000180037eb4     gzwrite.obj
 0002:00006ebc       $unwind$gzclose_w          0000000180037ebc     gzwrite.obj
 0002:00006ec4       $unwind$gzvprintf          0000000180037ec4     gzwrite.obj
 0002:00006ecc       $unwind$gz_init            0000000180037ecc     gzwrite.obj
 0002:00006ed4       $unwind$gz_comp            0000000180037ed4     gzwrite.obj
 0002:00006edc       $unwind$gz_zero            0000000180037edc     gzwrite.obj
 0002:00006ee4       $unwind$gz_write           0000000180037ee4     gzwrite.obj
 0002:00006ef8       $unwind$inflateBack        0000000180037ef8     infback.obj
 0002:00006f00       $unwind$inflateBackEnd     0000000180037f00     infback.obj
 0002:00006f08       $unwind$inflateBackInit_   0000000180037f08     infback.obj
 0002:00006f14       $unwind$inflate_fast       0000000180037f14     inffast.obj
 0002:00006f1c       $unwind$inflate            0000000180037f1c     inflate.obj
 0002:00006f24       $unwind$inflateEnd         0000000180037f24     inflate.obj
 0002:00006f2c       $unwind$inflateSetDictionary 0000000180037f2c     inflate.obj
 0002:00006f34       $unwind$inflateGetDictionary 0000000180037f34     inflate.obj
 0002:00006f3c       $unwind$inflateSync        0000000180037f3c     inflate.obj
 0002:00006f44       $unwind$inflateCopy        0000000180037f44     inflate.obj
 0002:00006f4c       $unwind$inflateReset       0000000180037f4c     inflate.obj
 0002:00006f54       $unwind$inflateReset2      0000000180037f54     inflate.obj
 0002:00006f5c       $unwind$inflatePrime       0000000180037f5c     inflate.obj
 0002:00006f64       $unwind$inflateMark        0000000180037f64     inflate.obj
 0002:00006f6c       $unwind$inflateGetHeader   0000000180037f6c     inflate.obj
 0002:00006f74       $unwind$inflateInit_       0000000180037f74     inflate.obj
 0002:00006f7c       $unwind$inflateInit2_      0000000180037f7c     inflate.obj
 0002:00006f84       $unwind$inflateSyncPoint   0000000180037f84     inflate.obj
 0002:00006f8c       $unwind$inflateUndermine   0000000180037f8c     inflate.obj
 0002:00006f94       $unwind$inflateValidate    0000000180037f94     inflate.obj
 0002:00006f9c       $unwind$inflateCodesUsed   0000000180037f9c     inflate.obj
 0002:00006fa4       $unwind$inflateResetKeep   0000000180037fa4     inflate.obj
 0002:00006fac       $unwind$inflateStateCheck  0000000180037fac     inflate.obj
 0002:00006fb4       $unwind$updatewindow       0000000180037fb4     inflate.obj
 0002:00006fbc       $unwind$syncsearch         0000000180037fbc     inflate.obj
 0002:00006fd4       $unwind$inflate_table      0000000180037fd4     inftrees.obj
 0002:00006fdc       $unwind$call_zopen64       0000000180037fdc     ioapi.obj
 0002:00006fe4       $unwind$call_zseek64       0000000180037fe4     ioapi.obj
 0002:00006fec       $unwind$call_ztell64       0000000180037fec     ioapi.obj
 0002:00006ff4       $unwind$fopen_file_func    0000000180037ff4     ioapi.obj
 0002:00006ffc       $unwind$fread_file_func    0000000180037ffc     ioapi.obj
 0002:00007004       $unwind$fwrite_file_func   0000000180038004     ioapi.obj
 0002:0000700c       $unwind$ftell64_file_func  000000018003800c     ioapi.obj
 0002:00007014       $unwind$fseek64_file_func  0000000180038014     ioapi.obj
 0002:0000701c       $unwind$fclose_file_func   000000018003801c     ioapi.obj
 0002:00007024       $unwind$ferror_file_func   0000000180038024     ioapi.obj
 0002:0000702c       $unwind$fopen64_file_func  000000018003802c     ioapi.obj
 0002:00007034       $unwind$ftell_file_func    0000000180038034     ioapi.obj
 0002:0000703c       $unwind$fseek_file_func    000000018003803c     ioapi.obj
 0002:00007050       $unwind$win32_open_file_func 0000000180038050     iowin32.obj
 0002:00007058       $unwind$win32_read_file_func 0000000180038058     iowin32.obj
 0002:00007060       $unwind$win32_write_file_func 0000000180038060     iowin32.obj
 0002:00007068       $unwind$win32_tell64_file_func 0000000180038068     iowin32.obj
 0002:00007070       $unwind$win32_seek64_file_func 0000000180038070     iowin32.obj
 0002:00007078       $unwind$win32_close_file_func 0000000180038078     iowin32.obj
 0002:00007080       $unwind$win32_error_file_func 0000000180038080     iowin32.obj
 0002:00007088       $unwind$win32_build_iowin  0000000180038088     iowin32.obj
 0002:00007094       $unwind$win32_open64_file_func 0000000180038094     iowin32.obj
 0002:0000709c       $unwind$win32_open64_file_funcA 000000018003809c     iowin32.obj
 0002:000070a4       $unwind$win32_open64_file_funcW 00000001800380a4     iowin32.obj
 0002:000070ac       $unwind$MySetFilePointerEx 00000001800380ac     iowin32.obj
 0002:000070b4       $unwind$win32_tell_file_func 00000001800380b4     iowin32.obj
 0002:000070bc       $unwind$win32_seek_file_func 00000001800380bc     iowin32.obj
 0002:000070d0       $unwind$_tr_init           00000001800380d0     trees.obj
 0002:000070d8       $unwind$_tr_tally          00000001800380d8     trees.obj
 0002:000070e0       $unwind$_tr_flush_block    00000001800380e0     trees.obj
 0002:000070e8       $unwind$_tr_flush_bits     00000001800380e8     trees.obj
 0002:000070f0       $unwind$_tr_align          00000001800380f0     trees.obj
 0002:000070f8       $unwind$_tr_stored_block   00000001800380f8     trees.obj
 0002:00007100       $unwind$init_block         0000000180038100     trees.obj
 0002:00007108       $unwind$pqdownheap         0000000180038108     trees.obj
 0002:00007110       $unwind$gen_bitlen         0000000180038110     trees.obj
 0002:00007118       $unwind$gen_codes          0000000180038118     trees.obj
 0002:00007120       $unwind$build_tree         0000000180038120     trees.obj
 0002:00007128       $unwind$scan_tree          0000000180038128     trees.obj
 0002:00007130       $unwind$send_tree          0000000180038130     trees.obj
 0002:00007138       $unwind$build_bl_tree      0000000180038138     trees.obj
 0002:00007140       $unwind$send_all_trees     0000000180038140     trees.obj
 0002:00007148       $unwind$compress_block     0000000180038148     trees.obj
 0002:00007150       $unwind$detect_data_type   0000000180038150     trees.obj
 0002:00007158       $unwind$bi_reverse         0000000180038158     trees.obj
 0002:00007170       $unwind$uncompress         0000000180038170     uncompr.obj
 0002:00007178       $unwind$uncompress2        0000000180038178     uncompr.obj
 0002:00007184       $unwind$unzStringFileNameCompare 0000000180038184     unzip.obj
 0002:0000718c       $unwind$unzOpen            000000018003818c     unzip.obj
 0002:00007194       $unwind$unzOpen64          0000000180038194     unzip.obj
 0002:0000719c       $unwind$unzOpen2           000000018003819c     unzip.obj
 0002:000071a4       $unwind$unzOpen2_64        00000001800381a4     unzip.obj
[...]
 0002:0000777c       $unwind$__GSHandlerCheckCommon 000000018003877c     MSVCRTD:gshandler.obj
 0002:00007784       $unwind$__GSHandlerCheck   0000000180038784     MSVCRTD:gshandler.obj
 0002:00007790       $xdatasym                  0000000180038790     MSVCRTD:amdsecgs.obj
 0002:00007794       $unwind$__report_securityfailure 0000000180038794     MSVCRTD:gs_report.obj
 0002:0000779c       $unwind$__report_securityfailureEx 000000018003879c     MSVCRTD:gs_report.obj
 0002:000077a4       $unwind$__report_rangecheckfailure 00000001800387a4     MSVCRTD:gs_report.obj
 0002:000077ac       $unwind$__report_gsfailure 00000001800387ac     MSVCRTD:gs_report.obj
 0002:000077b4       $unwind$capture_current_context 00000001800387b4     MSVCRTD:gs_report.obj
 0002:000077bc       $unwind$capture_previous_context 00000001800387bc     MSVCRTD:gs_report.obj
 0002:000077c4       $unwind$__raise_securityfailure 00000001800387c4     MSVCRTD:gs_report.obj
 0002:00007a10       .edata                     0000000180038a10     zlibwapi.exp
 0002:00007a38       rgpv                       0000000180038a38     zlibwapi.exp
 0002:00007d00       rgszName                   0000000180038d00     zlibwapi.exp
 0002:00007f10       rgwOrd                     0000000180038f10     zlibwapi.exp
 0002:00008018       szName                     0000000180039018     zlibwapi.exp
 0002:00008025       $N00001                    0000000180039025     zlibwapi.exp
 0002:0000802d       $N00140                    000000018003902d     zlibwapi.exp
 0002:0000803d       $N00174                    000000018003903d     zlibwapi.exp
 0002:00008047       $N00002                    0000000180039047     zlibwapi.exp
 0002:00008050       $N00039                    0000000180039050     zlibwapi.exp
 0002:0000805a       $N00046                    000000018003905a     zlibwapi.exp
 0002:00008068       $N00003                    0000000180039068     zlibwapi.exp
 0002:0000806e       $N00142                    000000018003906e     zlibwapi.exp
 0002:0000807c       $N00176                    000000018003907c     zlibwapi.exp
 0002:0000808e       $N00177                    000000018003908e     zlibwapi.exp
 0002:000080a2       $N00178                    00000001800390a2     zlibwapi.exp
 0002:000080b3       $N00175                    00000001800390b3     zlibwapi.exp
 0002:000080bb       $N00004                    00000001800390bb     zlibwapi.exp
 0002:000080c3       $N00047                    00000001800390c3     zlibwapi.exp
 0002:000080d0       $N00005                    00000001800390d0     zlibwapi.exp
 0002:000080dc       $N00006                    00000001800390dc     zlibwapi.exp
 0002:000080e7       $N00173                    00000001800390e7     zlibwapi.exp
 0002:000080fc       $N00007                    00000001800390fc     zlibwapi.exp
 0002:0000810a       $N00008                    000000018003910a     zlibwapi.exp
 0002:00008117       $N00009                    0000000180039117     zlibwapi.exp
 0002:00008125       $N00052                    0000000180039125     zlibwapi.exp
 0002:00008134       $N00051                    0000000180039134     zlibwapi.exp
 0002:00008141       $N00010                    0000000180039141     zlibwapi.exp
 0002:0000814e       $N00164                    000000018003914e     zlibwapi.exp
 0002:0000815f       $N00011                    000000018003915f     zlibwapi.exp
 0002:00008174       $N00144                    0000000180039174     zlibwapi.exp
 0002:00008185       $N00145                    0000000180039185     zlibwapi.exp
 0002:00008191       $N00110                    0000000180039191     zlibwapi.exp
 0002:000081a5       $N00111                    00000001800391a5     zlibwapi.exp
 0002:000081bb       $N00112                    00000001800391bb     zlibwapi.exp
 0002:000081d2       $N00113                    00000001800391d2     zlibwapi.exp
 0002:000081e9       $N00038                    00000001800391e9     zlibwapi.exp
 0002:000081f7       $N00146                    00000001800391f7     zlibwapi.exp
 0002:00008200       $N00048                    0000000180039200     zlibwapi.exp
 0002:0000820b       $N00012                    000000018003920b     zlibwapi.exp
 0002:00008213       $N00147                    0000000180039213     zlibwapi.exp
 0002:0000821d       $N00148                    000000018003921d     zlibwapi.exp
 0002:00008227       $N00149                    0000000180039227     zlibwapi.exp
 0002:00008230       $N00013                    0000000180039230     zlibwapi.exp
 0002:00008238       $N00034                    0000000180039238     zlibwapi.exp
 0002:0000823e       $N00014                    000000018003923e     zlibwapi.exp
 0002:00008246       $N00015                    0000000180039246     zlibwapi.exp
 0002:0000824e       $N00171                    000000018003924e     zlibwapi.exp
 0002:00008256       $N00172                    0000000180039256     zlibwapi.exp
 0002:0000825f       $N00030                    000000018003925f     zlibwapi.exp
 0002:00008266       $N00161                    0000000180039266     zlibwapi.exp
 0002:0000826e       $N00041                    000000018003926e     zlibwapi.exp
 0002:00008275       $N00150                    0000000180039275     zlibwapi.exp
 0002:0000827e       $N00016                    000000018003927e     zlibwapi.exp
 0002:00008285       $N00165                    0000000180039285     zlibwapi.exp
 0002:0000828e       $N00028                    000000018003928e     zlibwapi.exp
 0002:00008297       $N00029                    0000000180039297     zlibwapi.exp
 0002:0000829e       $N00040                    000000018003929e     zlibwapi.exp
 0002:000082a5       $N00017                    00000001800392a5     zlibwapi.exp
 0002:000082ac       $N00032                    00000001800392ac     zlibwapi.exp
 0002:000082b5       $N00031                    00000001800392b5     zlibwapi.exp
 0002:000082bc       $N00035                    00000001800392bc     zlibwapi.exp
 0002:000082c8       $N00033                    00000001800392c8     zlibwapi.exp
 0002:000082cf       $N00049                    00000001800392cf     zlibwapi.exp
 0002:000082d8       $N00167                    00000001800392d8     zlibwapi.exp
 0002:000082e2       $N00018                    00000001800392e2     zlibwapi.exp
 0002:000082ea       $N00019                    00000001800392ea     zlibwapi.exp
 0002:000082f2       $N00044                    00000001800392f2     zlibwapi.exp
 0002:000082fe       $N00045                    00000001800392fe     zlibwapi.exp
 0002:0000830d       $N00043                    000000018003930d     zlibwapi.exp
 0002:0000831e       $N00168                    000000018003931e     zlibwapi.exp
 0002:0000832f       $N00042                    000000018003932f     zlibwapi.exp
 0002:0000833b       $N00020                    000000018003933b     zlibwapi.exp
 0002:00008346       $N00166                    0000000180039346     zlibwapi.exp
 0002:0000835b       $N00156                    000000018003935b     zlibwapi.exp
 0002:0000836c       $N00021                    000000018003936c     zlibwapi.exp
 0002:0000837a       $N00022                    000000018003937a     zlibwapi.exp
 0002:00008387       $N00157                    0000000180039387     zlibwapi.exp
 0002:00008393       $N00158                    0000000180039393     zlibwapi.exp
 0002:000083a0       $N00023                    00000001800393a0     zlibwapi.exp
 0002:000083ad       $N00159                    00000001800393ad     zlibwapi.exp
 0002:000083bb       $N00163                    00000001800393bb     zlibwapi.exp
 0002:000083cc       $N00024                    00000001800393cc     zlibwapi.exp
 0002:000083e1       $N00025                    00000001800393e1     zlibwapi.exp
 0002:000083ed       $N00037                    00000001800393ed     zlibwapi.exp
 0002:000083fe       $N00160                    00000001800393fe     zlibwapi.exp
 0002:0000840f       $N00169                    000000018003940f     zlibwapi.exp
 0002:0000841f       $N00026                    000000018003941f     zlibwapi.exp
 0002:0000842a       $N00170                    000000018003942a     zlibwapi.exp
 0002:00008436       $N00062                    0000000180039436     zlibwapi.exp
 0002:0000843f       $N00072                    000000018003943f     zlibwapi.exp
 0002:00008453       $N00064                    0000000180039453     zlibwapi.exp
 0002:00008469       $N00124                    0000000180039469     zlibwapi.exp
 0002:00008481       $N00125                    0000000180039481     zlibwapi.exp
 0002:0000849f       $N00100                    000000018003949f     zlibwapi.exp
 0002:000084ad       $N00127                    00000001800394ad     zlibwapi.exp
 0002:000084bd       $N00073                    00000001800394bd     zlibwapi.exp
 0002:000084d1       $N00063                    00000001800394d1     zlibwapi.exp
 0002:000084e2       $N00122                    00000001800394e2     zlibwapi.exp
 0002:000084f5       $N00076                    00000001800394f5     zlibwapi.exp
 0002:0000850b       $N00101                    000000018003950b     zlibwapi.exp
 0002:0000851a       $N00128                    000000018003951a     zlibwapi.exp
 0002:0000852b       $N00065                    000000018003952b     zlibwapi.exp
 0002:0000853c       $N00066                    000000018003953c     zlibwapi.exp
 0002:0000854c       $N00075                    000000018003954c     zlibwapi.exp
 0002:0000855a       $N00061                    000000018003955a     zlibwapi.exp
 0002:00008562       $N00077                    0000000180039562     zlibwapi.exp
 0002:0000856b       $N00121                    000000018003956b     zlibwapi.exp
 0002:00008577       $N00120                    0000000180039577     zlibwapi.exp
 0002:00008581       $N00067                    0000000180039581     zlibwapi.exp
 0002:00008594       $N00078                    0000000180039594     zlibwapi.exp
 0002:000085a8       $N00069                    00000001800395a8     zlibwapi.exp
 0002:000085bc       $N00079                    00000001800395bc     zlibwapi.exp
 0002:000085d7       $N00068                    00000001800395d7     zlibwapi.exp
 0002:000085ea       $N00074                    00000001800395ea     zlibwapi.exp
 0002:00008603       $N00071                    0000000180039603     zlibwapi.exp
 0002:0000860a       $N00070                    000000018003960a     zlibwapi.exp
 0002:00008612       $N00126                    0000000180039612     zlibwapi.exp
 0002:0000861c       $N00036                    000000018003961c     zlibwapi.exp
 0002:00008623       $N00084                    0000000180039623     zlibwapi.exp
 0002:0000862c       $N00083                    000000018003962c     zlibwapi.exp
 0002:0000863e       $N00087                    000000018003963e     zlibwapi.exp
 0002:00008653       $N00136                    0000000180039653     zlibwapi.exp
 0002:0000866a       $N00080                    000000018003966a     zlibwapi.exp
 0002:00008672       $N00088                    0000000180039672     zlibwapi.exp
 0002:0000867b       $N00131                    000000018003967b     zlibwapi.exp
 0002:00008687       $N00130                    0000000180039687     zlibwapi.exp
 0002:00008691       $N00081                    0000000180039691     zlibwapi.exp
 0002:000086a5       $N00086                    00000001800396a5     zlibwapi.exp
 0002:000086ba       $N00133                    00000001800396ba     zlibwapi.exp
 0002:000086d2       $N00089                    00000001800396d2     zlibwapi.exp
 0002:000086e7       $N00134                    00000001800396e7     zlibwapi.exp
 0002:000086ff       $N00135                    00000001800396ff     zlibwapi.exp
 0002:00008717       $N00132                    0000000180039717     zlibwapi.exp
 0002:0000872d       $N00082                    000000018003972d     zlibwapi.exp
 0002:00008741       $N00050                    0000000180039741     zlibwapi.exp
 0002:00008752       $N00027                    0000000180039752     zlibwapi.exp
 0003:00000000       $SG42510                   000000018003a000     compress.obj
 0003:00000008       $SG47406                   000000018003a008     gzlib.obj
 0003:00000010       $SG47433                   000000018003a010     gzlib.obj
 0003:00000018       $SG47553                   000000018003a018     gzlib.obj
 0003:00000028       $SG47582                   000000018003a028     gzlib.obj
 0003:0000002c       $SG47583                   000000018003a02c     gzlib.obj
 0003:00000040       $SG47399                   000000018003a040     gzread.obj
 0003:00000050       $SG47401                   000000018003a050     gzread.obj
 0003:00000058       $SG47402                   000000018003a058     gzread.obj
 0003:00000068       $SG47420                   000000018003a068     gzread.obj
 0003:00000080       $SG47423                   000000018003a080     gzread.obj
 0003:000000a8       $SG47425                   000000018003a0a8     gzread.obj
 0003:000000b8       $SG47427                   000000018003a0b8     gzread.obj
 0003:000000d0       $SG47510                   000000018003a0d0     gzread.obj
 0003:000000f0       $SG47526                   000000018003a0f0     gzread.obj
 0003:00000118       $SG47562                   000000018003a118     gzread.obj
 0003:00000168       $SG47358                   000000018003a168     gzwrite.obj
 0003:00000178       $SG47361                   000000018003a178     gzwrite.obj
 0003:00000188       $SG47362                   000000018003a188     gzwrite.obj
 0003:00000190       $SG47364                   000000018003a190     gzwrite.obj
 0003:000001a0       $SG47398                   000000018003a1a0     gzwrite.obj
 0003:000001c8       $SG47463                   000000018003a1c8     gzwrite.obj
 0003:000001f0       $SG47478                   000000018003a1f0     gzwrite.obj
 0003:00000218       $SG47518                   000000018003a218     gzwrite.obj
 0003:00000268       $SG44119                   000000018003a268     infback.obj
 0003:00000270       $SG44505                   000000018003a270     infback.obj
 0003:00000288       $SG44510                   000000018003a288     infback.obj
 0003:000002a8       $SG44522                   000000018003a2a8     infback.obj
 0003:000002d0       $SG44526                   000000018003a2d0     infback.obj
 0003:000002f0       $SG44537                   000000018003a2f0     infback.obj
 0003:00000310       $SG44545                   000000018003a310     infback.obj
 0003:00000330       $SG44548                   000000018003a330     infback.obj
 0003:00000358       $SG44550                   000000018003a358     infback.obj
 0003:00000378       $SG44552                   000000018003a378     infback.obj
 0003:00000390       $SG44568                   000000018003a390     infback.obj
 0003:000003b0       $SG44580                   000000018003a3b0     infback.obj
 0003:000003c8       $SG44585                   000000018003a3c8     infback.obj
 0003:00000438       $SG44183                   000000018003a438     inffast.obj
 0003:00000458       $SG44198                   000000018003a458     inffast.obj
 0003:00000470       $SG44203                   000000018003a470     inffast.obj
 0003:000004a0       $SG44178                   000000018003a4a0     inflate.obj
 0003:000004a8       $SG44738                   000000018003a4a8     inflate.obj
 0003:000004c0       $SG44740                   000000018003a4c0     inflate.obj
 0003:000004e0       $SG44744                   000000018003a4e0     inflate.obj
 0003:000004f8       $SG44748                   000000018003a4f8     inflate.obj
 0003:00000518       $SG44750                   000000018003a518     inflate.obj
 0003:00000538       $SG44797                   000000018003a538     inflate.obj
 0003:00000550       $SG44814                   000000018003a550     inflate.obj
 0003:00000568       $SG44818                   000000018003a568     inflate.obj
 0003:00000588       $SG44830                   000000018003a588     inflate.obj
 0003:000005b0       $SG44834                   000000018003a5b0     inflate.obj
 0003:000005d0       $SG44844                   000000018003a5d0     inflate.obj
 0003:000005f0       $SG44850                   000000018003a5f0     inflate.obj
 0003:00000610       $SG44853                   000000018003a610     inflate.obj
 0003:00000638       $SG44855                   000000018003a638     inflate.obj
 0003:00000658       $SG44857                   000000018003a658     inflate.obj
 0003:00000670       $SG44871                   000000018003a670     inflate.obj
 0003:00000690       $SG44882                   000000018003a690     inflate.obj
 0003:000006a8       $SG44892                   000000018003a6a8     inflate.obj
 0003:000006c8       $SG44905                   000000018003a6c8     inflate.obj
 0003:000006e0       $SG44910                   000000018003a6e0     inflate.obj
 0003:00000770       $SG47035                   000000018003a770     ioapi.obj
 0003:00000774       $SG47038                   000000018003a774     ioapi.obj
 0003:00000778       $SG47040                   000000018003a778     ioapi.obj
 0003:0000077c       $SG47060                   000000018003a77c     ioapi.obj
 0003:00000780       $SG47063                   000000018003a780     ioapi.obj
 0003:00000784       $SG47065                   000000018003a784     ioapi.obj
 0003:0000078c       $SG42513                   000000018003a78c     uncompr.obj
 0003:00000794       $SG47924                   000000018003a794     unzip.obj
 0003:0000079c       $SG48337                   000000018003a79c     zip.obj
 0003:000007a0       $SG48360                   000000018003a7a0     zip.obj
 0003:000007b0       $SG47361                   000000018003a7b0     zutil.obj
 0003:000007c0       $SG47362                   000000018003a7c0     zutil.obj
 0003:000007d0       $SG47364                   000000018003a7d0     zutil.obj
 0003:000007e0       $SG47365                   000000018003a7e0     zutil.obj
 0003:000007f0       $SG47366                   000000018003a7f0     zutil.obj
 0003:00000800       $SG47367                   000000018003a800     zutil.obj
 0003:00000818       $SG47368                   000000018003a818     zutil.obj
 0003:00000828       $SG47369                   000000018003a828     zutil.obj
 0003:00000840       $SG47372                   000000018003a840     zutil.obj
 0003:000009d0       $SG47554                   000000018003a9d0     gzlib.obj
 0003:000009d4       ?calls@?1??crypthead@@9@9  000000018003a9d4     zip.obj
 0003:000009d8       $SG47363                   000000018003a9d8     zutil.obj
 0003:000009d9       $SG47370                   000000018003a9d9     zutil.obj
 0003:000009dc       ?__proc_attached@@3HA      000000018003a9dc     MSVCRTD:dll_dllmain.obj
 0003:00000a28       ?is_initialized_as_dll@@3_NA 000000018003aa28     MSVCRTD:utility.obj
 0003:00000a29       ?module_local_atexit_table_initialized@@3_NA 000000018003aa29     MSVCRTD:utility.obj
 0003:00000a30       ?module_local_atexit_table@@3U_onexit_table_t@@A 000000018003aa30     MSVCRTD:utility.obj
 0003:00000a48       ?module_local_at_quick_exit_table@@3U_onexit_table_t@@A 000000018003aa48     MSVCRTD:utility.obj
 0003:00000a80       GS_ExceptionRecord         000000018003aa80     MSVCRTD:gs_report.obj
 0003:00000b20       GS_ContextRecord           000000018003ab20     MSVCRTD:gs_report.obj
 0005:000007e4       .idata$6                   000000018003e7e4     kernel32:KERNEL32.dll
 0005:00000886       .idata$6                   000000018003e886     vcruntimed:VCRUNTIME140D.dll
 0005:00000a96       .idata$6                   000000018003ea96     ucrtd:ucrtbased.dll
 0007:00000170       $R000000                   0000000180040170     zlib.res
