 zlibwapi

 Timestamp is 63fed89e (Tue Feb 28 20:46:22 2023)

 Preferred load address is 0000000180000000

 Start         Length     Name                   Class
 0001:00000000 00012220H .text$mn                CODE
 0001:00012220 00000036H .text$mn$00             CODE
 0001:00012256 00000092H .text$x                 CODE
 0002:00000000 00000250H .idata$5                DATA
 0002:00000250 00000038H .00cfg                  DATA
 0002:00000288 00000008H .CRT$XCA                DATA
 0002:00000290 00000008H .CRT$XCZ                DATA
 0002:00000298 00000008H .CRT$XIA                DATA
 0002:000002a0 00000008H .CRT$XIZ                DATA
 0002:000002a8 00000008H .CRT$XPA                DATA
 0002:000002b0 00000008H .CRT$XPZ                DATA
 0002:000002b8 00000008H .CRT$XTA                DATA
 0002:000002c0 00000010H .CRT$XTZ                DATA
 0002:000002c8 00000000H .gehcont$y              DATA
 0002:000002c8 00000000H .gfids$y                DATA
 0002:000002d0 00004d30H .rdata                  DATA
 0002:00005000 00000080H .rdata$CastGuardVftablesA DATA
 0002:00005080 00000080H .rdata$CastGuardVftablesC DATA
 0002:00005100 00000078H .rdata$voltmd           DATA
 0002:00005178 00000360H .rdata$zzzdbg           DATA
 0002:000054d8 00000008H .rtc$IAA                DATA
 0002:000054e0 00000008H .rtc$IZZ                DATA
 0002:000054e8 00000008H .rtc$TAA                DATA
 0002:000054f0 00000008H .rtc$TZZ                DATA
 0002:000054f8 00001818H .xdata                  DATA
 0002:00006d10 00000d50H .edata                  DATA
 0002:00007a60 000000a0H .idata$2                DATA
 0002:00007b00 00000018H .idata$3                DATA
 0002:00007b18 00000250H .idata$4                DATA
 0002:00007d68 0000052cH .idata$6                DATA
 0003:00000000 00000040H .data                   DATA
 0003:00000040 000000a0H .bss                    DATA
 0004:00000000 00001170H .pdata                  DATA
 0005:00000000 00000060H .rsrc$01                DATA
 0005:00000060 00000338H .rsrc$02                DATA

  Address         Publics by Value              Rva+Base               Lib:Object

 0000:00000000       __AbsoluteZero             0000000000000000     <absolute>
 0000:00000000       ___safe_se_handler_count   0000000000000000     <absolute>
 0000:00000000       ___safe_se_handler_table   0000000000000000     <absolute>
 0000:00000000       __arm64x_extra_rfe_table   0000000000000000     <absolute>
 0000:00000000       __arm64x_extra_rfe_table_size 0000000000000000     <absolute>
 0000:00000000       __arm64x_native_entrypoint 0000000000000000     <absolute>
 0000:00000000       __arm64x_redirection_metadata 0000000000000000     <absolute>
 0000:00000000       __arm64x_redirection_metadata_count 0000000000000000     <absolute>
 0000:00000000       __dynamic_value_reloc_table 0000000000000000     <absolute>
 0000:00000000       __enclave_config           0000000000000000     <absolute>
 0000:00000000       __guard_check_icall_a64n_fptr 0000000000000000     <absolute>
 0000:00000000       __guard_eh_cont_count      0000000000000000     <absolute>
 0000:00000000       __guard_eh_cont_table      0000000000000000     <absolute>
 0000:00000000       __guard_fids_count         0000000000000000     <absolute>
 0000:00000000       __guard_fids_table         0000000000000000     <absolute>
 0000:00000000       __guard_iat_count          0000000000000000     <absolute>
 0000:00000000       __guard_iat_table          0000000000000000     <absolute>
 0000:00000000       __guard_longjmp_count      0000000000000000     <absolute>
 0000:00000000       __guard_longjmp_table      0000000000000000     <absolute>
 0000:00000000       __hybrid_auxiliary_iat     0000000000000000     <absolute>
 0000:00000000       __hybrid_auxiliary_iat_copy 0000000000000000     <absolute>
 0000:00000000       __hybrid_code_map          0000000000000000     <absolute>
 0000:00000000       __hybrid_code_map_count    0000000000000000     <absolute>
 0000:00000000       __x64_code_ranges_to_entry_points 0000000000000000     <absolute>
 0000:00000000       __x64_code_ranges_to_entry_points_count 0000000000000000     <absolute>
 0000:00000100       __guard_flags              0000000000000100     <absolute>
 0000:00000000       __ImageBase                0000000180000000     <linker-defined>
 0001:00000000       adler32_z                  0000000180001000 f   adler32.obj
 0001:000002e0       adler32                    00000001800012e0 f   adler32.obj
 0001:000003d0       adler32_combine            00000001800013d0 f   adler32.obj
 0001:000003e0       compress2                  00000001800013e0 f   compress.obj
 0001:000004e0       compress                   00000001800014e0 f   compress.obj
 0001:00000500       compressBound              0000000180001500 f   compress.obj
 0001:000005c0       get_crc_table              00000001800015c0 f   crc32.obj
 0001:00000650       crc32_z                    0000000180001650 f   crc32.obj
 0001:00000a10       crc32                      0000000180001a10 f   crc32.obj
 0001:00000a20       crc32_combine64            0000000180001a20 f   crc32.obj
 0001:00000a50       crc32_combine              0000000180001a50 f   crc32.obj
 0001:00000a60       crc32_combine_gen64        0000000180001a60 f   crc32.obj
 0001:00000a70       crc32_combine_gen          0000000180001a70 f   crc32.obj
 0001:00000a80       crc32_combine_op           0000000180001a80 f   crc32.obj
 0001:00000b20       deflateInit_               0000000180001b20 f   deflate.obj
 0001:00000b60       deflateInit2_              0000000180001b60 f   deflate.obj
 0001:00000e50       deflateSetDictionary       0000000180001e50 f   deflate.obj
 0001:00001040       deflateGetDictionary       0000000180002040 f   deflate.obj
 0001:000010c0       deflateResetKeep           00000001800020c0 f   deflate.obj
 0001:00001160       deflateReset               0000000180002160 f   deflate.obj
 0001:00001190       deflateSetHeader           0000000180002190 f   deflate.obj
 0001:000011d0       deflatePending             00000001800021d0 f   deflate.obj
 0001:00001220       deflatePrime               0000000180002220 f   deflate.obj
 0001:000012e0       deflateParams              00000001800022e0 f   deflate.obj
 0001:00001460       deflateTune                0000000180002460 f   deflate.obj
 0001:000014b0       deflateBound               00000001800024b0 f   deflate.obj
 0001:000016b0       deflate                    00000001800026b0 f   deflate.obj
 0001:00002010       deflateEnd                 0000000180003010 f   deflate.obj
 0001:000020c0       deflateCopy                00000001800030c0 f   deflate.obj
 0001:00003b50       gzclose                    0000000180004b50 f   gzclose.obj
 0001:00003b70       __local_stdio_printf_options 0000000180004b70 f i gzlib.obj
 0001:00003b80       vsnprintf                  0000000180004b80 f i gzlib.obj
 0001:00003bf0       snprintf                   0000000180004bf0 f i gzlib.obj
 0001:00003fd0       gzopen                     0000000180004fd0 f   gzlib.obj
 0001:00003fe0       gzdopen                    0000000180004fe0 f   gzlib.obj
 0001:00004070       gzopen_w                   0000000180005070 f   gzlib.obj
 0001:00004080       gzbuffer                   0000000180005080 f   gzlib.obj
 0001:000040c0       gzrewind                   00000001800050c0 f   gzlib.obj
 0001:00004120       gzseek64                   0000000180005120 f   gzlib.obj
 0001:00004270       gzseek                     0000000180005270 f   gzlib.obj
 0001:000042a0       gztell64                   00000001800052a0 f   gzlib.obj
 0001:000042e0       gztell                     00000001800052e0 f   gzlib.obj
 0001:00004300       gzoffset64                 0000000180005300 f   gzlib.obj
 0001:00004360       gzoffset                   0000000180005360 f   gzlib.obj
 0001:00004380       gzeof                      0000000180005380 f   gzlib.obj
 0001:000043a0       gzerror                    00000001800053a0 f   gzlib.obj
 0001:000043f0       gzclearerr                 00000001800053f0 f   gzlib.obj
 0001:00004430       gz_error                   0000000180005430 f   gzlib.obj
 0001:00004c00       gzread                     0000000180005c00 f   gzread.obj
 0001:00004c70       gzfread                    0000000180005c70 f   gzread.obj
 0001:00004cf0       gzgetc                     0000000180005cf0 f   gzread.obj
 0001:00004d70       gzgetc_                    0000000180005d70 f   gzread.obj
 0001:00004d80       gzungetc                   0000000180005d80 f   gzread.obj
 0001:00004ea0       gzgets                     0000000180005ea0 f   gzread.obj
 0001:00004fe0       gzdirect                   0000000180005fe0 f   gzread.obj
 0001:00005020       gzclose_r                  0000000180006020 f   gzread.obj
 0001:000055a0       gzwrite                    00000001800065a0 f   gzwrite.obj
 0001:000055f0       gzfwrite                   00000001800065f0 f   gzwrite.obj
 0001:00005670       gzputc                     0000000180006670 f   gzwrite.obj
 0001:00005740       gzputs                     0000000180006740 f   gzwrite.obj
 0001:000057d0       gzvprintf                  00000001800067d0 f   gzwrite.obj
 0001:00005960       gzprintf                   0000000180006960 f   gzwrite.obj
 0001:00005990       gzflush                    0000000180006990 f   gzwrite.obj
 0001:00005a00       gzsetparams                0000000180006a00 f   gzwrite.obj
 0001:00005ac0       gzclose_w                  0000000180006ac0 f   gzwrite.obj
 0001:00005b90       inflateBackInit_           0000000180006b90 f   infback.obj
 0001:00005ce0       inflateBack                0000000180006ce0 f   infback.obj
 0001:00006ba0       inflateBackEnd             0000000180007ba0 f   infback.obj
 0001:00006bf0       inflate_fast               0000000180007bf0 f   inffast.obj
 0001:00007130       inflateResetKeep           0000000180008130 f   inflate.obj
 0001:000071d0       inflateReset               00000001800081d0 f   inflate.obj
 0001:00007200       inflateReset2              0000000180008200 f   inflate.obj
 0001:000072a0       inflateInit2_              00000001800082a0 f   inflate.obj
 0001:000073a0       inflateInit_               00000001800083a0 f   inflate.obj
 0001:000073b0       inflatePrime               00000001800083b0 f   inflate.obj
 0001:00007550       inflate                    0000000180008550 f   inflate.obj
 0001:00008d70       inflateEnd                 0000000180009d70 f   inflate.obj
 0001:00008dd0       inflateGetDictionary       0000000180009dd0 f   inflate.obj
 0001:00008e60       inflateSetDictionary       0000000180009e60 f   inflate.obj
 0001:00008f20       inflateGetHeader           0000000180009f20 f   inflate.obj
 0001:00008fd0       inflateSync                0000000180009fd0 f   inflate.obj
 0001:00009120       inflateSyncPoint           000000018000a120 f   inflate.obj
 0001:00009160       inflateCopy                000000018000a160 f   inflate.obj
 0001:00009310       inflateUndermine           000000018000a310 f   inflate.obj
 0001:00009340       inflateValidate            000000018000a340 f   inflate.obj
 0001:00009380       inflateMark                000000018000a380 f   inflate.obj
 0001:000093f0       inflateCodesUsed           000000018000a3f0 f   inflate.obj
 0001:00009430       inflate_table              000000018000a430 f   inftrees.obj
 0001:000099f0       call_zopen64               000000018000a9f0 f   ioapi.obj
 0001:00009a10       call_zseek64               000000018000aa10 f   ioapi.obj
 0001:00009a40       call_ztell64               000000018000aa40 f   ioapi.obj
 0001:00009a80       fill_zlib_filefunc64_32_def_from_filefunc32 000000018000aa80 f   ioapi.obj
 0001:00009cb0       fill_fopen64_filefunc      000000018000acb0 f   ioapi.obj
 0001:00009de0       win32_open64_file_func     000000018000ade0 f   iowin32.obj
 0001:00009e60       win32_open64_file_funcA    000000018000ae60 f   iowin32.obj
 0001:00009ee0       win32_open64_file_funcW    000000018000aee0 f   iowin32.obj
 0001:00009f60       win32_open_file_func       000000018000af60 f   iowin32.obj
 0001:00009fe0       win32_read_file_func       000000018000afe0 f   iowin32.obj
 0001:0000a050       win32_write_file_func      000000018000b050 f   iowin32.obj
 0001:0000a130       win32_tell_file_func       000000018000b130 f   iowin32.obj
 0001:0000a190       win32_tell64_file_func     000000018000b190 f   iowin32.obj
 0001:0000a1f0       win32_seek_file_func       000000018000b1f0 f   iowin32.obj
 0001:0000a270       win32_seek64_file_func     000000018000b270 f   iowin32.obj
 0001:0000a2f0       win32_close_file_func      000000018000b2f0 f   iowin32.obj
 0001:0000a330       win32_error_file_func      000000018000b330 f   iowin32.obj
 0001:0000a340       fill_win32_filefunc        000000018000b340 f   iowin32.obj
 0001:0000a3a0       fill_win32_filefunc64      000000018000b3a0 f   iowin32.obj
 0001:0000a400       fill_win32_filefunc64A     000000018000b400 f   iowin32.obj
 0001:0000a460       fill_win32_filefunc64W     000000018000b460 f   iowin32.obj
 0001:0000a4d0       _tr_init                   000000018000b4d0 f   trees.obj
 0001:0000b760       _tr_stored_block           000000018000c760 f   trees.obj
 0001:0000b870       _tr_flush_bits             000000018000c870 f   trees.obj
 0001:0000b880       _tr_align                  000000018000c880 f   trees.obj
 0001:0000b970       _tr_flush_block            000000018000c970 f   trees.obj
 0001:0000c180       uncompress2                000000018000d180 f   uncompr.obj
 0001:0000c2e0       uncompress                 000000018000d2e0 f   uncompr.obj
 0001:0000c6b0       unzStringFileNameCompare   000000018000d6b0 f   unzip.obj
 0001:0000cee0       unzOpen2                   000000018000dee0 f   unzip.obj
 0001:0000cf30       unzOpen2_64                000000018000df30 f   unzip.obj
 0001:0000cf90       unzOpen                    000000018000df90 f   unzip.obj
 0001:0000cfa0       unzOpen64                  000000018000dfa0 f   unzip.obj
 0001:0000cfb0       unzClose                   000000018000dfb0 f   unzip.obj
 0001:0000d000       unzGetGlobalInfo64         000000018000e000 f   unzip.obj
 0001:0000d020       unzGetGlobalInfo           000000018000e020 f   unzip.obj
 0001:0000d620       unzGetCurrentFileInfo64    000000018000e620 f   unzip.obj
 0001:0000d670       unzGetCurrentFileInfo      000000018000e670 f   unzip.obj
 0001:0000d770       unzGoToFirstFile           000000018000e770 f   unzip.obj
 0001:0000d7f0       unzGoToNextFile            000000018000e7f0 f   unzip.obj
 0001:0000d8b0       unzLocateFile              000000018000e8b0 f   unzip.obj
 0001:0000daa0       unzGetFilePos64            000000018000eaa0 f   unzip.obj
 0001:0000dae0       unzGetFilePos              000000018000eae0 f   unzip.obj
 0001:0000db10       unzGoToFilePos64           000000018000eb10 f   unzip.obj
 0001:0000db90       unzGoToFilePos             000000018000eb90 f   unzip.obj
 0001:0000ddf0       unzOpenCurrentFile3        000000018000edf0 f   unzip.obj
 0001:0000e090       unzOpenCurrentFile         000000018000f090 f   unzip.obj
 0001:0000e0b0       unzOpenCurrentFilePassword 000000018000f0b0 f   unzip.obj
 0001:0000e0d0       unzOpenCurrentFile2        000000018000f0d0 f   unzip.obj
 0001:0000e0f0       unzGetCurrentFileZStreamPos64 000000018000f0f0 f   unzip.obj
 0001:0000e110       unzReadCurrentFile         000000018000f110 f   unzip.obj
 0001:0000e3d0       unztell                    000000018000f3d0 f   unzip.obj
 0001:0000e3f0       unztell64                  000000018000f3f0 f   unzip.obj
 0001:0000e420       unzeof                     000000018000f420 f   unzip.obj
 0001:0000e450       unzGetLocalExtrafield      000000018000f450 f   unzip.obj
 0001:0000e540       unzCloseCurrentFile        000000018000f540 f   unzip.obj
 0001:0000e5f0       unzGetGlobalComment        000000018000f5f0 f   unzip.obj
 0001:0000f5f0       zipOpen3                   00000001800105f0 f   zip.obj
 0001:0000f790       zipOpen2                   0000000180010790 f   zip.obj
 0001:0000f7e0       zipOpen2_64                00000001800107e0 f   zip.obj
 0001:0000f840       zipOpen                    0000000180010840 f   zip.obj
 0001:0000f850       zipOpen64                  0000000180010850 f   zip.obj
 0001:0000fac0       zipOpenNewFileInZip4_64    0000000180010ac0 f   zip.obj
 0001:00010060       zipOpenNewFileInZip3       0000000180011060 f   zip.obj
 0001:00010110       zipOpenNewFileInZip3_64    0000000180011110 f   zip.obj
 0001:000101d0       zipOpenNewFileInZip2       00000001800111d0 f   zip.obj
 0001:00010260       zipOpenNewFileInZip2_64    0000000180011260 f   zip.obj
 0001:00010300       zipOpenNewFileInZip64      0000000180011300 f   zip.obj
 0001:00010390       zipOpenNewFileInZip        0000000180011390 f   zip.obj
 0001:00010500       zipWriteInFileInZip        0000000180011500 f   zip.obj
 0001:00010680       zipCloseFileInZipRaw       0000000180011680 f   zip.obj
 0001:00010690       zipCloseFileInZipRaw64     0000000180011690 f   zip.obj
 0001:00010b10       zipCloseFileInZip          0000000180011b10 f   zip.obj
 0001:00010e90       zipClose                   0000000180011e90 f   zip.obj
 0001:00011000       zlibVersion                0000000180012000 f   zutil.obj
 0001:00011010       zlibCompileFlags           0000000180012010 f   zutil.obj
 0001:00011020       zError                     0000000180012020 f   zutil.obj
 0001:00011040       zcalloc                    0000000180012040 f   zutil.obj
 0001:00011050       zcfree                     0000000180012050 f   zutil.obj
 0001:0001105a       ReadFile                   000000018001205a f   kernel32:KERNEL32.dll
 0001:00011060       WriteFile                  0000000180012060 f   kernel32:KERNEL32.dll
 0001:00011066       SetFilePointer             0000000180012066 f   kernel32:KERNEL32.dll
 0001:0001106c       CreateFileW                000000018001206c f   kernel32:KERNEL32.dll
 0001:00011072       GetLastError               0000000180012072 f   kernel32:KERNEL32.dll
 0001:00011078       CreateFileA                0000000180012078 f   kernel32:KERNEL32.dll
 0001:0001107e       CloseHandle                000000018001207e f   kernel32:KERNEL32.dll
 0001:000113c0       _CRT_INIT                  00000001800123c0 f   MSVCRT:dll_dllmain.obj
 0001:000113c8       _DllMainCRTStartup         00000001800123c8 f   MSVCRT:dll_dllmain.obj
 0001:00011474       __security_init_cookie     0000000180012474 f   MSVCRT:gs_support.obj
 0001:00011520       DllMain                    0000000180012520 f   MSVCRT:dll_dllmain_stub.obj
 0001:00011544       ?__scrt_initialize_type_info@@YAXXZ 0000000180012544 f   MSVCRT:tncleanup.obj
 0001:00011554       ?__scrt_uninitialize_type_info@@YAXXZ 0000000180012554 f   MSVCRT:tncleanup.obj
 0001:00011560       __local_stdio_scanf_options 0000000180012560 f i MSVCRT:default_local_stdio_options.obj
 0001:00011568       __scrt_initialize_default_local_stdio_options 0000000180012568 f   MSVCRT:default_local_stdio_options.obj
 0001:00011584       ?configure_argv@__scrt_narrow_argv_policy@@SAHXZ 0000000180012584 f i MSVCRT:utility.obj
 0001:000115e4       ?initialize_environment@__scrt_narrow_environment_policy@@SAHXZ 00000001800125e4 f i MSVCRT:utility.obj
 0001:0001161c       NtCurrentTeb               000000018001261c f i MSVCRT:utility.obj
 0001:00011628       __scrt_acquire_startup_lock 0000000180012628 f   MSVCRT:utility.obj
 0001:00011664       __scrt_dllmain_after_initialize_c 0000000180012664 f   MSVCRT:utility.obj
 0001:00011698       __scrt_dllmain_before_initialize_c 0000000180012698 f   MSVCRT:utility.obj
 0001:000116b0       __scrt_dllmain_crt_thread_attach 00000001800126b0 f   MSVCRT:utility.obj
 0001:000116d8       __scrt_dllmain_crt_thread_detach 00000001800126d8 f   MSVCRT:utility.obj
 0001:000116f0       __scrt_dllmain_exception_filter 00000001800126f0 f   MSVCRT:utility.obj
 0001:00011750       __scrt_dllmain_uninitialize_c 0000000180012750 f   MSVCRT:utility.obj
 0001:00011780       __scrt_dllmain_uninitialize_critical 0000000180012780 f   MSVCRT:utility.obj
 0001:00011794       __scrt_initialize_crt      0000000180012794 f   MSVCRT:utility.obj
 0001:000117e0       __scrt_initialize_onexit_tables 00000001800127e0 f   MSVCRT:utility.obj
 0001:0001186c       __scrt_is_nonwritable_in_current_image 000000018001286c f   MSVCRT:utility.obj
 0001:00011904       __scrt_release_startup_lock 0000000180012904 f   MSVCRT:utility.obj
 0001:00011928       __scrt_uninitialize_crt    0000000180012928 f   MSVCRT:utility.obj
 0001:00011954       _onexit                    0000000180012954 f   MSVCRT:utility.obj
 0001:00011990       at_quick_exit              0000000180012990 f   MSVCRT:utility.obj
 0001:000119b0       atexit                     00000001800129b0 f   MSVCRT:utility.obj
 0001:000119c8       __scrt_get_dyn_tls_init_callback 00000001800129c8 f   MSVCRT:dyn_tls_init.obj
 0001:000119d0       __crt_debugger_hook        00000001800129d0 f   MSVCRT:utility_desktop.obj
 0001:000119d8       __scrt_fastfail            00000001800129d8 f   MSVCRT:utility_desktop.obj
 0001:00011b24       __scrt_get_show_window_mode 0000000180012b24 f   MSVCRT:utility_desktop.obj
 0001:00011b60       __scrt_initialize_mta      0000000180012b60 f   MSVCRT:utility_desktop.obj
 0001:00011b68       __scrt_initialize_winrt    0000000180012b68 f   MSVCRT:utility_desktop.obj
 0001:00011b6c       __scrt_is_managed_app      0000000180012b6c f   MSVCRT:utility_desktop.obj
 0001:00011bc0       __scrt_set_unhandled_exception_filter 0000000180012bc0 f   MSVCRT:utility_desktop.obj
 0001:00011bd0       __scrt_exe_initialize_mta  0000000180012bd0 f   MSVCRT:utility_desktop.obj
 0001:00011bd0       __scrt_stub_for_initialize_mta 0000000180012bd0 f   MSVCRT:utility_desktop.obj
 0001:00011bd4       __scrt_unhandled_exception_filter 0000000180012bd4 f   MSVCRT:utility_desktop.obj
 0001:00011c30       _RTC_Initialize            0000000180012c30 f   MSVCRT:initsect.obj
 0001:00011c6c       _RTC_Terminate             0000000180012c6c f   MSVCRT:initsect.obj
 0001:00011ca8       _guard_check_icall_nop     0000000180012ca8 f i MSVCRT:guard_support.obj
 0001:00011cac       ReadNoFence64              0000000180012cac f i MSVCRT:guard_support.obj
 0001:00011cb0       ReadPointerNoFence         0000000180012cb0 f i MSVCRT:guard_support.obj
 0001:00011cb4       __castguard_check_failure_debugbreak 0000000180012cb4 f i MSVCRT:guard_support.obj
 0001:00011cd0       __castguard_check_failure_fastfail 0000000180012cd0 f i MSVCRT:guard_support.obj
 0001:00011cf4       __castguard_check_failure_nop 0000000180012cf4 f i MSVCRT:guard_support.obj
 0001:00011cf8       __castguard_check_failure_os_handled 0000000180012cf8 f i MSVCRT:guard_support.obj
 0001:00011d74       __castguard_slow_path_check_debugbreak 0000000180012d74 f i MSVCRT:guard_support.obj
 0001:00011da8       __castguard_slow_path_check_fastfail 0000000180012da8 f i MSVCRT:guard_support.obj
 0001:00011de4       __castguard_slow_path_check_nop 0000000180012de4 f i MSVCRT:guard_support.obj
 0001:00011de8       __castguard_slow_path_check_os_handled 0000000180012de8 f i MSVCRT:guard_support.obj
 0001:00011e58       _guard_icall_checks_enforced 0000000180012e58 f i MSVCRT:guard_support.obj
 0001:00011e70       _guard_rf_checks_enforced  0000000180012e70 f i MSVCRT:guard_support.obj
 0001:00011e74       __isa_available_init       0000000180012e74 f   MSVCRT:cpu_disp.obj
 0001:00012020       _get_startup_argv_mode     0000000180013020 f   MSVCRT:argv_mode.obj
 0001:00012028       __scrt_is_ucrt_dll_in_use  0000000180013028 f   MSVCRT:ucrt_detection.obj
 0001:00012040       __C_specific_handler       0000000180013040 f   vcruntime:VCRUNTIME140.dll
 0001:00012046       __std_type_info_destroy_list 0000000180013046 f   vcruntime:VCRUNTIME140.dll
 0001:0001204c       __current_exception        000000018001304c f   vcruntime:VCRUNTIME140.dll
 0001:00012052       __current_exception_context 0000000180013052 f   vcruntime:VCRUNTIME140.dll
 0001:00012058       memset                     0000000180013058 f   vcruntime:VCRUNTIME140.dll
 0001:0001205e       _lseeki64                  000000018001305e f   ucrt:api-ms-win-crt-stdio-l1-1-0.dll
 0001:00012064       _wopen                     0000000180013064 f   ucrt:api-ms-win-crt-stdio-l1-1-0.dll
 0001:0001206a       _open                      000000018001306a f   ucrt:api-ms-win-crt-stdio-l1-1-0.dll
 0001:00012070       wcstombs                   0000000180013070 f   ucrt:api-ms-win-crt-convert-l1-1-0.dll
 0001:00012076       __stdio_common_vsprintf    0000000180013076 f   ucrt:api-ms-win-crt-stdio-l1-1-0.dll
 0001:0001207c       free                       000000018001307c f   ucrt:api-ms-win-crt-heap-l1-1-0.dll
 0001:00012082       malloc                     0000000180013082 f   ucrt:api-ms-win-crt-heap-l1-1-0.dll
 0001:00012088       _read                      0000000180013088 f   ucrt:api-ms-win-crt-stdio-l1-1-0.dll
 0001:0001208e       _close                     000000018001308e f   ucrt:api-ms-win-crt-stdio-l1-1-0.dll
 0001:00012094       _errno                     0000000180013094 f   ucrt:api-ms-win-crt-runtime-l1-1-0.dll
 0001:0001209a       strerror                   000000018001309a f   ucrt:api-ms-win-crt-runtime-l1-1-0.dll
 0001:000120a0       _write                     00000001800130a0 f   ucrt:api-ms-win-crt-stdio-l1-1-0.dll
 0001:000120a6       ftell                      00000001800130a6 f   ucrt:api-ms-win-crt-stdio-l1-1-0.dll
 0001:000120ac       ferror                     00000001800130ac f   ucrt:api-ms-win-crt-stdio-l1-1-0.dll
 0001:000120b2       fopen                      00000001800130b2 f   ucrt:api-ms-win-crt-stdio-l1-1-0.dll
 0001:000120b8       fclose                     00000001800130b8 f   ucrt:api-ms-win-crt-stdio-l1-1-0.dll
 0001:000120be       fseek                      00000001800130be f   ucrt:api-ms-win-crt-stdio-l1-1-0.dll
 0001:000120c4       fwrite                     00000001800130c4 f   ucrt:api-ms-win-crt-stdio-l1-1-0.dll
 0001:000120ca       _ftelli64                  00000001800130ca f   ucrt:api-ms-win-crt-stdio-l1-1-0.dll
 0001:000120d0       fread                      00000001800130d0 f   ucrt:api-ms-win-crt-stdio-l1-1-0.dll
 0001:000120d6       _fseeki64                  00000001800130d6 f   ucrt:api-ms-win-crt-stdio-l1-1-0.dll
 0001:000120dc       srand                      00000001800130dc f   ucrt:api-ms-win-crt-utility-l1-1-0.dll
 0001:000120e2       rand                       00000001800130e2 f   ucrt:api-ms-win-crt-utility-l1-1-0.dll
 0001:000120e8       _time64                    00000001800130e8 f   ucrt:api-ms-win-crt-time-l1-1-0.dll
 0001:000120ee       _initterm                  00000001800130ee f   ucrt:api-ms-win-crt-runtime-l1-1-0.dll
 0001:000120f4       _initterm_e                00000001800130f4 f   ucrt:api-ms-win-crt-runtime-l1-1-0.dll
 0001:000120fa       _seh_filter_dll            00000001800130fa f   ucrt:api-ms-win-crt-runtime-l1-1-0.dll
 0001:00012100       _configure_narrow_argv     0000000180013100 f   ucrt:api-ms-win-crt-runtime-l1-1-0.dll
 0001:00012106       _initialize_narrow_environment 0000000180013106 f   ucrt:api-ms-win-crt-runtime-l1-1-0.dll
 0001:0001210c       _initialize_onexit_table   000000018001310c f   ucrt:api-ms-win-crt-runtime-l1-1-0.dll
 0001:00012112       _register_onexit_function  0000000180013112 f   ucrt:api-ms-win-crt-runtime-l1-1-0.dll
 0001:00012118       _execute_onexit_table      0000000180013118 f   ucrt:api-ms-win-crt-runtime-l1-1-0.dll
 0001:0001211e       _crt_atexit                000000018001311e f   ucrt:api-ms-win-crt-runtime-l1-1-0.dll
 0001:00012124       _crt_at_quick_exit         0000000180013124 f   ucrt:api-ms-win-crt-runtime-l1-1-0.dll
 0001:0001212a       _cexit                     000000018001312a f   ucrt:api-ms-win-crt-runtime-l1-1-0.dll
 0001:00012130       terminate                  0000000180013130 f   ucrt:api-ms-win-crt-runtime-l1-1-0.dll
 0001:00012136       QueryPerformanceCounter    0000000180013136 f   kernel32:KERNEL32.dll
 0001:0001213c       GetCurrentProcessId        000000018001313c f   kernel32:KERNEL32.dll
 0001:00012142       GetCurrentThreadId         0000000180013142 f   kernel32:KERNEL32.dll
 0001:00012148       GetSystemTimeAsFileTime    0000000180013148 f   kernel32:KERNEL32.dll
 0001:0001214e       DisableThreadLibraryCalls  000000018001314e f   kernel32:KERNEL32.dll
 0001:00012154       InitializeSListHead        0000000180013154 f   kernel32:KERNEL32.dll
 0001:0001215a       RtlCaptureContext          000000018001315a f   kernel32:KERNEL32.dll
 0001:00012160       RtlLookupFunctionEntry     0000000180013160 f   kernel32:KERNEL32.dll
 0001:00012166       RtlVirtualUnwind           0000000180013166 f   kernel32:KERNEL32.dll
 0001:0001216c       IsDebuggerPresent          000000018001316c f   kernel32:KERNEL32.dll
 0001:00012172       UnhandledExceptionFilter   0000000180013172 f   kernel32:KERNEL32.dll
 0001:00012178       SetUnhandledExceptionFilter 0000000180013178 f   kernel32:KERNEL32.dll
 0001:0001217e       GetStartupInfoW            000000018001317e f   kernel32:KERNEL32.dll
 0001:00012184       IsProcessorFeaturePresent  0000000180013184 f   kernel32:KERNEL32.dll
 0001:0001218a       GetModuleHandleW           000000018001318a f   kernel32:KERNEL32.dll
 0001:00012190       __acrt_initialize          0000000180013190 f   MSVCRT:ucrt_stubs.obj
 0001:00012190       __scrt_stub_for_acrt_initialize 0000000180013190 f   MSVCRT:ucrt_stubs.obj
 0001:00012190       __vcrt_initialize          0000000180013190 f   MSVCRT:ucrt_stubs.obj
 0001:00012194       __acrt_thread_attach       0000000180013194 f   MSVCRT:ucrt_stubs.obj
 0001:00012194       __scrt_stub_for_acrt_thread_attach 0000000180013194 f   MSVCRT:ucrt_stubs.obj
 0001:00012194       __vcrt_thread_attach       0000000180013194 f   MSVCRT:ucrt_stubs.obj
 0001:00012198       __acrt_thread_detach       0000000180013198 f   MSVCRT:ucrt_stubs.obj
 0001:00012198       __scrt_stub_for_acrt_thread_detach 0000000180013198 f   MSVCRT:ucrt_stubs.obj
 0001:00012198       __vcrt_thread_detach       0000000180013198 f   MSVCRT:ucrt_stubs.obj
 0001:0001219c       __acrt_uninitialize        000000018001319c f   MSVCRT:ucrt_stubs.obj
 0001:0001219c       __scrt_stub_for_acrt_uninitialize 000000018001319c f   MSVCRT:ucrt_stubs.obj
 0001:0001219c       __vcrt_uninitialize        000000018001319c f   MSVCRT:ucrt_stubs.obj
 0001:000121a0       __acrt_uninitialize_critical 00000001800131a0 f   MSVCRT:ucrt_stubs.obj
 0001:000121a0       __scrt_stub_for_acrt_uninitialize_critical 00000001800131a0 f   MSVCRT:ucrt_stubs.obj
 0001:000121a0       __vcrt_uninitialize_critical 00000001800131a0 f   MSVCRT:ucrt_stubs.obj
 0001:000121a4       __scrt_stub_for_is_c_termination_complete 00000001800131a4 f   MSVCRT:ucrt_stubs.obj
 0001:000121a4       _is_c_termination_complete 00000001800131a4 f   MSVCRT:ucrt_stubs.obj
 0001:000121c0       __chkstk                   00000001800131c0 f   MSVCRT:chkstk.obj
 0001:000121c0       _alloca_probe              00000001800131c0 f   MSVCRT:chkstk.obj
 0001:0001220e       memchr                     000000018001320e f   vcruntime:VCRUNTIME140.dll
 0001:00012214       memcpy                     0000000180013214 f   vcruntime:VCRUNTIME140.dll
 0001:0001221a       memmove                    000000018001321a f   vcruntime:VCRUNTIME140.dll
 0001:00012230       _guard_dispatch_icall_nop  0000000180013230 f   MSVCRT:guard_dispatch.obj
 0001:00012250       _guard_xfg_dispatch_icall_nop 0000000180013250 f   MSVCRT:guard_xfg_dispatch.obj
 0002:00000000       __imp_ReadFile             0000000180014000     kernel32:KERNEL32.dll
 0002:00000008       __imp_WriteFile            0000000180014008     kernel32:KERNEL32.dll
 0002:00000010       __imp_SetFilePointer       0000000180014010     kernel32:KERNEL32.dll
 0002:00000018       __imp_CreateFileW          0000000180014018     kernel32:KERNEL32.dll
 0002:00000020       __imp_GetLastError         0000000180014020     kernel32:KERNEL32.dll
 0002:00000028       __imp_CreateFileA          0000000180014028     kernel32:KERNEL32.dll
 0002:00000030       __imp_CloseHandle          0000000180014030     kernel32:KERNEL32.dll
 0002:00000038       __imp_GetCurrentProcessId  0000000180014038     kernel32:KERNEL32.dll
 0002:00000040       __imp_GetCurrentThreadId   0000000180014040     kernel32:KERNEL32.dll
 0002:00000048       __imp_GetSystemTimeAsFileTime 0000000180014048     kernel32:KERNEL32.dll
 0002:00000050       __imp_DisableThreadLibraryCalls 0000000180014050     kernel32:KERNEL32.dll
 0002:00000058       __imp_InitializeSListHead  0000000180014058     kernel32:KERNEL32.dll
 0002:00000060       __imp_RtlCaptureContext    0000000180014060     kernel32:KERNEL32.dll
 0002:00000068       __imp_RtlLookupFunctionEntry 0000000180014068     kernel32:KERNEL32.dll
 0002:00000070       __imp_RtlVirtualUnwind     0000000180014070     kernel32:KERNEL32.dll
 0002:00000078       __imp_GetModuleHandleW     0000000180014078     kernel32:KERNEL32.dll
 0002:00000080       __imp_IsProcessorFeaturePresent 0000000180014080     kernel32:KERNEL32.dll
 0002:00000088       __imp_GetStartupInfoW      0000000180014088     kernel32:KERNEL32.dll
 0002:00000090       __imp_SetUnhandledExceptionFilter 0000000180014090     kernel32:KERNEL32.dll
 0002:00000098       __imp_UnhandledExceptionFilter 0000000180014098     kernel32:KERNEL32.dll
 0002:000000a0       __imp_IsDebuggerPresent    00000001800140a0     kernel32:KERNEL32.dll
 0002:000000a8       __imp_QueryPerformanceCounter 00000001800140a8     kernel32:KERNEL32.dll
 0002:000000b0       \177KERNEL32_NULL_THUNK_DATA 00000001800140b0     kernel32:KERNEL32.dll
 0002:000000b8       __imp___current_exception_context 00000001800140b8     vcruntime:VCRUNTIME140.dll
 0002:000000c0       __imp___current_exception  00000001800140c0     vcruntime:VCRUNTIME140.dll
 0002:000000c8       __imp___std_type_info_destroy_list 00000001800140c8     vcruntime:VCRUNTIME140.dll
 0002:000000d0       __imp___C_specific_handler 00000001800140d0     vcruntime:VCRUNTIME140.dll
 0002:000000d8       __imp_memset               00000001800140d8     vcruntime:VCRUNTIME140.dll
 0002:000000e0       __imp_memcpy               00000001800140e0     vcruntime:VCRUNTIME140.dll
 0002:000000e8       __imp_memchr               00000001800140e8     vcruntime:VCRUNTIME140.dll
 0002:000000f0       __imp_memmove              00000001800140f0     vcruntime:VCRUNTIME140.dll
 0002:000000f8       \177VCRUNTIME140_NULL_THUNK_DATA 00000001800140f8     vcruntime:VCRUNTIME140.dll
 0002:00000100       __imp_wcstombs             0000000180014100     ucrt:api-ms-win-crt-convert-l1-1-0.dll
 0002:00000108       \177api-ms-win-crt-convert-l1-1-0_NULL_THUNK_DATA 0000000180014108     ucrt:api-ms-win-crt-convert-l1-1-0.dll
 0002:00000110       __imp_malloc               0000000180014110     ucrt:api-ms-win-crt-heap-l1-1-0.dll
 0002:00000118       __imp_free                 0000000180014118     ucrt:api-ms-win-crt-heap-l1-1-0.dll
 0002:00000120       \177api-ms-win-crt-heap-l1-1-0_NULL_THUNK_DATA 0000000180014120     ucrt:api-ms-win-crt-heap-l1-1-0.dll
 0002:00000128       __imp_terminate            0000000180014128     ucrt:api-ms-win-crt-runtime-l1-1-0.dll
 0002:00000130       __imp__initterm            0000000180014130     ucrt:api-ms-win-crt-runtime-l1-1-0.dll
 0002:00000138       __imp__initterm_e          0000000180014138     ucrt:api-ms-win-crt-runtime-l1-1-0.dll
 0002:00000140       __imp__seh_filter_dll      0000000180014140     ucrt:api-ms-win-crt-runtime-l1-1-0.dll
 0002:00000148       __imp__configure_narrow_argv 0000000180014148     ucrt:api-ms-win-crt-runtime-l1-1-0.dll
 0002:00000150       __imp__initialize_narrow_environment 0000000180014150     ucrt:api-ms-win-crt-runtime-l1-1-0.dll
 0002:00000158       __imp__initialize_onexit_table 0000000180014158     ucrt:api-ms-win-crt-runtime-l1-1-0.dll
 0002:00000160       __imp__register_onexit_function 0000000180014160     ucrt:api-ms-win-crt-runtime-l1-1-0.dll
 0002:00000168       __imp__execute_onexit_table 0000000180014168     ucrt:api-ms-win-crt-runtime-l1-1-0.dll
 0002:00000170       __imp__crt_atexit          0000000180014170     ucrt:api-ms-win-crt-runtime-l1-1-0.dll
 0002:00000178       __imp__crt_at_quick_exit   0000000180014178     ucrt:api-ms-win-crt-runtime-l1-1-0.dll
 0002:00000180       __imp__cexit               0000000180014180     ucrt:api-ms-win-crt-runtime-l1-1-0.dll
 0002:00000188       __imp_strerror             0000000180014188     ucrt:api-ms-win-crt-runtime-l1-1-0.dll
 0002:00000190       __imp__errno               0000000180014190     ucrt:api-ms-win-crt-runtime-l1-1-0.dll
 0002:00000198       \177api-ms-win-crt-runtime-l1-1-0_NULL_THUNK_DATA 0000000180014198     ucrt:api-ms-win-crt-runtime-l1-1-0.dll
 0002:000001a0       __imp_fwrite               00000001800141a0     ucrt:api-ms-win-crt-stdio-l1-1-0.dll
 0002:000001a8       __imp__fseeki64            00000001800141a8     ucrt:api-ms-win-crt-stdio-l1-1-0.dll
 0002:000001b0       __imp__open                00000001800141b0     ucrt:api-ms-win-crt-stdio-l1-1-0.dll
 0002:000001b8       __imp_fread                00000001800141b8     ucrt:api-ms-win-crt-stdio-l1-1-0.dll
 0002:000001c0       __imp_fclose               00000001800141c0     ucrt:api-ms-win-crt-stdio-l1-1-0.dll
 0002:000001c8       __imp_fopen                00000001800141c8     ucrt:api-ms-win-crt-stdio-l1-1-0.dll
 0002:000001d0       __imp_ferror               00000001800141d0     ucrt:api-ms-win-crt-stdio-l1-1-0.dll
 0002:000001d8       __imp_ftell                00000001800141d8     ucrt:api-ms-win-crt-stdio-l1-1-0.dll
 0002:000001e0       __imp__write               00000001800141e0     ucrt:api-ms-win-crt-stdio-l1-1-0.dll
 0002:000001e8       __imp__lseeki64            00000001800141e8     ucrt:api-ms-win-crt-stdio-l1-1-0.dll
 0002:000001f0       __imp__wopen               00000001800141f0     ucrt:api-ms-win-crt-stdio-l1-1-0.dll
 0002:000001f8       __imp__close               00000001800141f8     ucrt:api-ms-win-crt-stdio-l1-1-0.dll
 0002:00000200       __imp__read                0000000180014200     ucrt:api-ms-win-crt-stdio-l1-1-0.dll
 0002:00000208       __imp__ftelli64            0000000180014208     ucrt:api-ms-win-crt-stdio-l1-1-0.dll
 0002:00000210       __imp_fseek                0000000180014210     ucrt:api-ms-win-crt-stdio-l1-1-0.dll
 0002:00000218       __imp___stdio_common_vsprintf 0000000180014218     ucrt:api-ms-win-crt-stdio-l1-1-0.dll
 0002:00000220       \177api-ms-win-crt-stdio-l1-1-0_NULL_THUNK_DATA 0000000180014220     ucrt:api-ms-win-crt-stdio-l1-1-0.dll
 0002:00000228       __imp__time64              0000000180014228     ucrt:api-ms-win-crt-time-l1-1-0.dll
 0002:00000230       \177api-ms-win-crt-time-l1-1-0_NULL_THUNK_DATA 0000000180014230     ucrt:api-ms-win-crt-time-l1-1-0.dll
 0002:00000238       __imp_srand                0000000180014238     ucrt:api-ms-win-crt-utility-l1-1-0.dll
 0002:00000240       __imp_rand                 0000000180014240     ucrt:api-ms-win-crt-utility-l1-1-0.dll
 0002:00000248       \177api-ms-win-crt-utility-l1-1-0_NULL_THUNK_DATA 0000000180014248     ucrt:api-ms-win-crt-utility-l1-1-0.dll
 0002:00000250       __guard_check_icall_fptr   0000000180014250     MSVCRT:guard_support.obj
 0002:00000258       __guard_xfg_check_icall_fptr 0000000180014258     MSVCRT:guard_support.obj
 0002:00000260       __guard_dispatch_icall_fptr 0000000180014260     MSVCRT:guard_support.obj
 0002:00000268       __guard_xfg_dispatch_icall_fptr 0000000180014268     MSVCRT:guard_support.obj
 0002:00000270       __guard_xfg_table_dispatch_icall_fptr 0000000180014270     MSVCRT:guard_support.obj
 0002:00000278       __castguard_check_failure_os_handled_fptr 0000000180014278     MSVCRT:guard_support.obj
 0002:00000280       __guard_memcpy_fptr        0000000180014280     vcruntime:softmemtag.obj
 0002:00000288       __xc_a                     0000000180014288     MSVCRT:initializers.obj
 0002:00000290       __xc_z                     0000000180014290     MSVCRT:initializers.obj
 0002:00000298       __xi_a                     0000000180014298     MSVCRT:initializers.obj
 0002:000002a0       __xi_z                     00000001800142a0     MSVCRT:initializers.obj
 0002:000002a8       __xp_a                     00000001800142a8     MSVCRT:initializers.obj
 0002:000002b0       __xp_z                     00000001800142b0     MSVCRT:initializers.obj
 0002:000002b8       __xt_a                     00000001800142b8     MSVCRT:initializers.obj
 0002:000002c0       __xt_z                     00000001800142c0     MSVCRT:initializers.obj
 0002:000002d0       _pDefaultRawDllMain        00000001800142d0     MSVCRT:dll_dllmain.obj
 0002:000002d0       _pRawDllMain               00000001800142d0     MSVCRT:dll_dllmain.obj
 0002:000002e0       __xmm@ffffffffffffffffffffffffffffffff 00000001800142e0     MSVCRT:utility.obj
 0002:000002f0       ??_C@_06BLOPDDFN@1?42?413@ 00000001800142f0     compress.obj
 0002:00003e90       _length_code               0000000180017e90     trees.obj
 0002:00003f90       _dist_code                 0000000180017f90     trees.obj
 0002:00004960       unz_copyright              0000000180018960     unzip.obj
 0002:000049c0       z_errmsg                   00000001800189c0     zutil.obj
 0002:00004a10       ??_C@_02DKCKIIND@?$CFs@    0000000180018a10     gzlib.obj
 0002:00004a18       ??_C@_07EBNKNFJN@?$DMfd?3?$CFd?$DO@ 0000000180018a18     gzlib.obj
 0002:00004a20       ??_C@_0O@BNNCBLEN@out?5of?5memory@ 0000000180018a20     gzlib.obj
 0002:00004a2e       ??_C@_00CNPNBAHC@@         0000000180018a2e     gzlib.obj
 0002:00004a30       ??_C@_02LMMGGCAJ@?3?5@     0000000180018a30     gzlib.obj
 0002:00004a34       ??_C@_06DIJPEION@?$CFs?$CFs?$CFs@ 0000000180018a34     gzlib.obj
 0002:00004a40       ??_C@_0BH@CFIIDOJD@unexpected?5end?5of?5file@ 0000000180018a40     gzread.obj
 0002:00004a58       ??_C@_0CH@CPOLIEKA@internal?5error?3?5inflate?5stream?5@ 0000000180018a58     gzread.obj
 0002:00004a80       ??_C@_0BG@HCKBMIHF@compressed?5data?5error@ 0000000180018a80     gzread.obj
 0002:00004a98       ??_C@_0BP@HLDABFKK@request?5does?5not?5fit?5in?5an?5int@ 0000000180018a98     gzread.obj
 0002:00004ab8       ??_C@_0CB@EGGJDMIK@request?5does?5not?5fit?5in?5a?5size_@ 0000000180018ab8     gzread.obj
 0002:00004ae0       ??_C@_0BP@IIKIGMCC@out?5of?5room?5to?5push?5characters@ 0000000180018ae0     gzread.obj
 0002:00004b00       ??_C@_0CH@DEEGAHIB@internal?5error?3?5deflate?5stream?5@ 0000000180018b00     gzwrite.obj
 0002:00004b28       ??_C@_0CF@MLPJFDMM@requested?5length?5does?5not?5fit?5i@ 0000000180018b28     gzwrite.obj
 0002:00004b50       ??_C@_0CC@ENDIFONJ@string?5length?5does?5not?5fit?5in?5i@ 0000000180018b50     gzwrite.obj
 0002:00004b78       ??_C@_0BD@PJCBIDD@invalid?5block?5type@ 0000000180018b78     infback.obj
 0002:00004b90       ??_C@_0BN@LGAADGOK@invalid?5stored?5block?5lengths@ 0000000180018b90     infback.obj
 0002:00004bb0       ??_C@_0CE@GMIGFPBB@too?5many?5length?5or?5distance?5sym@ 0000000180018bb0     infback.obj
 0002:00004bd8       ??_C@_0BJ@HDEPPGOH@invalid?5code?5lengths?5set@ 0000000180018bd8     infback.obj
 0002:00004bf8       ??_C@_0BK@BMMPFBBH@invalid?5bit?5length?5repeat@ 0000000180018bf8     infback.obj
 0002:00004c18       ??_C@_0CF@DGDMADCD@invalid?5code?5?9?9?5missing?5end?9of?9@ 0000000180018c18     infback.obj
 0002:00004c40       ??_C@_0BM@IIMGAINC@invalid?5literal?1lengths?5set@ 0000000180018c40     infback.obj
 0002:00004c60       ??_C@_0BG@GMDFCBGP@invalid?5distances?5set@ 0000000180018c60     infback.obj
 0002:00004c78       ??_C@_0BM@FFFLPBBC@invalid?5literal?1length?5code@ 0000000180018c78     infback.obj
 0002:00004c98       ??_C@_0BG@LBKINIKP@invalid?5distance?5code@ 0000000180018c98     infback.obj
 0002:00004cb0       ??_C@_0BO@ECPMAOGG@invalid?5distance?5too?5far?5back@ 0000000180018cb0     infback.obj
 0002:00004cd0       ??_C@_0BH@LIBMMIGA@incorrect?5header?5check@ 0000000180018cd0     inflate.obj
 0002:00004ce8       ??_C@_0BL@IHKGDAEE@unknown?5compression?5method@ 0000000180018ce8     inflate.obj
 0002:00004d08       ??_C@_0BE@EMOGCLGO@invalid?5window?5size@ 0000000180018d08     inflate.obj
 0002:00004d20       ??_C@_0BJ@BLBBCOMO@unknown?5header?5flags?5set@ 0000000180018d20     inflate.obj
 0002:00004d40       ??_C@_0BE@GONKLEPM@header?5crc?5mismatch@ 0000000180018d40     inflate.obj
 0002:00004d58       ??_C@_0BF@MEIGEHBE@incorrect?5data?5check@ 0000000180018d58     inflate.obj
 0002:00004d70       ??_C@_0BH@FGKKJGOC@incorrect?5length?5check@ 0000000180018d70     inflate.obj
 0002:00004d88       ??_C@_02JDPG@rb@           0000000180018d88     ioapi.obj
 0002:00004d8c       ??_C@_03HMFOOINA@r?$CLb@   0000000180018d8c     ioapi.obj
 0002:00004d90       ??_C@_02GMLFBBN@wb@        0000000180018d90     ioapi.obj
 0002:00004d94       ??_C@_01JOAMLHOP@?9@       0000000180018d94     zip.obj
 0002:00004d98       ??_C@_0BA@MOKMMFOD@need?5dictionary@ 0000000180018d98     zutil.obj
 0002:00004da8       ??_C@_0L@FNAOCBOG@stream?5end@ 0000000180018da8     zutil.obj
 0002:00004db8       ??_C@_0L@KIJFAKBJ@file?5error@ 0000000180018db8     zutil.obj
 0002:00004dc8       ??_C@_0N@MKKNPMJD@stream?5error@ 0000000180018dc8     zutil.obj
 0002:00004dd8       ??_C@_0L@HAHMBNLP@data?5error@ 0000000180018dd8     zutil.obj
 0002:00004de8       ??_C@_0BE@OGGJBMCE@insufficient?5memory@ 0000000180018de8     zutil.obj
 0002:00004e00       ??_C@_0N@DFPGLBGC@buffer?5error@ 0000000180018e00     zutil.obj
 0002:00004e10       ??_C@_0BF@CJFPCCEG@incompatible?5version@ 0000000180018e10     zutil.obj
 0002:00004e30       _load_config_used          0000000180018e30     MSVCRT:loadcfg.obj
 0002:00005000       __CastGuardVftablesStart   0000000180019000     MSVCRT:guard_support.obj
 0002:00005080       __CastGuardVftablesEnd     0000000180019080     MSVCRT:guard_support.obj
 0002:00005100       __volatile_metadata        0000000180019100     <linker-defined>
 0002:000054d8       __rtc_iaa                  00000001800194d8     MSVCRT:initsect.obj
 0002:000054e0       __rtc_izz                  00000001800194e0     MSVCRT:initsect.obj
 0002:000054e8       __rtc_taa                  00000001800194e8     MSVCRT:initsect.obj
 0002:000054f0       __rtc_tzz                  00000001800194f0     MSVCRT:initsect.obj
 0002:00007a60       __IMPORT_DESCRIPTOR_KERNEL32 000000018001ba60     kernel32:KERNEL32.dll
 0002:00007a74       __IMPORT_DESCRIPTOR_VCRUNTIME140 000000018001ba74     vcruntime:VCRUNTIME140.dll
 0002:00007a88       __IMPORT_DESCRIPTOR_api-ms-win-crt-stdio-l1-1-0 000000018001ba88     ucrt:api-ms-win-crt-stdio-l1-1-0.dll
 0002:00007a9c       __IMPORT_DESCRIPTOR_api-ms-win-crt-convert-l1-1-0 000000018001ba9c     ucrt:api-ms-win-crt-convert-l1-1-0.dll
 0002:00007ab0       __IMPORT_DESCRIPTOR_api-ms-win-crt-heap-l1-1-0 000000018001bab0     ucrt:api-ms-win-crt-heap-l1-1-0.dll
 0002:00007ac4       __IMPORT_DESCRIPTOR_api-ms-win-crt-runtime-l1-1-0 000000018001bac4     ucrt:api-ms-win-crt-runtime-l1-1-0.dll
 0002:00007ad8       __IMPORT_DESCRIPTOR_api-ms-win-crt-utility-l1-1-0 000000018001bad8     ucrt:api-ms-win-crt-utility-l1-1-0.dll
 0002:00007aec       __IMPORT_DESCRIPTOR_api-ms-win-crt-time-l1-1-0 000000018001baec     ucrt:api-ms-win-crt-time-l1-1-0.dll
 0002:00007b00       __NULL_IMPORT_DESCRIPTOR   000000018001bb00     kernel32:KERNEL32.dll
 0003:00000000       __scrt_native_dllmain_reason 000000018001d000     MSVCRT:utility.obj
 0003:00000008       __security_cookie_complement 000000018001d008     MSVCRT:gs_cookie.obj
 0003:00000010       __security_cookie          000000018001d010     MSVCRT:gs_cookie.obj
 0003:00000018       __isa_available            000000018001d018     MSVCRT:cpu_disp.obj
 0003:0000001c       __isa_enabled              000000018001d01c     MSVCRT:cpu_disp.obj
 0003:00000020       __memset_fast_string_threshold 000000018001d020     MSVCRT:cpu_disp.obj
 0003:00000028       __memset_nt_threshold      000000018001d028     MSVCRT:cpu_disp.obj
 0003:00000030       __scrt_ucrt_dll_is_in_use  000000018001d030     MSVCRT:ucrt_stubs.obj
 0003:00000050       ?__type_info_root_node@@3U__type_info_node@@A 000000018001d050     MSVCRT:tncleanup.obj
 0003:00000060       ?_OptionsStorage@?1??__local_stdio_printf_options@@9@4_KA 000000018001d060     MSVCRT:default_local_stdio_options.obj
 0003:00000068       ?_OptionsStorage@?1??__local_stdio_scanf_options@@9@4_KA 000000018001d068     MSVCRT:default_local_stdio_options.obj
 0003:00000070       __scrt_current_native_startup_state 000000018001d070     MSVCRT:utility.obj
 0003:00000078       __scrt_native_startup_lock 000000018001d078     MSVCRT:utility.obj
 0003:000000b8       __scrt_debugger_hook_flag  000000018001d0b8     MSVCRT:utility_desktop.obj
 0003:000000bc       __favor                    000000018001d0bc     MSVCRT:cpu_disp.obj
 0003:000000c8       __dyn_tls_init_callback    000000018001d0c8     <common>
 0003:000000d0       ?_OptionsStorage@?1??__local_stdio_printf_options@@9@9 000000018001d0d0     <common>
 0003:000000d8       ?_OptionsStorage@?1??__local_stdio_scanf_options@@9@9 000000018001d0d8     <common>

 entry point at        0001:000113c8

 Static symbols

 0000:fffde000       .debug$S                   0000000180000000     zlibwapi.exp
 0000:fffde000       .debug$S                   0000000180000000     ucrt:api-ms-win-crt-convert-l1-1-0.dll
 0000:fffde000       .debug$S                   0000000180000000     ucrt:api-ms-win-crt-heap-l1-1-0.dll
 0000:fffde000       .debug$S                   0000000180000000     ucrt:api-ms-win-crt-heap-l1-1-0.dll
 0000:fffde000       .debug$S                   0000000180000000     ucrt:api-ms-win-crt-runtime-l1-1-0.dll
 0000:fffde000       .debug$S                   0000000180000000     ucrt:api-ms-win-crt-runtime-l1-1-0.dll
 0000:fffde000       .debug$S                   0000000180000000     ucrt:api-ms-win-crt-runtime-l1-1-0.dll
 0000:fffde000       .debug$S                   0000000180000000     ucrt:api-ms-win-crt-runtime-l1-1-0.dll
 0000:fffde000       .debug$S                   0000000180000000     ucrt:api-ms-win-crt-runtime-l1-1-0.dll
 0000:fffde000       .debug$S                   0000000180000000     ucrt:api-ms-win-crt-runtime-l1-1-0.dll
 0000:fffde000       .debug$S                   0000000180000000     ucrt:api-ms-win-crt-runtime-l1-1-0.dll
 0000:fffde000       .debug$S                   0000000180000000     ucrt:api-ms-win-crt-runtime-l1-1-0.dll
 0000:fffde000       .debug$S                   0000000180000000     ucrt:api-ms-win-crt-runtime-l1-1-0.dll
 0000:fffde000       .debug$S                   0000000180000000     ucrt:api-ms-win-crt-runtime-l1-1-0.dll
 0000:fffde000       .debug$S                   0000000180000000     ucrt:api-ms-win-crt-runtime-l1-1-0.dll
 0000:fffde000       .debug$S                   0000000180000000     ucrt:api-ms-win-crt-runtime-l1-1-0.dll
 0000:fffde000       .debug$S                   0000000180000000     ucrt:api-ms-win-crt-runtime-l1-1-0.dll
 0000:fffde000       .debug$S                   0000000180000000     ucrt:api-ms-win-crt-runtime-l1-1-0.dll
 0000:fffde000       .debug$S                   0000000180000000     ucrt:api-ms-win-crt-stdio-l1-1-0.dll
 0000:fffde000       .debug$S                   0000000180000000     ucrt:api-ms-win-crt-stdio-l1-1-0.dll
 0000:fffde000       .debug$S                   0000000180000000     ucrt:api-ms-win-crt-stdio-l1-1-0.dll
 0000:fffde000       .debug$S                   0000000180000000     ucrt:api-ms-win-crt-stdio-l1-1-0.dll
 0000:fffde000       .debug$S                   0000000180000000     ucrt:api-ms-win-crt-stdio-l1-1-0.dll
 0000:fffde000       .debug$S                   0000000180000000     ucrt:api-ms-win-crt-stdio-l1-1-0.dll
 0000:fffde000       .debug$S                   0000000180000000     ucrt:api-ms-win-crt-stdio-l1-1-0.dll
 0000:fffde000       .debug$S                   0000000180000000     ucrt:api-ms-win-crt-stdio-l1-1-0.dll
 0000:fffde000       .debug$S                   0000000180000000     ucrt:api-ms-win-crt-stdio-l1-1-0.dll
 0000:fffde000       .debug$S                   0000000180000000     ucrt:api-ms-win-crt-stdio-l1-1-0.dll
 0000:fffde000       .debug$S                   0000000180000000     ucrt:api-ms-win-crt-stdio-l1-1-0.dll
 0000:fffde000       .debug$S                   0000000180000000     ucrt:api-ms-win-crt-stdio-l1-1-0.dll
 0000:fffde000       .debug$S                   0000000180000000     ucrt:api-ms-win-crt-stdio-l1-1-0.dll
 0000:fffde000       .debug$S                   0000000180000000     ucrt:api-ms-win-crt-stdio-l1-1-0.dll
 0000:fffde000       .debug$S                   0000000180000000     ucrt:api-ms-win-crt-stdio-l1-1-0.dll
 0000:fffde000       .debug$S                   0000000180000000     ucrt:api-ms-win-crt-stdio-l1-1-0.dll
 0000:fffde000       .debug$S                   0000000180000000     ucrt:api-ms-win-crt-time-l1-1-0.dll
 0000:fffde000       .debug$S                   0000000180000000     ucrt:api-ms-win-crt-utility-l1-1-0.dll
 0000:fffde000       .debug$S                   0000000180000000     ucrt:api-ms-win-crt-utility-l1-1-0.dll
 0000:fffde000       .debug$S                   0000000180000000     kernel32:KERNEL32.dll
 0000:fffde000       .debug$S                   0000000180000000     kernel32:KERNEL32.dll
 0000:fffde000       .debug$S                   0000000180000000     kernel32:KERNEL32.dll
 0000:fffde000       .debug$S                   0000000180000000     kernel32:KERNEL32.dll
 0000:fffde000       .debug$S                   0000000180000000     kernel32:KERNEL32.dll
 0000:fffde000       .debug$S                   0000000180000000     kernel32:KERNEL32.dll
 0000:fffde000       .debug$S                   0000000180000000     kernel32:KERNEL32.dll
 0000:fffde000       .debug$S                   0000000180000000     kernel32:KERNEL32.dll
 0000:fffde000       .debug$S                   0000000180000000     kernel32:KERNEL32.dll
 0000:fffde000       .debug$S                   0000000180000000     kernel32:KERNEL32.dll
 0000:fffde000       .debug$S                   0000000180000000     kernel32:KERNEL32.dll
 0000:fffde000       .debug$S                   0000000180000000     kernel32:KERNEL32.dll
 0000:fffde000       .debug$S                   0000000180000000     kernel32:KERNEL32.dll
 0000:fffde000       .debug$S                   0000000180000000     kernel32:KERNEL32.dll
 0000:fffde000       .debug$S                   0000000180000000     kernel32:KERNEL32.dll
 0000:fffde000       .debug$S                   0000000180000000     kernel32:KERNEL32.dll
 0000:fffde000       .debug$S                   0000000180000000     kernel32:KERNEL32.dll
 0000:fffde000       .debug$S                   0000000180000000     kernel32:KERNEL32.dll
 0000:fffde000       .debug$S                   0000000180000000     kernel32:KERNEL32.dll
 0000:fffde000       .debug$S                   0000000180000000     kernel32:KERNEL32.dll
 0000:fffde000       .debug$S                   0000000180000000     kernel32:KERNEL32.dll
 0000:fffde000       .debug$S                   0000000180000000     kernel32:KERNEL32.dll
 0000:00000000       _volmd                     0000000180000000     MSVCRT:cpu_disp.obj
 0002:fffec000       __guard_ehcont_?dllmain_dispatch@@YAHQEAUHINSTANCE__@@KQEAX@Z 0000000180000000     MSVCRT:dll_dllmain.obj
 0002:fffec000       __guard_fids_?dllmain_dispatch@@YAHQEAUHINSTANCE__@@KQEAX@Z 0000000180000000     MSVCRT:dll_dllmain.obj
 0002:fffec000       __guard_fids__             0000000180000000     MSVCRT:guard_support.obj
 0002:fffec000       __guard_fids__             0000000180000000     MSVCRT:guard_support.obj
 0002:fffec000       __guard_fids__guard_icall_checks_enforced 0000000180000000     MSVCRT:guard_support.obj
 0000:00000000       _volmd                     0000000180000000     MSVCRT:guard_support.obj
 0000:00000000       _volmd                     0000000180000000     MSVCRT:guard_support.obj
 0000:00000000       _volmd                     0000000180000000     MSVCRT:guard_support.obj
 0000:00000000       _volmd                     0000000180000000     MSVCRT:guard_support.obj
 0000:00000000       _volmd                     0000000180000000     MSVCRT:guard_support.obj
 0000:00000000       _volmd                     0000000180000000     MSVCRT:guard_support.obj
 0002:fffec000       __guard_ehcont___scrt_is_nonwritable_in_current_image 0000000180000000     MSVCRT:utility.obj
 0000:00000000       _volmd                     0000000180000000     MSVCRT:utility.obj
 0000:00000000       _volmd                     0000000180000000     MSVCRT:utility.obj
 0000:00000000       _volmd                     0000000180000000     MSVCRT:utility.obj
 0002:fffec000       __guard_fids___scrt_set_unhandled_exception_filter 0000000180000000     MSVCRT:utility_desktop.obj
 0000:00000000       _volmd                     0000000180000000     MSVCRT:utility_desktop.obj
 0002:fffec000       __guard_fids__             0000000180000000     vcruntime:softmemtag.obj
 0000:fffde000       .debug$S                   0000000180000000     vcruntime:VCRUNTIME140.dll
 0000:fffde000       .debug$S                   0000000180000000     vcruntime:VCRUNTIME140.dll
 0000:fffde000       .debug$S                   0000000180000000     vcruntime:VCRUNTIME140.dll
 0000:fffde000       .debug$S                   0000000180000000     vcruntime:VCRUNTIME140.dll
 0000:fffde000       .debug$S                   0000000180000000     vcruntime:VCRUNTIME140.dll
 0000:fffde000       .debug$S                   0000000180000000     vcruntime:VCRUNTIME140.dll
 0000:fffde000       .debug$S                   0000000180000000     vcruntime:VCRUNTIME140.dll
 0000:fffde000       .debug$S                   0000000180000000     vcruntime:VCRUNTIME140.dll
 0001:000002f0       adler32_combine_           00000001800012f0 f   adler32.obj
 0001:00000520       byte_swap                  0000000180001520 f   crc32.obj
 0001:00000530       multmodp                   0000000180001530 f   crc32.obj
 0001:00000570       x2nmodp                    0000000180001570 f   crc32.obj
 0001:000005d0       crc_word                   00000001800015d0 f   crc32.obj
 0001:00000610       crc_word_big               0000000180001610 f   crc32.obj
 0001:00000aa0       slide_hash                 0000000180001aa0 f   deflate.obj
 0001:00000df0       deflateStateCheck          0000000180001df0 f   deflate.obj
 0001:00001600       putShortMSB                0000000180002600 f   deflate.obj
 0001:00001630       flush_pending              0000000180002630 f   deflate.obj
 0001:000022b0       read_buf                   00000001800032b0 f   deflate.obj
 0001:00002350       lm_init                    0000000180003350 f   deflate.obj
 0001:00002400       longest_match              0000000180003400 f   deflate.obj
 0001:000025c0       fill_window                00000001800035c0 f   deflate.obj
 0001:00002800       deflate_stored             0000000180003800 f   deflate.obj
 0001:00002c40       deflate_fast               0000000180003c40 f   deflate.obj
 0001:000030a0       deflate_slow               00000001800040a0 f   deflate.obj
 0001:00003610       deflate_rle                0000000180004610 f   deflate.obj
 0001:00003960       deflate_huff               0000000180004960 f   deflate.obj
 0001:00003c50       gz_reset                   0000000180004c50 f   gzlib.obj
 0001:00003ca0       gz_open                    0000000180004ca0 f   gzlib.obj
 0001:00003f50       $LN55                      0000000180004f50     gzlib.obj
 0001:00003f7c       $LN54                      0000000180004f7c     gzlib.obj
 0001:00004540       gz_load                    0000000180005540 f   gzread.obj
 0001:000045f0       gz_avail                   00000001800055f0 f   gzread.obj
 0001:00004680       gz_look                    0000000180005680 f   gzread.obj
 0001:00004840       gz_decomp                  0000000180005840 f   gzread.obj
 0001:00004960       gz_fetch                   0000000180005960 f   gzread.obj
 0001:00004a10       gz_skip                    0000000180005a10 f   gzread.obj
 0001:00004a90       gz_read                    0000000180005a90 f   gzread.obj
 0001:000050d0       gz_init                    00000001800060d0 f   gzwrite.obj
 0001:000051f0       gz_comp                    00000001800061f0 f   gzwrite.obj
 0001:000053b0       gz_zero                    00000001800063b0 f   gzwrite.obj
 0001:00005460       gz_write                   0000000180006460 f   gzwrite.obj
 0001:00005cb0       fixedtables                0000000180006cb0 f   infback.obj
 0001:00006b54       $LN481                     0000000180007b54     infback.obj
 0001:000070f0       inflateStateCheck          00000001800080f0 f   inflate.obj
 0001:00007410       fixedtables                0000000180008410 f   inflate.obj
 0001:00007440       updatewindow               0000000180008440 f   inflate.obj
 0001:00008cec       $LN820                     0000000180009cec     inflate.obj
 0001:00008f60       syncsearch                 0000000180009f60 f   inflate.obj
 0001:00009ad0       fopen_file_func            000000018000aad0 f   ioapi.obj
 0001:00009b20       fopen64_file_func          000000018000ab20 f   ioapi.obj
 0001:00009b70       fread_file_func            000000018000ab70 f   ioapi.obj
 0001:00009b90       fwrite_file_func           000000018000ab90 f   ioapi.obj
 0001:00009bb0       ftell_file_func            000000018000abb0 f   ioapi.obj
 0001:00009bc0       ftell64_file_func          000000018000abc0 f   ioapi.obj
 0001:00009bd0       fseek_file_func            000000018000abd0 f   ioapi.obj
 0001:00009c30       fseek64_file_func          000000018000ac30 f   ioapi.obj
 0001:00009c90       fclose_file_func           000000018000ac90 f   ioapi.obj
 0001:00009ca0       ferror_file_func           000000018000aca0 f   ioapi.obj
 0001:00009d10       win32_translate_open_mode  000000018000ad10 f   iowin32.obj
 0001:00009d70       win32_build_iowin          000000018000ad70 f   iowin32.obj
 0001:0000a0c0       MySetFilePointerEx         000000018000b0c0 f   iowin32.obj
 0001:0000a4c0       tr_static_init             000000018000b4c0 f   trees.obj
 0001:0000a540       init_block                 000000018000b540 f   trees.obj
 0001:0000a710       pqdownheap                 000000018000b710 f   trees.obj
 0001:0000a800       gen_bitlen                 000000018000b800 f   trees.obj
 0001:0000aa10       gen_codes                  000000018000ba10 f   trees.obj
 0001:0000ab30       build_tree                 000000018000bb30 f   trees.obj
 0001:0000ad70       scan_tree                  000000018000bd70 f   trees.obj
 0001:0000ae80       send_tree                  000000018000be80 f   trees.obj
 0001:0000b3f0       build_bl_tree              000000018000c3f0 f   trees.obj
 0001:0000b4c0       send_all_trees             000000018000c4c0 f   trees.obj
 0001:0000bba0       compress_block             000000018000cba0 f   trees.obj
 0001:0000c000       detect_data_type           000000018000d000 f   trees.obj
 0001:0000c080       bi_reverse                 000000018000d080 f   trees.obj
 0001:0000c0a0       bi_flush                   000000018000d0a0 f   trees.obj
 0001:0000c120       bi_windup                  000000018000d120 f   trees.obj
 0001:0000c300       unz64local_getByte         000000018000d300 f   unzip.obj
 0001:0000c370       unz64local_getShort        000000018000d370 f   unzip.obj
 0001:0000c3f0       unz64local_getLong         000000018000d3f0 f   unzip.obj
 0001:0000c4c0       unz64local_getLong64       000000018000d4c0 f   unzip.obj
 0001:0000c640       strcmpcasenosensitive_internal 000000018000d640 f   unzip.obj
 0001:0000c6f0       unz64local_SearchCentralDir 000000018000d6f0 f   unzip.obj
 0001:0000c860       unz64local_SearchCentralDir64 000000018000d860 f   unzip.obj
 0001:0000ca80       unzOpenInternal            000000018000da80 f   unzip.obj
 0001:0000d040       unz64local_DosDateToTmuDate 000000018000e040 f   unzip.obj
 0001:0000d0a0       unz64local_GetCurrentFileInfoInternal 000000018000e0a0 f   unzip.obj
 0001:0000dbd0       unz64local_CheckCurrentFileCoherencyHeader 000000018000ebd0 f   unzip.obj
 0001:0000e6a0       time                       000000018000f6a0 f   zip.obj
 0001:0000e6b0       decrypt_byte               000000018000f6b0 f   zip.obj
 0001:0000e6d0       update_keys                000000018000f6d0 f   zip.obj
 0001:0000e720       init_keys                  000000018000f720 f   zip.obj
 0001:0000e790       crypthead                  000000018000f790 f   zip.obj
 0001:0000e8e0       allocate_new_datablock     000000018000f8e0 f   zip.obj
 0001:0000e910       free_datablock             000000018000f910 f   zip.obj
 0001:0000e940       init_linkedlist            000000018000f940 f   zip.obj
 0001:0000e950       free_linkedlist            000000018000f950 f   zip.obj
 0001:0000e970       add_data_in_datablock      000000018000f970 f   zip.obj
 0001:0000ea50       zip64local_putValue        000000018000fa50 f   zip.obj
 0001:0000ead0       zip64local_putValue_inmemory 000000018000fad0 f   zip.obj
 0001:0000eb10       zip64local_TmzDateToDosDate 000000018000fb10 f   zip.obj
 0001:0000eb60       zip64local_getByte         000000018000fb60 f   zip.obj
 0001:0000ebd0       zip64local_getShort        000000018000fbd0 f   zip.obj
 0001:0000ec50       zip64local_getLong         000000018000fc50 f   zip.obj
 0001:0000ed20       zip64local_getLong64       000000018000fd20 f   zip.obj
 0001:0000eea0       zip64local_SearchCentralDir 000000018000fea0 f   zip.obj
 0001:0000f010       zip64local_SearchCentralDir64 0000000180010010 f   zip.obj
 0001:0000f230       LoadCentralDirectoryRecord 0000000180010230 f   zip.obj
 0001:0000f860       Write_LocalFileHeader      0000000180010860 f   zip.obj
 0001:00010420       zip64FlushWriteBuffer      0000000180011420 f   zip.obj
 0001:00010b20       Write_Zip64EndOfCentralDirectoryLocator 0000000180011b20 f   zip.obj
 0001:00010ba0       Write_Zip64EndOfCentralDirectoryRecord 0000000180011ba0 f   zip.obj
 0001:00010cd0       Write_EndOfCentralDirectoryRecord 0000000180011cd0 f   zip.obj
 0001:00010e00       Write_GlobalComment        0000000180011e00 f   zip.obj
 0001:00011084       ?dllmain_crt_dispatch@@YAHQEAUHINSTANCE__@@KQEAX@Z 0000000180012084 f   MSVCRT:dll_dllmain.obj
 0001:000110d4       ?dllmain_crt_process_attach@@YAHQEAUHINSTANCE__@@QEAX@Z 00000001800120d4 f   MSVCRT:dll_dllmain.obj
 0001:000111ec       ?dllmain_crt_process_detach@@YAH_N@Z 00000001800121ec f   MSVCRT:dll_dllmain.obj
 0001:00011270       ?dllmain_dispatch@@YAHQEAUHINSTANCE__@@KQEAX@Z 0000000180012270 f   MSVCRT:dll_dllmain.obj
 0001:000113a4       ?dllmain_raw@@YAHQEAUHINSTANCE__@@KQEAX@Z 00000001800123a4 f   MSVCRT:dll_dllmain.obj
 0001:00011408       __get_entropy              0000000180012408 f   MSVCRT:gs_support.obj
 0001:00011598       ?find_pe_section@@YAPEAU_IMAGE_SECTION_HEADER@@QEAE_K@Z 0000000180012598 f   MSVCRT:utility.obj
 0001:000115ec       ?is_potentially_valid_image_base@@YA_NQEAX@Z 00000001800125ec f   MSVCRT:utility.obj
 0001:00011d34       __castguard_check_failure_os_handled_wrapper 0000000180012d34 f   MSVCRT:guard_support.obj
 0001:00011d54       __castguard_compat_check   0000000180012d54 f   MSVCRT:guard_support.obj
 0001:00011e3c       __castguard_slow_path_compat_check 0000000180012e3c f   MSVCRT:guard_support.obj
 0001:000121b0       $$000000                   00000001800131b0     MSVCRT:chkstk.obj
 0001:00012220       $$000000                   0000000180013220     MSVCRT:guard_dispatch.obj
 0001:00012240       $$000000                   0000000180013240     MSVCRT:guard_xfg_dispatch.obj
 0001:00012256       ?fin$0@?0??dllmain_crt_process_attach@@YAHQEAUHINSTANCE__@@QEAX@Z@4HA 0000000180013256 f   MSVCRT:dll_dllmain.obj
 0001:0001226d       ?fin$0@?0??dllmain_crt_process_detach@@YAH_N@Z@4HA 000000018001326d f   MSVCRT:dll_dllmain.obj
 0001:00012286       ?fin$1@?0??dllmain_crt_process_detach@@YAH_N@Z@4HA 0000000180013286 f   MSVCRT:dll_dllmain.obj
 0001:0001229a       ?filt$0@?0??dllmain_dispatch@@YAHQEAUHINSTANCE__@@KQEAX@Z@4HA 000000018001329a f   MSVCRT:dll_dllmain.obj
 0001:000122d0       __scrt_is_nonwritable_in_current_image$filt$0 00000001800132d0 f   MSVCRT:utility.obj
 0002:00000300       crc_table                  0000000180014300     crc32.obj
 0002:00000700       crc_big_table              0000000180014700     crc32.obj
 0002:00000b00       crc_braid_table            0000000180014b00     crc32.obj
 0002:00001b00       crc_braid_big_table        0000000180015b00     crc32.obj
 0002:00002b00       x2n_table                  0000000180016b00     crc32.obj
 0002:00002b80       ?my_version@?1??deflateInit2_@@9@9 0000000180016b80     deflate.obj
 0002:00002b90       configuration_table        0000000180016b90     deflate.obj
 0002:00002c30       ?lenfix@?1??fixedtables@@9@9 0000000180016c30     infback.obj
 0002:00003430       ?distfix@?1??fixedtables@@9@9 0000000180017430     infback.obj
 0002:000034b0       ?order@?1??inflateBack@@9@9 00000001800174b0     infback.obj
 0002:000034e0       ?lenfix@?1??fixedtables@@9@9 00000001800174e0     inflate.obj
 0002:00003ce0       ?distfix@?1??fixedtables@@9@9 0000000180017ce0     inflate.obj
 0002:00003d60       ?order@?1??inflate@@9@9    0000000180017d60     inflate.obj
 0002:00003d90       ?dext@?1??inflate_table@@9@9 0000000180017d90     inftrees.obj
 0002:00003dd0       ?lext@?1??inflate_table@@9@9 0000000180017dd0     inftrees.obj
 0002:00003e10       ?lbase@?1??inflate_table@@9@9 0000000180017e10     inftrees.obj
 0002:00003e50       ?dbase@?1??inflate_table@@9@9 0000000180017e50     inftrees.obj
 0002:00004190       static_dtree               0000000180018190     trees.obj
 0002:00004210       extra_blbits               0000000180018210     trees.obj
 0002:00004260       extra_lbits                0000000180018260     trees.obj
 0002:000042e0       base_dist                  00000001800182e0     trees.obj
 0002:00004360       base_length                0000000180018360     trees.obj
 0002:000043d8       static_l_desc              00000001800183d8     trees.obj
 0002:000043f8       static_bl_desc             00000001800183f8     trees.obj
 0002:00004420       extra_dbits                0000000180018420     trees.obj
 0002:000044a0       static_ltree               00000001800184a0     trees.obj
 0002:00004920       static_d_desc              0000000180018920     trees.obj
 0002:00004940       bl_order                   0000000180018940     trees.obj
 0002:000054f8       $unwind$adler32_combine_   00000001800194f8     adler32.obj
 0002:00005500       $unwind$compress2          0000000180019500     compress.obj
 0002:00005518       $unwind$compress           0000000180019518     compress.obj
 0002:00005520       $unwind$x2nmodp            0000000180019520     crc32.obj
 0002:00005528       $chain$0$x2nmodp           0000000180019528     crc32.obj
 0002:0000553c       $chain$1$x2nmodp           000000018001953c     crc32.obj
 0002:0000554c       $unwind$crc32_z            000000018001954c     crc32.obj
 0002:00005558       $chain$3$crc32_z           0000000180019558     crc32.obj
 0002:00005578       $chain$5$crc32_z           0000000180019578     crc32.obj
 0002:00005590       $chain$6$crc32_z           0000000180019590     crc32.obj
 0002:000055a0       $chain$7$crc32_z           00000001800195a0     crc32.obj
 0002:000055b0       $unwind$crc32_combine64    00000001800195b0     crc32.obj
 0002:000055bc       $unwind$crc32_combine_op   00000001800195bc     crc32.obj
 0002:000055c4       $unwind$slide_hash         00000001800195c4     deflate.obj
 0002:000055cc       $unwind$deflateInit_       00000001800195cc     deflate.obj
 0002:000055d4       $unwind$deflateInit2_      00000001800195d4     deflate.obj
 0002:000055e8       $chain$0$deflateInit2_     00000001800195e8     deflate.obj
 0002:000055fc       $chain$1$deflateInit2_     00000001800195fc     deflate.obj
 0002:00005610       $chain$2$deflateInit2_     0000000180019610     deflate.obj
 0002:00005620       $chain$4$deflateInit2_     0000000180019620     deflate.obj
 0002:00005638       $chain$5$deflateInit2_     0000000180019638     deflate.obj
 0002:0000564c       $chain$6$deflateInit2_     000000018001964c     deflate.obj
 0002:0000565c       $unwind$deflateSetDictionary 000000018001965c     deflate.obj
 0002:0000566c       $chain$2$deflateSetDictionary 000000018001966c     deflate.obj
 0002:00005688       $chain$3$deflateSetDictionary 0000000180019688     deflate.obj
 0002:00005698       $unwind$deflateGetDictionary 0000000180019698     deflate.obj
 0002:000056a4       $unwind$deflateResetKeep   00000001800196a4     deflate.obj
 0002:000056b0       $unwind$deflateReset       00000001800196b0     deflate.obj
 0002:000056bc       $unwind$deflateSetHeader   00000001800196bc     deflate.obj
 0002:000056c4       $unwind$deflatePending     00000001800196c4     deflate.obj
 0002:000056cc       $unwind$deflatePrime       00000001800196cc     deflate.obj
 0002:000056d8       $unwind$deflateParams      00000001800196d8     deflate.obj
 0002:000056f4       $unwind$deflateTune        00000001800196f4     deflate.obj
 0002:000056fc       $unwind$deflateBound       00000001800196fc     deflate.obj
 0002:00005704       $unwind$flush_pending      0000000180019704     deflate.obj
 0002:00005714       $chain$0$flush_pending     0000000180019714     deflate.obj
 0002:00005728       $chain$1$flush_pending     0000000180019728     deflate.obj
 0002:00005738       $unwind$deflate            0000000180019738     deflate.obj
 0002:00005744       $chain$5$deflate           0000000180019744     deflate.obj
 0002:0000576c       $chain$7$deflate           000000018001976c     deflate.obj
 0002:00005794       $chain$8$deflate           0000000180019794     deflate.obj
 0002:000057a8       $chain$9$deflate           00000001800197a8     deflate.obj
 0002:000057b8       $unwind$deflateEnd         00000001800197b8     deflate.obj
 0002:000057cc       $unwind$deflateCopy        00000001800197cc     deflate.obj
 0002:000057d4       $chain$1$deflateCopy       00000001800197d4     deflate.obj
 0002:000057ec       $chain$3$deflateCopy       00000001800197ec     deflate.obj
 0002:00005804       $chain$4$deflateCopy       0000000180019804     deflate.obj
 0002:00005814       $unwind$read_buf           0000000180019814     deflate.obj
 0002:00005828       $unwind$lm_init            0000000180019828     deflate.obj
 0002:00005834       $unwind$longest_match      0000000180019834     deflate.obj
 0002:00005850       $unwind$fill_window        0000000180019850     deflate.obj
 0002:00005860       $unwind$deflate_stored     0000000180019860     deflate.obj
 0002:00005870       $chain$0$deflate_stored    0000000180019870     deflate.obj
 0002:00005884       $chain$2$deflate_stored    0000000180019884     deflate.obj
 0002:0000589c       $chain$3$deflate_stored    000000018001989c     deflate.obj
 0002:000058b0       $chain$4$deflate_stored    00000001800198b0     deflate.obj
 0002:000058c4       $unwind$deflate_fast       00000001800198c4     deflate.obj
 0002:000058e0       $unwind$deflate_slow       00000001800198e0     deflate.obj
 0002:000058fc       $unwind$deflate_rle        00000001800198fc     deflate.obj
 0002:00005918       $unwind$deflate_huff       0000000180019918     deflate.obj
 0002:00005928       $unwind$vsnprintf          0000000180019928     gzlib.obj
 0002:0000593c       $unwind$snprintf           000000018001993c     gzlib.obj
 0002:0000594c       $unwind$gz_reset           000000018001994c     gzlib.obj
 0002:00005958       $unwind$gz_open            0000000180019958     gzlib.obj
 0002:00005970       $chain$0$gz_open           0000000180019970     gzlib.obj
 0002:00005984       $chain$1$gz_open           0000000180019984     gzlib.obj
 0002:00005994       $chain$2$gz_open           0000000180019994     gzlib.obj
 0002:000059a8       $chain$3$gz_open           00000001800199a8     gzlib.obj
 0002:000059b8       $unwind$gzdopen            00000001800199b8     gzlib.obj
 0002:000059c8       $unwind$gzrewind           00000001800199c8     gzlib.obj
 0002:000059d0       $unwind$gzseek64           00000001800199d0     gzlib.obj
 0002:000059e4       $unwind$gzseek             00000001800199e4     gzlib.obj
 0002:000059ec       $unwind$gztell             00000001800199ec     gzlib.obj
 0002:000059f4       $unwind$gzoffset64         00000001800199f4     gzlib.obj
 0002:000059fc       $unwind$gzoffset           00000001800199fc     gzlib.obj
 0002:00005a04       $unwind$gz_error           0000000180019a04     gzlib.obj
 0002:00005a18       $unwind$gz_load            0000000180019a18     gzread.obj
 0002:00005a30       $unwind$gz_avail           0000000180019a30     gzread.obj
 0002:00005a38       $unwind$gz_look            0000000180019a38     gzread.obj
 0002:00005a48       $unwind$gz_decomp          0000000180019a48     gzread.obj
 0002:00005a5c       $unwind$gz_fetch           0000000180019a5c     gzread.obj
 0002:00005a64       $unwind$gz_skip            0000000180019a64     gzread.obj
 0002:00005a70       $unwind$gz_read            0000000180019a70     gzread.obj
 0002:00005a8c       $unwind$gzread             0000000180019a8c     gzread.obj
 0002:00005a94       $unwind$gzfread            0000000180019a94     gzread.obj
 0002:00005a9c       $unwind$gzgetc             0000000180019a9c     gzread.obj
 0002:00005aa4       $unwind$gzungetc           0000000180019aa4     gzread.obj
 0002:00005ab0       $unwind$gzgets             0000000180019ab0     gzread.obj
 0002:00005acc       $unwind$gzdirect           0000000180019acc     gzread.obj
 0002:00005ad4       $unwind$gzclose_r          0000000180019ad4     gzread.obj
 0002:00005adc       $chain$1$gzclose_r         0000000180019adc     gzread.obj
 0002:00005af4       $chain$2$gzclose_r         0000000180019af4     gzread.obj
 0002:00005b04       $unwind$gz_init            0000000180019b04     gzwrite.obj
 0002:00005b18       $unwind$gz_comp            0000000180019b18     gzwrite.obj
 0002:00005b30       $unwind$gz_zero            0000000180019b30     gzwrite.obj
 0002:00005b44       $unwind$gz_write           0000000180019b44     gzwrite.obj
 0002:00005b5c       $unwind$gzwrite            0000000180019b5c     gzwrite.obj
 0002:00005b64       $unwind$gzfwrite           0000000180019b64     gzwrite.obj
 0002:00005b6c       $unwind$gzputc             0000000180019b6c     gzwrite.obj
 0002:00005b78       $unwind$gzputs             0000000180019b78     gzwrite.obj
 0002:00005b80       $chain$0$gzputs            0000000180019b80     gzwrite.obj
 0002:00005b94       $chain$2$gzputs            0000000180019b94     gzwrite.obj
 0002:00005ba8       $chain$3$gzputs            0000000180019ba8     gzwrite.obj
 0002:00005bb8       $unwind$gzvprintf          0000000180019bb8     gzwrite.obj
 0002:00005bc8       $chain$1$gzvprintf         0000000180019bc8     gzwrite.obj
 0002:00005be0       $chain$3$gzvprintf         0000000180019be0     gzwrite.obj
 0002:00005bf8       $chain$4$gzvprintf         0000000180019bf8     gzwrite.obj
 0002:00005c08       $unwind$gzprintf           0000000180019c08     gzwrite.obj
 0002:00005c10       $unwind$gzflush            0000000180019c10     gzwrite.obj
 0002:00005c1c       $unwind$gzsetparams        0000000180019c1c     gzwrite.obj
 0002:00005c30       $unwind$gzclose_w          0000000180019c30     gzwrite.obj
 0002:00005c3c       $unwind$inflateBackInit_   0000000180019c3c     infback.obj
 0002:00005c4c       $chain$0$inflateBackInit_  0000000180019c4c     infback.obj
 0002:00005c60       $chain$2$inflateBackInit_  0000000180019c60     infback.obj
[...]
 0002:0000689c       $unwind$zipOpenNewFileInZip3_64 000000018001a89c     zip.obj
 0002:000068a4       $unwind$zipOpenNewFileInZip2 000000018001a8a4     zip.obj
 0002:000068ac       $unwind$zipOpenNewFileInZip2_64 000000018001a8ac     zip.obj
 0002:000068b4       $unwind$zipOpenNewFileInZip64 000000018001a8b4     zip.obj
 0002:000068bc       $unwind$zipOpenNewFileInZip 000000018001a8bc     zip.obj
 0002:000068c4       $unwind$zip64FlushWriteBuffer 000000018001a8c4     zip.obj
 0002:000068d0       $chain$0$zip64FlushWriteBuffer 000000018001a8d0     zip.obj
 0002:000068e4       $chain$2$zip64FlushWriteBuffer 000000018001a8e4     zip.obj
 0002:000068fc       $chain$3$zip64FlushWriteBuffer 000000018001a8fc     zip.obj
 0002:0000690c       $chain$4$zip64FlushWriteBuffer 000000018001a90c     zip.obj
 0002:0000691c       $unwind$zipWriteInFileInZip 000000018001a91c     zip.obj
 0002:0000692c       $chain$1$zipWriteInFileInZip 000000018001a92c     zip.obj
 0002:00006944       $chain$3$zipWriteInFileInZip 000000018001a944     zip.obj
 0002:0000695c       $chain$4$zipWriteInFileInZip 000000018001a95c     zip.obj
 0002:0000696c       $unwind$zipCloseFileInZipRaw64 000000018001a96c     zip.obj
 0002:0000697c       $chain$2$zipCloseFileInZipRaw64 000000018001a97c     zip.obj
 0002:00006998       $chain$4$zipCloseFileInZipRaw64 000000018001a998     zip.obj
 0002:000069b4       $chain$5$zipCloseFileInZipRaw64 000000018001a9b4     zip.obj
 0002:000069c4       $unwind$Write_Zip64EndOfCentralDirectoryLocator 000000018001a9c4     zip.obj
 0002:000069d0       $unwind$Write_Zip64EndOfCentralDirectoryRecord 000000018001a9d0     zip.obj
 0002:000069e0       $unwind$Write_EndOfCentralDirectoryRecord 000000018001a9e0     zip.obj
 0002:000069ec       $chain$0$Write_EndOfCentralDirectoryRecord 000000018001a9ec     zip.obj
 0002:00006a00       $chain$2$Write_EndOfCentralDirectoryRecord 000000018001aa00     zip.obj
 0002:00006a18       $chain$3$Write_EndOfCentralDirectoryRecord 000000018001aa18     zip.obj
 0002:00006a28       $chain$4$Write_EndOfCentralDirectoryRecord 000000018001aa28     zip.obj
 0002:00006a38       $unwind$Write_GlobalComment 000000018001aa38     zip.obj
 0002:00006a50       $unwind$zipClose           000000018001aa50     zip.obj
 0002:00006a60       $chain$0$zipClose          000000018001aa60     zip.obj
 0002:00006a74       $chain$1$zipClose          000000018001aa74     zip.obj
 0002:00006a88       $chain$2$zipClose          000000018001aa88     zip.obj
 0002:00006a9c       $chain$3$zipClose          000000018001aa9c     zip.obj
 0002:00006aac       $chain$4$zipClose          000000018001aaac     zip.obj
 0002:00006abc       $chain$5$zipClose          000000018001aabc     zip.obj
 0002:00006acc       $unwind$?dllmain_crt_process_attach@@YAHQEAUHINSTANCE__@@QEAX@Z 000000018001aacc     MSVCRT:dll_dllmain.obj
 0002:00006b08       $unwind$?fin$0@?0??dllmain_crt_process_attach@@YAHQEAUHINSTANCE__@@QEAX@Z@4HA 000000018001ab08     MSVCRT:dll_dllmain.obj
 0002:00006b10       $unwind$?dllmain_crt_process_detach@@YAH_N@Z 000000018001ab10     MSVCRT:dll_dllmain.obj
 0002:00006b64       $unwind$?fin$0@?0??dllmain_crt_process_detach@@YAH_N@Z@4HA 000000018001ab64     MSVCRT:dll_dllmain.obj
 0002:00006b6c       $unwind$?fin$1@?0??dllmain_crt_process_detach@@YAH_N@Z@4HA 000000018001ab6c     MSVCRT:dll_dllmain.obj
 0002:00006b74       $unwind$?dllmain_crt_dispatch@@YAHQEAUHINSTANCE__@@KQEAX@Z 000000018001ab74     MSVCRT:dll_dllmain.obj
 0002:00006b7c       $unwind$?dllmain_dispatch@@YAHQEAUHINSTANCE__@@KQEAX@Z 000000018001ab7c     MSVCRT:dll_dllmain.obj
 0002:00006ba4       $unwind$?filt$0@?0??dllmain_dispatch@@YAHQEAUHINSTANCE__@@KQEAX@Z@4HA 000000018001aba4     MSVCRT:dll_dllmain.obj
 0002:00006bac       $unwind$_DllMainCRTStartup 000000018001abac     MSVCRT:dll_dllmain.obj
 0002:00006bbc       $unwind$__security_init_cookie 000000018001abbc     MSVCRT:gs_support.obj
 0002:00006bc8       $unwind$__get_entropy      000000018001abc8     MSVCRT:gs_support.obj
 0002:00006bd0       $unwind$DllMain            000000018001abd0     MSVCRT:dll_dllmain_stub.obj
 0002:00006bd8       $unwind$__scrt_initialize_default_local_stdio_options 000000018001abd8     MSVCRT:default_local_stdio_options.obj
 0002:00006be0       $unwind$atexit             000000018001abe0     MSVCRT:utility.obj
 0002:00006be8       $unwind$_onexit            000000018001abe8     MSVCRT:utility.obj
 0002:00006bf0       $unwind$__scrt_is_nonwritable_in_current_image 000000018001abf0     MSVCRT:utility.obj
 0002:00006c10       $unwind$__scrt_is_nonwritable_in_current_image$filt$0 000000018001ac10     MSVCRT:utility.obj
 0002:00006c18       $unwind$__scrt_acquire_startup_lock 000000018001ac18     MSVCRT:utility.obj
 0002:00006c20       $unwind$__scrt_release_startup_lock 000000018001ac20     MSVCRT:utility.obj
 0002:00006c28       $unwind$__scrt_initialize_crt 000000018001ac28     MSVCRT:utility.obj
 0002:00006c30       $unwind$__scrt_uninitialize_crt 000000018001ac30     MSVCRT:utility.obj
 0002:00006c38       $unwind$__scrt_initialize_onexit_tables 000000018001ac38     MSVCRT:utility.obj
 0002:00006c40       $unwind$__scrt_dllmain_exception_filter 000000018001ac40     MSVCRT:utility.obj
 0002:00006c54       $unwind$__scrt_dllmain_before_initialize_c 000000018001ac54     MSVCRT:utility.obj
 0002:00006c5c       $unwind$__scrt_dllmain_after_initialize_c 000000018001ac5c     MSVCRT:utility.obj
 0002:00006c64       $unwind$__scrt_dllmain_uninitialize_c 000000018001ac64     MSVCRT:utility.obj
 0002:00006c6c       $unwind$__scrt_dllmain_uninitialize_critical 000000018001ac6c     MSVCRT:utility.obj
 0002:00006c74       $unwind$__scrt_dllmain_crt_thread_attach 000000018001ac74     MSVCRT:utility.obj
 0002:00006c7c       $unwind$__scrt_dllmain_crt_thread_detach 000000018001ac7c     MSVCRT:utility.obj
 0002:00006c84       $unwind$?configure_argv@__scrt_narrow_argv_policy@@SAHXZ 000000018001ac84     MSVCRT:utility.obj
 0002:00006c8c       $unwind$__scrt_get_show_window_mode 000000018001ac8c     MSVCRT:utility_desktop.obj
 0002:00006c94       $unwind$__scrt_is_managed_app 000000018001ac94     MSVCRT:utility_desktop.obj
 0002:00006c9c       $unwind$__scrt_fastfail    000000018001ac9c     MSVCRT:utility_desktop.obj
 0002:00006cac       $unwind$__scrt_unhandled_exception_filter 000000018001acac     MSVCRT:utility_desktop.obj
 0002:00006cb8       $unwind$_RTC_Initialize    000000018001acb8     MSVCRT:initsect.obj
 0002:00006cc4       $unwind$_RTC_Terminate     000000018001acc4     MSVCRT:initsect.obj
 0002:00006cd0       $unwind$__castguard_check_failure_os_handled_wrapper 000000018001acd0     MSVCRT:guard_support.obj
 0002:00006cd8       $unwind$__castguard_check_failure_os_handled 000000018001acd8     MSVCRT:guard_support.obj
 0002:00006ce0       $unwind$__castguard_slow_path_check_os_handled 000000018001ace0     MSVCRT:guard_support.obj
 0002:00006ce8       $unwind$__isa_available_init 000000018001ace8     MSVCRT:cpu_disp.obj
 0002:00006cf8       $xdatasym                  000000018001acf8     MSVCRT:guard_dispatch.obj
 0002:00006d00       $xdatasym                  000000018001ad00     MSVCRT:guard_xfg_dispatch.obj
 0002:00006d08       $xdatasym                  000000018001ad08     MSVCRT:chkstk.obj
 0002:00006d10       .edata                     000000018001ad10     zlibwapi.exp
 0002:00006d38       rgpv                       000000018001ad38     zlibwapi.exp
 0002:00007000       rgszName                   000000018001b000     zlibwapi.exp
 0002:00007210       rgwOrd                     000000018001b210     zlibwapi.exp
 0002:00007318       szName                     000000018001b318     zlibwapi.exp
 0002:00007325       $N00001                    000000018001b325     zlibwapi.exp
 0002:0000732d       $N00140                    000000018001b32d     zlibwapi.exp
 0002:0000733d       $N00174                    000000018001b33d     zlibwapi.exp
 0002:00007347       $N00002                    000000018001b347     zlibwapi.exp
 0002:00007350       $N00039                    000000018001b350     zlibwapi.exp
 0002:0000735a       $N00046                    000000018001b35a     zlibwapi.exp
 0002:00007368       $N00003                    000000018001b368     zlibwapi.exp
 0002:0000736e       $N00142                    000000018001b36e     zlibwapi.exp
 0002:0000737c       $N00176                    000000018001b37c     zlibwapi.exp
 0002:0000738e       $N00177                    000000018001b38e     zlibwapi.exp
 0002:000073a2       $N00178                    000000018001b3a2     zlibwapi.exp
 0002:000073b3       $N00175                    000000018001b3b3     zlibwapi.exp
 0002:000073bb       $N00004                    000000018001b3bb     zlibwapi.exp
 0002:000073c3       $N00047                    000000018001b3c3     zlibwapi.exp
 0002:000073d0       $N00005                    000000018001b3d0     zlibwapi.exp
 0002:000073dc       $N00006                    000000018001b3dc     zlibwapi.exp
 0002:000073e7       $N00173                    000000018001b3e7     zlibwapi.exp
 0002:000073fc       $N00007                    000000018001b3fc     zlibwapi.exp
 0002:0000740a       $N00008                    000000018001b40a     zlibwapi.exp
 0002:00007417       $N00009                    000000018001b417     zlibwapi.exp
 0002:00007425       $N00052                    000000018001b425     zlibwapi.exp
 0002:00007434       $N00051                    000000018001b434     zlibwapi.exp
 0002:00007441       $N00010                    000000018001b441     zlibwapi.exp
 0002:0000744e       $N00164                    000000018001b44e     zlibwapi.exp
 0002:0000745f       $N00011                    000000018001b45f     zlibwapi.exp
 0002:00007474       $N00144                    000000018001b474     zlibwapi.exp
 0002:00007485       $N00145                    000000018001b485     zlibwapi.exp
 0002:00007491       $N00110                    000000018001b491     zlibwapi.exp
 0002:000074a5       $N00111                    000000018001b4a5     zlibwapi.exp
 0002:000074bb       $N00112                    000000018001b4bb     zlibwapi.exp
 0002:000074d2       $N00113                    000000018001b4d2     zlibwapi.exp
 0002:000074e9       $N00038                    000000018001b4e9     zlibwapi.exp
 0002:000074f7       $N00146                    000000018001b4f7     zlibwapi.exp
 0002:00007500       $N00048                    000000018001b500     zlibwapi.exp
 0002:0000750b       $N00012                    000000018001b50b     zlibwapi.exp
 0002:00007513       $N00147                    000000018001b513     zlibwapi.exp
 0002:0000751d       $N00148                    000000018001b51d     zlibwapi.exp
 0002:00007527       $N00149                    000000018001b527     zlibwapi.exp
 0002:00007530       $N00013                    000000018001b530     zlibwapi.exp
 0002:00007538       $N00034                    000000018001b538     zlibwapi.exp
 0002:0000753e       $N00014                    000000018001b53e     zlibwapi.exp
 0002:00007546       $N00015                    000000018001b546     zlibwapi.exp
 0002:0000754e       $N00171                    000000018001b54e     zlibwapi.exp
 0002:00007556       $N00172                    000000018001b556     zlibwapi.exp
 0002:0000755f       $N00030                    000000018001b55f     zlibwapi.exp
 0002:00007566       $N00161                    000000018001b566     zlibwapi.exp
 0002:0000756e       $N00041                    000000018001b56e     zlibwapi.exp
 0002:00007575       $N00150                    000000018001b575     zlibwapi.exp
 0002:0000757e       $N00016                    000000018001b57e     zlibwapi.exp
 0002:00007585       $N00165                    000000018001b585     zlibwapi.exp
 0002:0000758e       $N00028                    000000018001b58e     zlibwapi.exp
 0002:00007597       $N00029                    000000018001b597     zlibwapi.exp
 0002:0000759e       $N00040                    000000018001b59e     zlibwapi.exp
 0002:000075a5       $N00017                    000000018001b5a5     zlibwapi.exp
 0002:000075ac       $N00032                    000000018001b5ac     zlibwapi.exp
 0002:000075b5       $N00031                    000000018001b5b5     zlibwapi.exp
 0002:000075bc       $N00035                    000000018001b5bc     zlibwapi.exp
 0002:000075c8       $N00033                    000000018001b5c8     zlibwapi.exp
 0002:000075cf       $N00049                    000000018001b5cf     zlibwapi.exp
 0002:000075d8       $N00167                    000000018001b5d8     zlibwapi.exp
 0002:000075e2       $N00018                    000000018001b5e2     zlibwapi.exp
 0002:000075ea       $N00019                    000000018001b5ea     zlibwapi.exp
 0002:000075f2       $N00044                    000000018001b5f2     zlibwapi.exp
 0002:000075fe       $N00045                    000000018001b5fe     zlibwapi.exp
 0002:0000760d       $N00043                    000000018001b60d     zlibwapi.exp
 0002:0000761e       $N00168                    000000018001b61e     zlibwapi.exp
 0002:0000762f       $N00042                    000000018001b62f     zlibwapi.exp
 0002:0000763b       $N00020                    000000018001b63b     zlibwapi.exp
 0002:00007646       $N00166                    000000018001b646     zlibwapi.exp
 0002:0000765b       $N00156                    000000018001b65b     zlibwapi.exp
 0002:0000766c       $N00021                    000000018001b66c     zlibwapi.exp
 0002:0000767a       $N00022                    000000018001b67a     zlibwapi.exp
 0002:00007687       $N00157                    000000018001b687     zlibwapi.exp
 0002:00007693       $N00158                    000000018001b693     zlibwapi.exp
 0002:000076a0       $N00023                    000000018001b6a0     zlibwapi.exp
 0002:000076ad       $N00159                    000000018001b6ad     zlibwapi.exp
 0002:000076bb       $N00163                    000000018001b6bb     zlibwapi.exp
 0002:000076cc       $N00024                    000000018001b6cc     zlibwapi.exp
 0002:000076e1       $N00025                    000000018001b6e1     zlibwapi.exp
 0002:000076ed       $N00037                    000000018001b6ed     zlibwapi.exp
 0002:000076fe       $N00160                    000000018001b6fe     zlibwapi.exp
 0002:0000770f       $N00169                    000000018001b70f     zlibwapi.exp
 0002:0000771f       $N00026                    000000018001b71f     zlibwapi.exp
 0002:0000772a       $N00170                    000000018001b72a     zlibwapi.exp
 0002:00007736       $N00062                    000000018001b736     zlibwapi.exp
 0002:0000773f       $N00072                    000000018001b73f     zlibwapi.exp
 0002:00007753       $N00064                    000000018001b753     zlibwapi.exp
 0002:00007769       $N00124                    000000018001b769     zlibwapi.exp
 0002:00007781       $N00125                    000000018001b781     zlibwapi.exp
 0002:0000779f       $N00100                    000000018001b79f     zlibwapi.exp
 0002:000077ad       $N00127                    000000018001b7ad     zlibwapi.exp
 0002:000077bd       $N00073                    000000018001b7bd     zlibwapi.exp
 0002:000077d1       $N00063                    000000018001b7d1     zlibwapi.exp
 0002:000077e2       $N00122                    000000018001b7e2     zlibwapi.exp
 0002:000077f5       $N00076                    000000018001b7f5     zlibwapi.exp
 0002:0000780b       $N00101                    000000018001b80b     zlibwapi.exp
 0002:0000781a       $N00128                    000000018001b81a     zlibwapi.exp
 0002:0000782b       $N00065                    000000018001b82b     zlibwapi.exp
 0002:0000783c       $N00066                    000000018001b83c     zlibwapi.exp
 0002:0000784c       $N00075                    000000018001b84c     zlibwapi.exp
 0002:0000785a       $N00061                    000000018001b85a     zlibwapi.exp
 0002:00007862       $N00077                    000000018001b862     zlibwapi.exp
 0002:0000786b       $N00121                    000000018001b86b     zlibwapi.exp
 0002:00007877       $N00120                    000000018001b877     zlibwapi.exp
 0002:00007881       $N00067                    000000018001b881     zlibwapi.exp
 0002:00007894       $N00078                    000000018001b894     zlibwapi.exp
 0002:000078a8       $N00069                    000000018001b8a8     zlibwapi.exp
 0002:000078bc       $N00079                    000000018001b8bc     zlibwapi.exp
 0002:000078d7       $N00068                    000000018001b8d7     zlibwapi.exp
 0002:000078ea       $N00074                    000000018001b8ea     zlibwapi.exp
 0002:00007903       $N00071                    000000018001b903     zlibwapi.exp
 0002:0000790a       $N00070                    000000018001b90a     zlibwapi.exp
 0002:00007912       $N00126                    000000018001b912     zlibwapi.exp
 0002:0000791c       $N00036                    000000018001b91c     zlibwapi.exp
 0002:00007923       $N00084                    000000018001b923     zlibwapi.exp
 0002:0000792c       $N00083                    000000018001b92c     zlibwapi.exp
 0002:0000793e       $N00087                    000000018001b93e     zlibwapi.exp
 0002:00007953       $N00136                    000000018001b953     zlibwapi.exp
 0002:0000796a       $N00080                    000000018001b96a     zlibwapi.exp
 0002:00007972       $N00088                    000000018001b972     zlibwapi.exp
 0002:0000797b       $N00131                    000000018001b97b     zlibwapi.exp
 0002:00007987       $N00130                    000000018001b987     zlibwapi.exp
 0002:00007991       $N00081                    000000018001b991     zlibwapi.exp
 0002:000079a5       $N00086                    000000018001b9a5     zlibwapi.exp
 0002:000079ba       $N00133                    000000018001b9ba     zlibwapi.exp
 0002:000079d2       $N00089                    000000018001b9d2     zlibwapi.exp
 0002:000079e7       $N00134                    000000018001b9e7     zlibwapi.exp
 0002:000079ff       $N00135                    000000018001b9ff     zlibwapi.exp
 0002:00007a17       $N00132                    000000018001ba17     zlibwapi.exp
 0002:00007a2d       $N00082                    000000018001ba2d     zlibwapi.exp
 0002:00007a41       $N00050                    000000018001ba41     zlibwapi.exp
 0002:00007a52       $N00027                    000000018001ba52     zlibwapi.exp
 0002:00007dcc       .idata$6                   000000018001bdcc     kernel32:KERNEL32.dll
 0002:00007e50       .idata$6                   000000018001be50     vcruntime:VCRUNTIME140.dll
 0002:0000804c       .idata$6                   000000018001c04c     ucrt:api-ms-win-crt-stdio-l1-1-0.dll
 0002:0000806c       .idata$6                   000000018001c06c     ucrt:api-ms-win-crt-convert-l1-1-0.dll
 0002:0000808e       .idata$6                   000000018001c08e     ucrt:api-ms-win-crt-heap-l1-1-0.dll
 0002:000080ae       .idata$6                   000000018001c0ae     ucrt:api-ms-win-crt-runtime-l1-1-0.dll
 0002:000080d0       .idata$6                   000000018001c0d0     ucrt:api-ms-win-crt-utility-l1-1-0.dll
 0002:000080f2       .idata$6                   000000018001c0f2     ucrt:api-ms-win-crt-time-l1-1-0.dll
 0003:00000040       ?__proc_attached@@3HA      000000018001d040     MSVCRT:dll_dllmain.obj
 0003:00000080       ?is_initialized_as_dll@@3_NA 000000018001d080     MSVCRT:utility.obj
 0003:00000081       ?module_local_atexit_table_initialized@@3_NA 000000018001d081     MSVCRT:utility.obj
 0003:00000088       ?module_local_atexit_table@@3U_onexit_table_t@@A 000000018001d088     MSVCRT:utility.obj
 0003:000000a0       ?module_local_at_quick_exit_table@@3U_onexit_table_t@@A 000000018001d0a0     MSVCRT:utility.obj
 0003:000000c0       ?calls@?1??crypthead@@9@9  000000018001d0c0     zip.obj
 0005:00000060       $R000000                   0000000180020060     zlib.res
